<html>
<body>
<pre>
<h1>µVision Build Log</h1>
<h2>Tool Versions:</h2>
IDE-Version: ¦ÌVision V5.26.2.0
Copyright (C) 2018 ARM Ltd and ARM Germany GmbH. All rights reserved.
License Information: 1 1, 1, LIC=BL28G-VHCVU-5B6EB-20IWM-QH6E9-JQ8G8
 
Tool Versions:
Toolchain:       MDK-ARM Professional  Version: 5.26.2.0
Toolchain Path:  D:\stm32\ARM\ARMCLANG\Bin
C Compiler:      ArmClang.exe V6.10.1
Assembler:       Armasm.exe V6.10.1
Linker/Locator:  ArmLink.exe V6.10.1
Library Manager: ArmAr.exe V6.10.1
Hex Converter:   FromElf.exe V6.10.1
CPU DLL:         SARMCM3.DLL V5.26.2.0
Dialog DLL:      DCM.DLL V1.17.2.0
Target DLL:      CMSIS_AGDI.dll V1.30.6.0
Dialog DLL:      TCM.DLL V1.36.1.0
 
<h2>Project:</h2>
E:\stm32_moster\Smart_Garage\MDK-ARM\Smart_Garage.uvprojx
Project File Date:  03/15/2026

<h2>Output:</h2>
*** Using Compiler 'V6.10.1', folder: 'D:\stm32\ARM\ARMCLANG\Bin'
Rebuild target 'Smart_Garage'
assembling startup_stm32f103xb.s...
compiling main.c...
compiling tim.c...
compiling gpio.c...
compiling stm32f1xx_hal.c...
compiling usart.c...
compiling stm32f1xx_it.c...
compiling stm32f1xx_hal_gpio_ex.c...
compiling stm32f1xx_hal_timebase_tim.c...
compiling stm32f1xx_hal_gpio.c...
compiling stm32f1xx_hal_rcc_ex.c...
compiling stm32f1xx_hal_msp.c...
compiling stm32f1xx_hal_cortex.c...
compiling stm32f1xx_hal_rcc.c...
compiling stm32f1xx_hal_dma.c...
compiling stm32f1xx_hal_tim_ex.c...
compiling stm32f1xx_hal_tim.c...
compiling stm32f1xx_hal_pwr.c...
compiling stm32f1xx_hal_flash.c...
compiling stm32f1xx_hal_flash_ex.c...
compiling stm32f1xx_hal_exti.c...
compiling stm32f1xx_hal_uart.c...
compiling croutine.c...
compiling system_stm32f1xx.c...
compiling list.c...
compiling port.c...
compiling timers.c...
compiling heap_4.c...
compiling event_groups.c...
compiling tasks.c...
compiling stream_buffer.c...
compiling queue.c...
../APP/flash_storage.c(1): warning: In file included from...
../APP/flash_storage.h(18): warning: 'FLASH_PAGE_SIZE' macro redefined [-Wmacro-redefined]
#define FLASH_PAGE_SIZE 2048  // <U+4F8B><U+5982>STM32F103<U+4E3A>1K<U+FF0C>F4<U+4E3A>2K
        ^
../Drivers/STM32F1xx_HAL_Driver/Inc/stm32f1xx_hal_flash_ex.h(243): note: previous definition is here
#define FLASH_PAGE_SIZE          0x400U
        ^
1 warning generated.
compiling flash_storage.c...
../APP/app.c(14): warning: In file included from...
../APP/flash_storage.h(18): warning: 'FLASH_PAGE_SIZE' macro redefined [-Wmacro-redefined]
#define FLASH_PAGE_SIZE 2048  // <U+4F8B><U+5982>STM32F103<U+4E3A>1K<U+FF0C>F4<U+4E3A>2K
        ^
../Drivers/STM32F1xx_HAL_Driver/Inc/stm32f1xx_hal_flash_ex.h(243): note: previous definition is here
#define FLASH_PAGE_SIZE          0x400U
        ^
1 warning generated.
compiling app.c...
compiling OLED_Data.c...
compiling LED.c...
compiling OLED.c...
compiling infrared.c...
compiling servo.c...
linking...
Program Size: Code=31218 RO-data=3830 RW-data=28 ZI-data=14004  
FromELF: creating hex file...
"Smart_Garage\Smart_Garage.axf" - 0 Error(s), 2 Warning(s).

<h2>Software Packages used:</h2>

Package Vendor: ARM
                http://www.keil.com/pack/ARM.CMSIS.5.4.0.pack
                ARM.CMSIS.5.4.0
                CMSIS (Cortex Microcontroller Software Interface Standard)
   * Component: CORE Version: 5.1.2

Package Vendor: Keil
                http://www.keil.com/pack/Keil.STM32F1xx_DFP.1.0.5.pack
                Keil.STM32F1xx_DFP.1.0.5
                STMicroelectronics STM32F1 Series Device Support, Drivers and Examples

<h2>Collection of Component include folders:</h2>
  .\RTE\_Smart_Garage
  D:\stm32\keil5\ARM\CMSIS\5.4.0\CMSIS\Core\Include
  D:\stm32\keil5\Keil\STM32F1xx_DFP\1.0.5\Device\Include

<h2>Collection of Component Files used:</h2>

   * Component: ARM::CMSIS:CORE:5.1.2
Build Time Elapsed:  00:00:05
</pre>
</body>
</html>
