Component: ARM Compiler 6.10.1 Tool: armlink [5d142800]

==============================================================================

Section Cross References

    startup_stm32f103xb.o(RESET) refers to startup_stm32f103xb.o(STACK) for __initial_sp
    startup_stm32f103xb.o(RESET) refers to startup_stm32f103xb.o(.text) for Reset_Handler
    startup_stm32f103xb.o(RESET) refers to stm32f1xx_it.o(.text.NMI_Handler) for NMI_Handler
    startup_stm32f103xb.o(RESET) refers to stm32f1xx_it.o(.text.HardFault_Handler) for HardFault_Handler
    startup_stm32f103xb.o(RESET) refers to stm32f1xx_it.o(.text.MemManage_Handler) for MemManage_Handler
    startup_stm32f103xb.o(RESET) refers to stm32f1xx_it.o(.text.BusFault_Handler) for BusFault_Handler
    startup_stm32f103xb.o(RESET) refers to stm32f1xx_it.o(.text.UsageFault_Handler) for UsageFault_Handler
    startup_stm32f103xb.o(RESET) refers to port.o(.text.SVC_Handler) for SVC_Handler
    startup_stm32f103xb.o(RESET) refers to stm32f1xx_it.o(.text.DebugMon_Handler) for DebugMon_Handler
    startup_stm32f103xb.o(RESET) refers to port.o(.text.PendSV_Handler) for PendSV_Handler
    startup_stm32f103xb.o(RESET) refers to port.o(.text.SysTick_Handler) for SysTick_Handler
    startup_stm32f103xb.o(RESET) refers to stm32f1xx_it.o(.text.TIM4_IRQHandler) for TIM4_IRQHandler
    startup_stm32f103xb.o(RESET) refers to stm32f1xx_it.o(.text.USART1_IRQHandler) for USART1_IRQHandler
    startup_stm32f103xb.o(.text) refers to system_stm32f1xx.o(.text.SystemInit) for SystemInit
    startup_stm32f103xb.o(.text) refers to entry.o(.ARM.Collect$$$$00000000) for __main
    main.o(.text.main) refers to stm32f1xx_hal.o(.text.HAL_Init) for HAL_Init
    main.o(.text.main) refers to main.o(.text.SystemClock_Config) for SystemClock_Config
    main.o(.text.main) refers to gpio.o(.text.MX_GPIO_Init) for MX_GPIO_Init
    main.o(.text.main) refers to usart.o(.text.MX_USART1_UART_Init) for MX_USART1_UART_Init
    main.o(.text.main) refers to app.o(.text.app_init) for app_init
    main.o(.ARM.exidx.text.main) refers to main.o(.text.main) for [Anonymous Symbol]
    main.o(.text.SystemClock_Config) refers to memseta.o(.text) for __aeabi_memclr4
    main.o(.text.SystemClock_Config) refers to stm32f1xx_hal_rcc.o(.text.HAL_RCC_OscConfig) for HAL_RCC_OscConfig
    main.o(.text.SystemClock_Config) refers to main.o(.text.Error_Handler) for Error_Handler
    main.o(.text.SystemClock_Config) refers to stm32f1xx_hal_rcc.o(.text.HAL_RCC_ClockConfig) for HAL_RCC_ClockConfig
    main.o(.ARM.exidx.text.SystemClock_Config) refers to main.o(.text.SystemClock_Config) for [Anonymous Symbol]
    main.o(.ARM.exidx.text.Error_Handler) refers to main.o(.text.Error_Handler) for [Anonymous Symbol]
    main.o(.text.HAL_TIM_PeriodElapsedCallback) refers to stm32f1xx_hal.o(.text.HAL_IncTick) for HAL_IncTick
    main.o(.ARM.exidx.text.HAL_TIM_PeriodElapsedCallback) refers to main.o(.text.HAL_TIM_PeriodElapsedCallback) for [Anonymous Symbol]
    gpio.o(.text.MX_GPIO_Init) refers to stm32f1xx_hal_gpio.o(.text.HAL_GPIO_WritePin) for HAL_GPIO_WritePin
    gpio.o(.text.MX_GPIO_Init) refers to stm32f1xx_hal_gpio.o(.text.HAL_GPIO_Init) for HAL_GPIO_Init
    gpio.o(.ARM.exidx.text.MX_GPIO_Init) refers to gpio.o(.text.MX_GPIO_Init) for [Anonymous Symbol]
    usart.o(.text.MX_USART1_UART_Init) refers to usart.o(.bss.huart1) for huart1
    usart.o(.text.MX_USART1_UART_Init) refers to stm32f1xx_hal_uart.o(.text.HAL_UART_Init) for HAL_UART_Init
    usart.o(.text.MX_USART1_UART_Init) refers to main.o(.text.Error_Handler) for Error_Handler
    usart.o(.ARM.exidx.text.MX_USART1_UART_Init) refers to usart.o(.text.MX_USART1_UART_Init) for [Anonymous Symbol]
    usart.o(.text.HAL_UART_MspInit) refers to stm32f1xx_hal_gpio.o(.text.HAL_GPIO_Init) for HAL_GPIO_Init
    usart.o(.text.HAL_UART_MspInit) refers to stm32f1xx_hal_cortex.o(.text.HAL_NVIC_SetPriority) for HAL_NVIC_SetPriority
    usart.o(.text.HAL_UART_MspInit) refers to stm32f1xx_hal_cortex.o(.text.HAL_NVIC_EnableIRQ) for HAL_NVIC_EnableIRQ
    usart.o(.ARM.exidx.text.HAL_UART_MspInit) refers to usart.o(.text.HAL_UART_MspInit) for [Anonymous Symbol]
    usart.o(.text.HAL_UART_MspDeInit) refers to stm32f1xx_hal_gpio.o(.text.HAL_GPIO_DeInit) for HAL_GPIO_DeInit
    usart.o(.text.HAL_UART_MspDeInit) refers to stm32f1xx_hal_cortex.o(.text.HAL_NVIC_DisableIRQ) for HAL_NVIC_DisableIRQ
    usart.o(.ARM.exidx.text.HAL_UART_MspDeInit) refers to usart.o(.text.HAL_UART_MspDeInit) for [Anonymous Symbol]
    stm32f1xx_it.o(.ARM.exidx.text.NMI_Handler) refers to stm32f1xx_it.o(.text.NMI_Handler) for [Anonymous Symbol]
    stm32f1xx_it.o(.ARM.exidx.text.HardFault_Handler) refers to stm32f1xx_it.o(.text.HardFault_Handler) for [Anonymous Symbol]
    stm32f1xx_it.o(.ARM.exidx.text.MemManage_Handler) refers to stm32f1xx_it.o(.text.MemManage_Handler) for [Anonymous Symbol]
    stm32f1xx_it.o(.ARM.exidx.text.BusFault_Handler) refers to stm32f1xx_it.o(.text.BusFault_Handler) for [Anonymous Symbol]
[...]
    .ARM.Collect$$$$00000000                 0x080000ec   Section        0  entry.o(.ARM.Collect$$$$00000000)
    .ARM.Collect$$$$00000001                 0x080000ec   Section        4  entry2.o(.ARM.Collect$$$$00000001)
    .ARM.Collect$$$$00000004                 0x080000f0   Section        4  entry5.o(.ARM.Collect$$$$00000004)
    .ARM.Collect$$$$00000008                 0x080000f4   Section        0  entry7b.o(.ARM.Collect$$$$00000008)
    .ARM.Collect$$$$0000000A                 0x080000f4   Section        0  entry8b.o(.ARM.Collect$$$$0000000A)
    .ARM.Collect$$$$0000000B                 0x080000f4   Section        8  entry9a.o(.ARM.Collect$$$$0000000B)
    .ARM.Collect$$$$0000000D                 0x080000fc   Section        0  entry10a.o(.ARM.Collect$$$$0000000D)
    .ARM.Collect$$$$0000000F                 0x080000fc   Section        0  entry11a.o(.ARM.Collect$$$$0000000F)
    .ARM.Collect$$$$00002712                 0x080000fc   Section        4  entry2.o(.ARM.Collect$$$$00002712)
    __lit__00000000                          0x080000fc   Data           4  entry2.o(.ARM.Collect$$$$00002712)
    .text                                    0x08000100   Section       36  startup_stm32f103xb.o(.text)
    .text                                    0x08000124   Section        0  memcpya.o(.text)
    .text                                    0x08000148   Section        0  memseta.o(.text)
    .text                                    0x0800016c   Section        0  strstr.o(.text)
    .text                                    0x08000190   Section        0  strncpy.o(.text)
    .text                                    0x080001a8   Section        0  strcmp.o(.text)
    .text                                    0x080001c4   Section        0  atoi.o(.text)
    .text                                    0x080001de   Section        0  dadd.o(.text)
    .text                                    0x0800032c   Section        0  dmul.o(.text)
    .text                                    0x08000410   Section        0  ddiv.o(.text)
    .text                                    0x080004ee   Section        0  uidiv.o(.text)
    .text                                    0x0800051a   Section        0  uldiv.o(.text)
    .text                                    0x0800057c   Section        0  llshl.o(.text)
    .text                                    0x0800059a   Section        0  llushr.o(.text)
    .text                                    0x080005ba   Section        0  llsshr.o(.text)
    .text                                    0x080005de   Section        0  strtol.o(.text)
    .text                                    0x0800064e   Section        0  iusefp.o(.text)
    .text                                    0x0800064e   Section        0  depilogue.o(.text)
    .text                                    0x08000708   Section        0  dfixul.o(.text)
    .text                                    0x08000738   Section       48  cdrcmple.o(.text)
    .text                                    0x08000768   Section       36  init.o(.text)
    .text                                    0x0800078c   Section        0  ctype_o.o(.text)
    .text                                    0x08000794   Section        0  _strtoul.o(.text)
    .text                                    0x08000832   Section        0  _chval.o(.text)
    [Anonymous Symbol]                       0x08000850   Section        0  app.o(.text.Add_Vehicle)
    [Anonymous Symbol]                       0x080008dc   Section        0  stm32f1xx_it.o(.text.BusFault_Handler)
    [Anonymous Symbol]                       0x080008e0   Section        0  stm32f1xx_it.o(.text.DebugMon_Handler)
    [Anonymous Symbol]                       0x080008e4   Section        0  main.o(.text.Error_Handler)
    [Anonymous Symbol]                       0x080008f4   Section        0  app.o(.text.Find_Vehicle)
    [Anonymous Symbol]                       0x08000954   Section        0  led.o(.text.Green_LED_Off)
    [Anonymous Symbol]                       0x08000968   Section        0  led.o(.text.Green_LED_On)
    [Anonymous Symbol]                       0x0800097c   Section        0  stm32f1xx_hal_dma.o(.text.HAL_DMA_Abort_IT)
    [Anonymous Symbol]                       0x08000aa0   Section        0  stm32f1xx_hal.o(.text.HAL_Delay)
    [Anonymous Symbol]                       0x08000af0   Section        0  stm32f1xx_hal_gpio.o(.text.HAL_GPIO_Init)
    [Anonymous Symbol]                       0x08000e28   Section        0  stm32f1xx_hal_gpio.o(.text.HAL_GPIO_TogglePin)
    [Anonymous Symbol]                       0x08000e60   Section        0  stm32f1xx_hal_gpio.o(.text.HAL_GPIO_WritePin)
    [Anonymous Symbol]                       0x08000ea4   Section        0  stm32f1xx_hal.o(.text.HAL_GetTick)
    [Anonymous Symbol]                       0x08000eb0   Section        0  stm32f1xx_hal.o(.text.HAL_IncTick)
    [Anonymous Symbol]                       0x08000ecc   Section        0  stm32f1xx_hal.o(.text.HAL_Init)
    [Anonymous Symbol]                       0x08000ef8   Section        0  stm32f1xx_hal_timebase_tim.o(.text.HAL_InitTick)
    [Anonymous Symbol]                       0x08000ff8   Section        0  stm32f1xx_hal_msp.o(.text.HAL_MspInit)
    [Anonymous Symbol]                       0x08001060   Section        0  stm32f1xx_hal_cortex.o(.text.HAL_NVIC_EnableIRQ)
    [Anonymous Symbol]                       0x08001078   Section        0  stm32f1xx_hal_cortex.o(.text.HAL_NVIC_SetPriority)
    [Anonymous Symbol]                       0x080010c0   Section        0  stm32f1xx_hal_cortex.o(.text.HAL_NVIC_SetPriorityGrouping)
    [Anonymous Symbol]                       0x080010d4   Section        0  stm32f1xx_hal_rcc.o(.text.HAL_RCC_ClockConfig)
    [Anonymous Symbol]                       0x08001340   Section        0  stm32f1xx_hal_rcc.o(.text.HAL_RCC_GetClockConfig)
    [Anonymous Symbol]                       0x080013a8   Section        0  stm32f1xx_hal_rcc.o(.text.HAL_RCC_GetHCLKFreq)
    [Anonymous Symbol]                       0x080013b4   Section        0  stm32f1xx_hal_rcc.o(.text.HAL_RCC_GetPCLK1Freq)
    [Anonymous Symbol]                       0x080013dc   Section        0  stm32f1xx_hal_rcc.o(.text.HAL_RCC_GetPCLK2Freq)
    [Anonymous Symbol]                       0x08001404   Section        0  stm32f1xx_hal_rcc.o(.text.HAL_RCC_GetSysClockFreq)
    [Anonymous Symbol]                       0x080014c4   Section        0  stm32f1xx_hal_rcc.o(.text.HAL_RCC_OscConfig)
    [Anonymous Symbol]                       0x08001b84   Section        0  stm32f1xx_hal_tim_ex.o(.text.HAL_TIMEx_BreakCallback)
    [Anonymous Symbol]                       0x08001b90   Section        0  stm32f1xx_hal_tim_ex.o(.text.HAL_TIMEx_CommutCallback)
    [Anonymous Symbol]                       0x08001b9c   Section        0  stm32f1xx_hal_tim.o(.text.HAL_TIM_Base_Init)
    [Anonymous Symbol]                       0x08001c04   Section        0  stm32f1xx_hal_tim.o(.text.HAL_TIM_Base_MspInit)
    [Anonymous Symbol]                       0x08001c10   Section        0  stm32f1xx_hal_tim.o(.text.HAL_TIM_Base_Start_IT)
    [Anonymous Symbol]                       0x08001c4c   Section        0  stm32f1xx_hal_tim.o(.text.HAL_TIM_IC_CaptureCallback)
    [Anonymous Symbol]                       0x08001c58   Section        0  stm32f1xx_hal_tim.o(.text.HAL_TIM_IRQHandler)
    [Anonymous Symbol]                       0x08001ee4   Section        0  stm32f1xx_hal_tim.o(.text.HAL_TIM_OC_DelayElapsedCallback)
    [Anonymous Symbol]                       0x08001ef0   Section        0  stm32f1xx_hal_tim.o(.text.HAL_TIM_PWM_PulseFinishedCallback)
    [Anonymous Symbol]                       0x08001efc   Section        0  main.o(.text.HAL_TIM_PeriodElapsedCallback)
    [Anonymous Symbol]                       0x08001f24   Section        0  stm32f1xx_hal_tim.o(.text.HAL_TIM_TriggerCallback)
    [Anonymous Symbol]                       0x08001f30   Section        0  stm32f1xx_hal_uart.o(.text.HAL_UART_ErrorCallback)
    [Anonymous Symbol]                       0x08001f3c   Section        0  stm32f1xx_hal_uart.o(.text.HAL_UART_IRQHandler)
    [Anonymous Symbol]                       0x0800215c   Section        0  stm32f1xx_hal_uart.o(.text.HAL_UART_Init)
    [Anonymous Symbol]                       0x08002204   Section        0  usart.o(.text.HAL_UART_MspInit)
    [Anonymous Symbol]                       0x080022bc   Section        0  stm32f1xx_hal_uart.o(.text.HAL_UART_Receive_IT)
    [Anonymous Symbol]                       0x0800238c   Section        0  app.o(.text.HAL_UART_RxCpltCallback)
    [Anonymous Symbol]                       0x080023dc   Section        0  stm32f1xx_hal_uart.o(.text.HAL_UART_Transmit)
    [Anonymous Symbol]                       0x0800255c   Section        0  stm32f1xx_hal_uart.o(.text.HAL_UART_TxCpltCallback)
    [Anonymous Symbol]                       0x08002568   Section        0  stm32f1xx_it.o(.text.HardFault_Handler)
    [Anonymous Symbol]                       0x0800256c   Section        0  gpio.o(.text.MX_GPIO_Init)
    [Anonymous Symbol]                       0x08002698   Section        0  usart.o(.text.MX_USART1_UART_Init)
    [Anonymous Symbol]                       0x080026d4   Section        0  stm32f1xx_it.o(.text.MemManage_Handler)
    [Anonymous Symbol]                       0x080026d8   Section        0  stm32f1xx_it.o(.text.NMI_Handler)
    [Anonymous Symbol]                       0x080026dc   Section        0  stm32f1xx_hal_cortex.o(.text.NVIC_EncodePriority)
    NVIC_EncodePriority                      0x080026dd   Thumb Code   128  stm32f1xx_hal_cortex.o(.text.NVIC_EncodePriority)
    [Anonymous Symbol]                       0x0800275c   Section        0  oled.o(.text.OLED_Clear)
    [Anonymous Symbol]                       0x080027bc   Section        0  oled.o(.text.OLED_ClearArea)
    [Anonymous Symbol]                       0x080028c0   Section        0  oled.o(.text.OLED_GPIO_Init)
    [Anonymous Symbol]                       0x080028dc   Section        0  oled.o(.text.OLED_I2C_SendByte)
    [Anonymous Symbol]                       0x08002944   Section        0  oled.o(.text.OLED_I2C_Start)
    [Anonymous Symbol]                       0x08002968   Section        0  oled.o(.text.OLED_I2C_Stop)
    [Anonymous Symbol]                       0x08002984   Section        0  oled.o(.text.OLED_Init)
    [Anonymous Symbol]                       0x08002a18   Section        0  oled.o(.text.OLED_Pow)
    [Anonymous Symbol]                       0x08002a48   Section        0  oled.o(.text.OLED_SetCursor)
    [Anonymous Symbol]                       0x08002a88   Section        0  oled.o(.text.OLED_ShowChar)
    [Anonymous Symbol]                       0x08002b2c   Section        0  oled.o(.text.OLED_ShowChinese)
    [Anonymous Symbol]                       0x08002c48   Section        0  oled.o(.text.OLED_ShowImage)
    [Anonymous Symbol]                       0x08002dbc   Section        0  oled.o(.text.OLED_ShowNum)
    [Anonymous Symbol]                       0x08002e74   Section        0  oled.o(.text.OLED_ShowString)
    [Anonymous Symbol]                       0x08002eec   Section        0  oled.o(.text.OLED_Update)
    [Anonymous Symbol]                       0x08002f34   Section        0  oled.o(.text.OLED_W_SCL)
    [Anonymous Symbol]                       0x08002f5c   Section        0  oled.o(.text.OLED_W_SDA)
    [Anonymous Symbol]                       0x08002f84   Section        0  oled.o(.text.OLED_WriteCommand)
    [Anonymous Symbol]                       0x08002fb0   Section        0  oled.o(.text.OLED_WriteData)
    [Anonymous Symbol]                       0x08003010   Section        0  port.o(.text.PendSV_Handler)
    pxCurrentTCBConst                        0x08003050   Number         0  port.o(.text.PendSV_Handler)
    [Anonymous Symbol]                       0x08003054   Section        0  stm32f1xx_hal_rcc.o(.text.RCC_Delay)
    RCC_Delay                                0x08003055   Thumb Code    64  stm32f1xx_hal_rcc.o(.text.RCC_Delay)
    [Anonymous Symbol]                       0x08003094   Section        0  led.o(.text.Red_LED_Off)
    [Anonymous Symbol]                       0x080030b0   Section        0  port.o(.text.SVC_Handler)
    pxCurrentTCBConst2                       0x080030d0   Number         0  port.o(.text.SVC_Handler)
    [Anonymous Symbol]                       0x080030d4   Section        0  port.o(.text.SysTick_Handler)
    [Anonymous Symbol]                       0x08003114   Section        0  main.o(.text.SystemClock_Config)
    [Anonymous Symbol]                       0x08003190   Section        0  system_stm32f1xx.o(.text.SystemInit)
    [Anonymous Symbol]                       0x080031f0   Section        0  stm32f1xx_it.o(.text.TIM4_IRQHandler)
    [Anonymous Symbol]                       0x08003200   Section        0  stm32f1xx_hal_tim.o(.text.TIM_Base_SetConfig)
    [Anonymous Symbol]                       0x080032f8   Section        0  stm32f1xx_hal_uart.o(.text.UART_DMAAbortOnError)
    UART_DMAAbortOnError                     0x080032f9   Thumb Code    36  stm32f1xx_hal_uart.o(.text.UART_DMAAbortOnError)
    [Anonymous Symbol]                       0x0800331c   Section        0  stm32f1xx_hal_uart.o(.text.UART_EndRxTransfer)
    UART_EndRxTransfer                       0x0800331d   Thumb Code    44  stm32f1xx_hal_uart.o(.text.UART_EndRxTransfer)
    [Anonymous Symbol]                       0x08003348   Section        0  stm32f1xx_hal_uart.o(.text.UART_EndTransmit_IT)
    UART_EndTransmit_IT                      0x08003349   Thumb Code    42  stm32f1xx_hal_uart.o(.text.UART_EndTransmit_IT)
    [Anonymous Symbol]                       0x08003374   Section        0  stm32f1xx_hal_uart.o(.text.UART_Receive_IT)
    UART_Receive_IT                          0x08003375   Thumb Code   250  stm32f1xx_hal_uart.o(.text.UART_Receive_IT)
    [Anonymous Symbol]                       0x08003470   Section        0  stm32f1xx_hal_uart.o(.text.UART_SetConfig)
    UART_SetConfig                           0x08003471   Thumb Code   304  stm32f1xx_hal_uart.o(.text.UART_SetConfig)
    [Anonymous Symbol]                       0x080035a0   Section        0  stm32f1xx_hal_uart.o(.text.UART_Transmit_IT)
    UART_Transmit_IT                         0x080035a1   Thumb Code   170  stm32f1xx_hal_uart.o(.text.UART_Transmit_IT)
    [Anonymous Symbol]                       0x0800364c   Section        0  stm32f1xx_hal_uart.o(.text.UART_WaitOnFlagUntilTimeout)
    UART_WaitOnFlagUntilTimeout              0x0800364d   Thumb Code   188  stm32f1xx_hal_uart.o(.text.UART_WaitOnFlagUntilTimeout)
    [Anonymous Symbol]                       0x08003708   Section        0  stm32f1xx_it.o(.text.USART1_IRQHandler)
    [Anonymous Symbol]                       0x08003718   Section        0  stm32f1xx_it.o(.text.UsageFault_Handler)
    [Anonymous Symbol]                       0x0800371c   Section        0  led.o(.text.Yellow_LED_Off)
    [Anonymous Symbol]                       0x08003730   Section        0  led.o(.text.Yellow_LED_On)
    [Anonymous Symbol]                       0x08003744   Section        0  stm32f1xx_hal_cortex.o(.text.__NVIC_EnableIRQ)
    __NVIC_EnableIRQ                         0x08003745   Thumb Code    54  stm32f1xx_hal_cortex.o(.text.__NVIC_EnableIRQ)
    [Anonymous Symbol]                       0x0800377c   Section        0  stm32f1xx_hal_cortex.o(.text.__NVIC_GetPriorityGrouping)
    __NVIC_GetPriorityGrouping               0x0800377d   Thumb Code    16  stm32f1xx_hal_cortex.o(.text.__NVIC_GetPriorityGrouping)
    [Anonymous Symbol]                       0x0800378c   Section        0  stm32f1xx_hal_cortex.o(.text.__NVIC_SetPriority)
    __NVIC_SetPriority                       0x0800378d   Thumb Code    74  stm32f1xx_hal_cortex.o(.text.__NVIC_SetPriority)
    [Anonymous Symbol]                       0x080037d8   Section        0  stm32f1xx_hal_cortex.o(.text.__NVIC_SetPriorityGrouping)
    __NVIC_SetPriorityGrouping               0x080037d9   Thumb Code    64  stm32f1xx_hal_cortex.o(.text.__NVIC_SetPriorityGrouping)
    [Anonymous Symbol]                       0x08003818   Section        0  app.o(.text.app_init)
    [Anonymous Symbol]                       0x080038ac   Section        0  app.o(.text.fputc)
    [Anonymous Symbol]                       0x080038e0   Section        0  app.o(.text.led_task)
    [Anonymous Symbol]                       0x08003900   Section        0  main.o(.text.main)
    [Anonymous Symbol]                       0x08003924   Section        0  app.o(.text.oled_task)
    [Anonymous Symbol]                       0x08003c34   Section        0  tasks.o(.text.prvAddCurrentTaskToDelayedList)
    prvAddCurrentTaskToDelayedList           0x08003c35   Thumb Code   260  tasks.o(.text.prvAddCurrentTaskToDelayedList)
    [Anonymous Symbol]                       0x08003d38   Section        0  tasks.o(.text.prvAddNewTaskToReadyList)
    prvAddNewTaskToReadyList                 0x08003d39   Thumb Code   294  tasks.o(.text.prvAddNewTaskToReadyList)
    [Anonymous Symbol]                       0x08003e60   Section        0  tasks.o(.text.prvCheckTasksWaitingTermination)
    prvCheckTasksWaitingTermination          0x08003e61   Thumb Code   114  tasks.o(.text.prvCheckTasksWaitingTermination)
    [Anonymous Symbol]                       0x08003ed4   Section        0  tasks.o(.text.prvDeleteTCB)
    prvDeleteTCB                             0x08003ed5   Thumb Code    28  tasks.o(.text.prvDeleteTCB)
    [Anonymous Symbol]                       0x08003ef0   Section        0  heap_4.o(.text.prvHeapInit)
    prvHeapInit                              0x08003ef1   Thumb Code   190  heap_4.o(.text.prvHeapInit)
    [Anonymous Symbol]                       0x08003fb0   Section        0  tasks.o(.text.prvIdleTask)
    prvIdleTask                              0x08003fb1   Thumb Code    64  tasks.o(.text.prvIdleTask)
    [Anonymous Symbol]                       0x08003ff0   Section        0  tasks.o(.text.prvInitialiseNewTask)
    prvInitialiseNewTask                     0x08003ff1   Thumb Code   316  tasks.o(.text.prvInitialiseNewTask)
    [Anonymous Symbol]                       0x0800412c   Section        0  tasks.o(.text.prvInitialiseTaskLists)
    prvInitialiseTaskLists                   0x0800412d   Thumb Code   146  tasks.o(.text.prvInitialiseTaskLists)
    [Anonymous Symbol]                       0x080041c0   Section        0  heap_4.o(.text.prvInsertBlockIntoFreeList)
    prvInsertBlockIntoFreeList               0x080041c1   Thumb Code   202  heap_4.o(.text.prvInsertBlockIntoFreeList)
    [Anonymous Symbol]                       0x0800428c   Section        0  port.o(.text.prvPortStartFirstTask)
    prvPortStartFirstTask                    0x0800428d   Thumb Code    26  port.o(.text.prvPortStartFirstTask)
    [Anonymous Symbol]                       0x080042ac   Section        0  tasks.o(.text.prvResetNextTaskUnblockTime)
    prvResetNextTaskUnblockTime              0x080042ad   Thumb Code    72  tasks.o(.text.prvResetNextTaskUnblockTime)
    [Anonymous Symbol]                       0x080042f4   Section        0  port.o(.text.prvTaskExitError)
    prvTaskExitError                         0x080042f5   Thumb Code    86  port.o(.text.prvTaskExitError)
    [Anonymous Symbol]                       0x0800434c   Section        0  heap_4.o(.text.pvPortMalloc)
    [Anonymous Symbol]                       0x08004554   Section        0  port.o(.text.pxPortInitialiseStack)
    [Anonymous Symbol]                       0x080045b8   Section        0  app.o(.text.ring_read)
    ring_read                                0x080045b9   Thumb Code    76  app.o(.text.ring_read)
    [Anonymous Symbol]                       0x08004604   Section        0  app.o(.text.ring_write)
    ring_write                               0x08004605   Thumb Code    76  app.o(.text.ring_write)
    [Anonymous Symbol]                       0x08004650   Section        0  app.o(.text.uart_task)
    [Anonymous Symbol]                       0x0800477c   Section        0  list.o(.text.uxListRemove)
    [Anonymous Symbol]                       0x080047c8   Section        0  list.o(.text.vListInitialise)
    [Anonymous Symbol]                       0x080047fc   Section        0  list.o(.text.vListInitialiseItem)
    [Anonymous Symbol]                       0x08004810   Section        0  list.o(.text.vListInsert)
    [Anonymous Symbol]                       0x08004884   Section        0  list.o(.text.vListInsertEnd)
    [Anonymous Symbol]                       0x080048c8   Section        0  port.o(.text.vPortEnterCritical)
    [Anonymous Symbol]                       0x08004928   Section        0  port.o(.text.vPortExitCritical)
    [Anonymous Symbol]                       0x08004980   Section        0  heap_4.o(.text.vPortFree)
    [Anonymous Symbol]                       0x08004a58   Section        0  port.o(.text.vPortSetupTimerInterrupt)
    [Anonymous Symbol]                       0x08004aa4   Section        0  tasks.o(.text.vTaskDelay)
    [Anonymous Symbol]                       0x08004b24   Section        0  tasks.o(.text.vTaskStartScheduler)
    [Anonymous Symbol]                       0x08004bd8   Section        0  tasks.o(.text.vTaskSuspendAll)
    [Anonymous Symbol]                       0x08004be8   Section        0  tasks.o(.text.vTaskSwitchContext)
    [Anonymous Symbol]                       0x08004cb4   Section        0  port.o(.text.xPortStartScheduler)
    [Anonymous Symbol]                       0x08004da0   Section        0  tasks.o(.text.xTaskCreate)
    [Anonymous Symbol]                       0x08004e54   Section        0  tasks.o(.text.xTaskIncrementTick)
    [Anonymous Symbol]                       0x0800502c   Section        0  tasks.o(.text.xTaskResumeAll)
    i.__0printf                              0x080051d0   Section        0  printfa.o(i.__0printf)
    i.__aeabi_errno_addr                     0x080051f0   Section        0  errno.o(i.__aeabi_errno_addr)
    i.__scatterload_copy                     0x080051f8   Section       14  handlers.o(i.__scatterload_copy)
    i.__scatterload_null                     0x08005206   Section        2  handlers.o(i.__scatterload_null)
    i.__scatterload_zeroinit                 0x08005208   Section       14  handlers.o(i.__scatterload_zeroinit)
    i._fp_digits                             0x08005218   Section        0  printfa.o(i._fp_digits)
    _fp_digits                               0x08005219   Thumb Code   366  printfa.o(i._fp_digits)
    i._printf_core                           0x0800539c   Section        0  printfa.o(i._printf_core)
    _printf_core                             0x0800539d   Thumb Code  1744  printfa.o(i._printf_core)
    i._printf_post_padding                   0x08005a78   Section        0  printfa.o(i._printf_post_padding)
    _printf_post_padding                     0x08005a79   Thumb Code    36  printfa.o(i._printf_post_padding)
    i._printf_pre_padding                    0x08005a9c   Section        0  printfa.o(i._printf_pre_padding)
    _printf_pre_padding                      0x08005a9d   Thumb Code    46  printfa.o(i._printf_pre_padding)
    .constdata                               0x08005aca   Section      129  ctype_o.o(.constdata)
    .constdata                               0x08005b4c   Section        4  ctype_o.o(.constdata)
    table                                    0x08005b4c   Data           4  ctype_o.o(.constdata)
    [Anonymous Symbol]                       0x08005b68   Section        0  stm32f1xx_hal_rcc.o(.rodata.HAL_RCC_GetSysClockFreq.aPLLMULFactorTable)
    HAL_RCC_GetSysClockFreq.aPLLMULFactorTable 0x08005b68   Data          16  stm32f1xx_hal_rcc.o(.rodata.HAL_RCC_GetSysClockFreq.aPLLMULFactorTable)
    [Anonymous Symbol]                       0x08005b78   Section        0  stm32f1xx_hal_rcc.o(.rodata.HAL_RCC_GetSysClockFreq.aPredivFactorTable)
    HAL_RCC_GetSysClockFreq.aPredivFactorTable 0x08005b78   Data           2  stm32f1xx_hal_rcc.o(.rodata.HAL_RCC_GetSysClockFreq.aPredivFactorTable)
    [Anonymous Symbol]                       0x08006778   Section        0  tasks.o(.rodata.str1.1)
    .L.str                                   0x08006778   Data          16  tasks.o(.rodata.str1.1)
    .L.str                                   0x08006778   Data          16  tasks.o(.rodata.str1.1)
    .L.str                                   0x08006778   Data          16  tasks.o(.rodata.str1.1)
    .L.str.2                                 0x08006788   Data           5  tasks.o(.rodata.str1.1)
    .L.str.1                                 0x0800678d   Data          27  tasks.o(.rodata.str1.1)
    [Anonymous Symbol]                       0x080067a8   Section        0  heap_4.o(.rodata.str1.1)
    .L.str.1                                 0x080067a8   Data          45  heap_4.o(.rodata.str1.1)
    [Anonymous Symbol]                       0x080067d5   Section        0  port.o(.rodata.str1.1)
    .L.str.1                                 0x080067d5   Data          47  port.o(.rodata.str1.1)
    [Anonymous Symbol]                       0x08006804   Section        0  app.o(.rodata.str1.1)
    .L.str.5                                 0x08006804   Data          17  app.o(.rodata.str1.1)
    .L.str.8                                 0x08006815   Data          16  app.o(.rodata.str1.1)
    .L.str.7                                 0x08006825   Data          16  app.o(.rodata.str1.1)
    .L.str.11                                0x08006835   Data          10  app.o(.rodata.str1.1)
    .L.str.10                                0x08006836   Data           9  app.o(.rodata.str1.1)
    .L.str.9                                 0x0800683f   Data          10  app.o(.rodata.str1.1)
    .L.str.6                                 0x08006849   Data          17  app.o(.rodata.str1.1)
    .L.str.4                                 0x0800685a   Data           3  app.o(.rodata.str1.1)
    .L.str                                   0x0800685d   Data           9  app.o(.rodata.str1.1)
    .L.str.2                                 0x08006866   Data           7  app.o(.rodata.str1.1)
    .L.str.3                                 0x0800686d   Data           9  app.o(.rodata.str1.1)
    .L.str.1                                 0x08006876   Data           7  app.o(.rodata.str1.1)
    .L.str                                   0x0800687c   Data           1  app.o(.rodata.str1.1)
    .data                                    0x20000000   Section        4  stdout.o(.data)
    .data                                    0x20000004   Section        4  errno.o(.data)
    _errno                                   0x20000004   Data           4  errno.o(.data)
    [Anonymous Symbol]                       0x2000000c   Section        0  app.o(.data.oled_task.Empty_place)
    oled_task.Empty_place                    0x2000000c   Data           1  app.o(.data.oled_task.Empty_place)
    [Anonymous Symbol]                       0x20000014   Section        0  port.o(.data.uxCriticalNesting)
    uxCriticalNesting                        0x20000014   Data           4  port.o(.data.uxCriticalNesting)
    [Anonymous Symbol]                       0x20000848   Section        0  tasks.o(.bss.pxDelayedTaskList)
    pxDelayedTaskList                        0x20000848   Data           4  tasks.o(.bss.pxDelayedTaskList)
    [Anonymous Symbol]                       0x2000084c   Section        0  heap_4.o(.bss.pxEnd)
    pxEnd                                    0x2000084c   Data           4  heap_4.o(.bss.pxEnd)
    [Anonymous Symbol]                       0x20000850   Section        0  tasks.o(.bss.pxOverflowDelayedTaskList)
    pxOverflowDelayedTaskList                0x20000850   Data           4  tasks.o(.bss.pxOverflowDelayedTaskList)
    [Anonymous Symbol]                       0x20000854   Section        0  tasks.o(.bss.pxReadyTasksLists)
    pxReadyTasksLists                        0x20000854   Data         140  tasks.o(.bss.pxReadyTasksLists)
    [Anonymous Symbol]                       0x20000966   Section        0  heap_4.o(.bss.ucHeap)
    ucHeap                                   0x20000966   Data        5120  heap_4.o(.bss.ucHeap)
    [Anonymous Symbol]                       0x20001d66   Section        0  port.o(.bss.ucMaxSysCallPriority)
    ucMaxSysCallPriority                     0x20001d66   Data           1  port.o(.bss.ucMaxSysCallPriority)
    [Anonymous Symbol]                       0x20001d68   Section        0  port.o(.bss.ulMaxPRIGROUPValue)
    ulMaxPRIGROUPValue                       0x20001d68   Data           4  port.o(.bss.ulMaxPRIGROUPValue)
    [Anonymous Symbol]                       0x20001d70   Section        0  tasks.o(.bss.uxCurrentNumberOfTasks)
    uxCurrentNumberOfTasks                   0x20001d70   Data           4  tasks.o(.bss.uxCurrentNumberOfTasks)
    [Anonymous Symbol]                       0x20001d74   Section        0  tasks.o(.bss.uxDeletedTasksWaitingCleanUp)
    uxDeletedTasksWaitingCleanUp             0x20001d74   Data           4  tasks.o(.bss.uxDeletedTasksWaitingCleanUp)
    [Anonymous Symbol]                       0x20001d78   Section        0  tasks.o(.bss.uxPendedTicks)
    uxPendedTicks                            0x20001d78   Data           4  tasks.o(.bss.uxPendedTicks)
    [Anonymous Symbol]                       0x20001d7c   Section        0  tasks.o(.bss.uxSchedulerSuspended)
    uxSchedulerSuspended                     0x20001d7c   Data           4  tasks.o(.bss.uxSchedulerSuspended)
    [Anonymous Symbol]                       0x20001d80   Section        0  tasks.o(.bss.uxTaskNumber)
    uxTaskNumber                             0x20001d80   Data           4  tasks.o(.bss.uxTaskNumber)
    [Anonymous Symbol]                       0x20001d84   Section        0  tasks.o(.bss.uxTopReadyPriority)
    uxTopReadyPriority                       0x20001d84   Data           4  tasks.o(.bss.uxTopReadyPriority)
    [Anonymous Symbol]                       0x20001d88   Section        0  heap_4.o(.bss.xBlockAllocatedBit)
    xBlockAllocatedBit                       0x20001d88   Data           4  heap_4.o(.bss.xBlockAllocatedBit)
    [Anonymous Symbol]                       0x20001d8c   Section        0  tasks.o(.bss.xDelayedTaskList1)
    xDelayedTaskList1                        0x20001d8c   Data          20  tasks.o(.bss.xDelayedTaskList1)
    [Anonymous Symbol]                       0x20001da0   Section        0  tasks.o(.bss.xDelayedTaskList2)
    xDelayedTaskList2                        0x20001da0   Data          20  tasks.o(.bss.xDelayedTaskList2)
    [Anonymous Symbol]                       0x20001db4   Section        0  heap_4.o(.bss.xFreeBytesRemaining)
    xFreeBytesRemaining                      0x20001db4   Data           4  heap_4.o(.bss.xFreeBytesRemaining)
    [Anonymous Symbol]                       0x20001db8   Section        0  tasks.o(.bss.xIdleTaskHandle)
    xIdleTaskHandle                          0x20001db8   Data           4  tasks.o(.bss.xIdleTaskHandle)
    [Anonymous Symbol]                       0x20001dbc   Section        0  heap_4.o(.bss.xMinimumEverFreeBytesRemaining)
    xMinimumEverFreeBytesRemaining           0x20001dbc   Data           4  heap_4.o(.bss.xMinimumEverFreeBytesRemaining)
    [Anonymous Symbol]                       0x20001dc0   Section        0  tasks.o(.bss.xNextTaskUnblockTime)
    xNextTaskUnblockTime                     0x20001dc0   Data           4  tasks.o(.bss.xNextTaskUnblockTime)
    [Anonymous Symbol]                       0x20001dc4   Section        0  tasks.o(.bss.xNumOfOverflows)
    xNumOfOverflows                          0x20001dc4   Data           4  tasks.o(.bss.xNumOfOverflows)
    [Anonymous Symbol]                       0x20001dc8   Section        0  tasks.o(.bss.xPendingReadyList)
    xPendingReadyList                        0x20001dc8   Data          20  tasks.o(.bss.xPendingReadyList)
    [Anonymous Symbol]                       0x20001ddc   Section        0  tasks.o(.bss.xSchedulerRunning)
    xSchedulerRunning                        0x20001ddc   Data           4  tasks.o(.bss.xSchedulerRunning)
    [Anonymous Symbol]                       0x20001de0   Section        0  heap_4.o(.bss.xStart)
    xStart                                   0x20001de0   Data           8  heap_4.o(.bss.xStart)
    [Anonymous Symbol]                       0x20001de8   Section        0  tasks.o(.bss.xSuspendedTaskList)
    xSuspendedTaskList                       0x20001de8   Data          20  tasks.o(.bss.xSuspendedTaskList)
    [Anonymous Symbol]                       0x20001dfc   Section        0  tasks.o(.bss.xTasksWaitingTermination)
    xTasksWaitingTermination                 0x20001dfc   Data          20  tasks.o(.bss.xTasksWaitingTermination)
    [Anonymous Symbol]                       0x20001e10   Section        0  tasks.o(.bss.xTickCount)
    xTickCount                               0x20001e10   Data           4  tasks.o(.bss.xTickCount)
    [Anonymous Symbol]                       0x20001e14   Section        0  tasks.o(.bss.xYieldPending)
    xYieldPending                            0x20001e14   Data           4  tasks.o(.bss.xYieldPending)
    STACK                                    0x20001e18   Section     1024  startup_stm32f103xb.o(STACK)

    Global Symbols

    Symbol Name                              Value     Ov Type        Size  Object(Section)

    BuildAttributes$$THM_ISAv4$P$D$K$B$S$PE$A:L22UL41UL21$X:L11$S22US41US21$IEEE1$IW$~IW$USESV6$~STKCKD$USESV7$~SHL$OTIME$ROPI$IEEEX$EBA8$MICROLIB$REQ8$PRES8$EABIv2 0x00000000   Number         0  anon$$obj.o ABSOLUTE
    __cpp_initialize__aeabi_                  - Undefined Weak Reference
    __cxa_finalize                            - Undefined Weak Reference
    __decompress                              - Undefined Weak Reference
    _clock_init                               - Undefined Weak Reference
    _microlib_exit                            - Undefined Weak Reference
    __Vectors_Size                           0x000000ec   Number         0  startup_stm32f103xb.o ABSOLUTE
    __Vectors                                0x08000000   Data           4  startup_stm32f103xb.o(RESET)
    __Vectors_End                            0x080000ec   Data           0  startup_stm32f103xb.o(RESET)
    __main                                   0x080000ed   Thumb Code     0  entry.o(.ARM.Collect$$$$00000000)
    _main_stk                                0x080000ed   Thumb Code     0  entry2.o(.ARM.Collect$$$$00000001)
    _main_scatterload                        0x080000f1   Thumb Code     0  entry5.o(.ARM.Collect$$$$00000004)
    __main_after_scatterload                 0x080000f5   Thumb Code     0  entry5.o(.ARM.Collect$$$$00000004)
    _main_clock                              0x080000f5   Thumb Code     0  entry7b.o(.ARM.Collect$$$$00000008)
    _main_cpp_init                           0x080000f5   Thumb Code     0  entry8b.o(.ARM.Collect$$$$0000000A)
    _main_init                               0x080000f5   Thumb Code     0  entry9a.o(.ARM.Collect$$$$0000000B)
    __rt_final_cpp                           0x080000fd   Thumb Code     0  entry10a.o(.ARM.Collect$$$$0000000D)
    __rt_final_exit                          0x080000fd   Thumb Code     0  entry11a.o(.ARM.Collect$$$$0000000F)
    Reset_Handler                            0x08000101   Thumb Code     8  startup_stm32f103xb.o(.text)
    ADC1_2_IRQHandler                        0x0800011b   Thumb Code     0  startup_stm32f103xb.o(.text)
    CAN1_RX1_IRQHandler                      0x0800011b   Thumb Code     0  startup_stm32f103xb.o(.text)
    CAN1_SCE_IRQHandler                      0x0800011b   Thumb Code     0  startup_stm32f103xb.o(.text)
    DMA1_Channel1_IRQHandler                 0x0800011b   Thumb Code     0  startup_stm32f103xb.o(.text)
    DMA1_Channel2_IRQHandler                 0x0800011b   Thumb Code     0  startup_stm32f103xb.o(.text)
    DMA1_Channel3_IRQHandler                 0x0800011b   Thumb Code     0  startup_stm32f103xb.o(.text)
    DMA1_Channel4_IRQHandler                 0x0800011b   Thumb Code     0  startup_stm32f103xb.o(.text)
    DMA1_Channel5_IRQHandler                 0x0800011b   Thumb Code     0  startup_stm32f103xb.o(.text)
    DMA1_Channel6_IRQHandler                 0x0800011b   Thumb Code     0  startup_stm32f103xb.o(.text)
    DMA1_Channel7_IRQHandler                 0x0800011b   Thumb Code     0  startup_stm32f103xb.o(.text)
    EXTI0_IRQHandler                         0x0800011b   Thumb Code     0  startup_stm32f103xb.o(.text)
    EXTI15_10_IRQHandler                     0x0800011b   Thumb Code     0  startup_stm32f103xb.o(.text)
    EXTI1_IRQHandler                         0x0800011b   Thumb Code     0  startup_stm32f103xb.o(.text)
    EXTI2_IRQHandler                         0x0800011b   Thumb Code     0  startup_stm32f103xb.o(.text)
    EXTI3_IRQHandler                         0x0800011b   Thumb Code     0  startup_stm32f103xb.o(.text)
    EXTI4_IRQHandler                         0x0800011b   Thumb Code     0  startup_stm32f103xb.o(.text)
    EXTI9_5_IRQHandler                       0x0800011b   Thumb Code     0  startup_stm32f103xb.o(.text)
    FLASH_IRQHandler                         0x0800011b   Thumb Code     0  startup_stm32f103xb.o(.text)
    I2C1_ER_IRQHandler                       0x0800011b   Thumb Code     0  startup_stm32f103xb.o(.text)
    I2C1_EV_IRQHandler                       0x0800011b   Thumb Code     0  startup_stm32f103xb.o(.text)
    I2C2_ER_IRQHandler                       0x0800011b   Thumb Code     0  startup_stm32f103xb.o(.text)
    I2C2_EV_IRQHandler                       0x0800011b   Thumb Code     0  startup_stm32f103xb.o(.text)
    PVD_IRQHandler                           0x0800011b   Thumb Code     0  startup_stm32f103xb.o(.text)
    RCC_IRQHandler                           0x0800011b   Thumb Code     0  startup_stm32f103xb.o(.text)
    RTC_Alarm_IRQHandler                     0x0800011b   Thumb Code     0  startup_stm32f103xb.o(.text)
    RTC_IRQHandler                           0x0800011b   Thumb Code     0  startup_stm32f103xb.o(.text)
    SPI1_IRQHandler                          0x0800011b   Thumb Code     0  startup_stm32f103xb.o(.text)
    SPI2_IRQHandler                          0x0800011b   Thumb Code     0  startup_stm32f103xb.o(.text)
    TAMPER_IRQHandler                        0x0800011b   Thumb Code     0  startup_stm32f103xb.o(.text)
    TIM1_BRK_IRQHandler                      0x0800011b   Thumb Code     0  startup_stm32f103xb.o(.text)
    TIM1_CC_IRQHandler                       0x0800011b   Thumb Code     0  startup_stm32f103xb.o(.text)
    TIM1_TRG_COM_IRQHandler                  0x0800011b   Thumb Code     0  startup_stm32f103xb.o(.text)
    TIM1_UP_IRQHandler                       0x0800011b   Thumb Code     0  startup_stm32f103xb.o(.text)
    TIM2_IRQHandler                          0x0800011b   Thumb Code     0  startup_stm32f103xb.o(.text)
    TIM3_IRQHandler                          0x0800011b   Thumb Code     0  startup_stm32f103xb.o(.text)
    USART2_IRQHandler                        0x0800011b   Thumb Code     0  startup_stm32f103xb.o(.text)
    USART3_IRQHandler                        0x0800011b   Thumb Code     0  startup_stm32f103xb.o(.text)
    USBWakeUp_IRQHandler                     0x0800011b   Thumb Code     0  startup_stm32f103xb.o(.text)
    USB_HP_CAN1_TX_IRQHandler                0x0800011b   Thumb Code     0  startup_stm32f103xb.o(.text)
    USB_LP_CAN1_RX0_IRQHandler               0x0800011b   Thumb Code     0  startup_stm32f103xb.o(.text)
    WWDG_IRQHandler                          0x0800011b   Thumb Code     0  startup_stm32f103xb.o(.text)
    __aeabi_memcpy                           0x08000125   Thumb Code    36  memcpya.o(.text)
    __aeabi_memcpy4                          0x08000125   Thumb Code     0  memcpya.o(.text)
    __aeabi_memcpy8                          0x08000125   Thumb Code     0  memcpya.o(.text)
    __aeabi_memset                           0x08000149   Thumb Code    14  memseta.o(.text)
    __aeabi_memset4                          0x08000149   Thumb Code     0  memseta.o(.text)
    __aeabi_memset8                          0x08000149   Thumb Code     0  memseta.o(.text)
    __aeabi_memclr                           0x08000157   Thumb Code     4  memseta.o(.text)
    __aeabi_memclr4                          0x08000157   Thumb Code     0  memseta.o(.text)
    __aeabi_memclr8                          0x08000157   Thumb Code     0  memseta.o(.text)
    _memset$wrapper                          0x0800015b   Thumb Code    18  memseta.o(.text)
    strstr                                   0x0800016d   Thumb Code    36  strstr.o(.text)
    strncpy                                  0x08000191   Thumb Code    24  strncpy.o(.text)
    strcmp                                   0x080001a9   Thumb Code    28  strcmp.o(.text)
    atoi                                     0x080001c5   Thumb Code    26  atoi.o(.text)
    __aeabi_dadd                             0x080001df   Thumb Code   322  dadd.o(.text)
    __aeabi_dsub                             0x08000321   Thumb Code     6  dadd.o(.text)
    __aeabi_drsub                            0x08000327   Thumb Code     6  dadd.o(.text)
    __aeabi_dmul                             0x0800032d   Thumb Code   228  dmul.o(.text)
    __aeabi_ddiv                             0x08000411   Thumb Code   222  ddiv.o(.text)
    __aeabi_uidiv                            0x080004ef   Thumb Code     0  uidiv.o(.text)
    __aeabi_uidivmod                         0x080004ef   Thumb Code    44  uidiv.o(.text)
    __aeabi_uldivmod                         0x0800051b   Thumb Code    98  uldiv.o(.text)
    __aeabi_llsl                             0x0800057d   Thumb Code    30  llshl.o(.text)
    _ll_shift_l                              0x0800057d   Thumb Code     0  llshl.o(.text)
    __aeabi_llsr                             0x0800059b   Thumb Code    32  llushr.o(.text)
    _ll_ushift_r                             0x0800059b   Thumb Code     0  llushr.o(.text)
    __aeabi_lasr                             0x080005bb   Thumb Code    36  llsshr.o(.text)
    _ll_sshift_r                             0x080005bb   Thumb Code     0  llsshr.o(.text)
    strtol                                   0x080005df   Thumb Code   112  strtol.o(.text)
    __I$use$fp                               0x0800064f   Thumb Code     0  iusefp.o(.text)
    _double_round                            0x0800064f   Thumb Code    30  depilogue.o(.text)
    _double_epilogue                         0x0800066d   Thumb Code   156  depilogue.o(.text)
    __aeabi_d2ulz                            0x08000709   Thumb Code    48  dfixul.o(.text)
    __aeabi_cdrcmple                         0x08000739   Thumb Code    48  cdrcmple.o(.text)
    __scatterload                            0x08000769   Thumb Code    28  init.o(.text)
    __scatterload_rt2                        0x08000769   Thumb Code     0  init.o(.text)
    __rt_ctype_table                         0x0800078d   Thumb Code     4  ctype_o.o(.text)
    _strtoul                                 0x08000795   Thumb Code   158  _strtoul.o(.text)
    _chval                                   0x08000833   Thumb Code    28  _chval.o(.text)
    Add_Vehicle                              0x08000851   Thumb Code   138  app.o(.text.Add_Vehicle)
    BusFault_Handler                         0x080008dd   Thumb Code     4  stm32f1xx_it.o(.text.BusFault_Handler)
    DebugMon_Handler                         0x080008e1   Thumb Code     2  stm32f1xx_it.o(.text.DebugMon_Handler)
    Error_Handler                            0x080008e5   Thumb Code    14  main.o(.text.Error_Handler)
    Find_Vehicle                             0x080008f5   Thumb Code    94  app.o(.text.Find_Vehicle)
    Green_LED_Off                            0x08000955   Thumb Code    20  led.o(.text.Green_LED_Off)
    Green_LED_On                             0x08000969   Thumb Code    20  led.o(.text.Green_LED_On)
    HAL_DMA_Abort_IT                         0x0800097d   Thumb Code   290  stm32f1xx_hal_dma.o(.text.HAL_DMA_Abort_IT)
    HAL_Delay                                0x08000aa1   Thumb Code    78  stm32f1xx_hal.o(.text.HAL_Delay)
    HAL_GPIO_Init                            0x08000af1   Thumb Code   824  stm32f1xx_hal_gpio.o(.text.HAL_GPIO_Init)
    HAL_GPIO_TogglePin                       0x08000e29   Thumb Code    54  stm32f1xx_hal_gpio.o(.text.HAL_GPIO_TogglePin)
    HAL_GPIO_WritePin                        0x08000e61   Thumb Code    66  stm32f1xx_hal_gpio.o(.text.HAL_GPIO_WritePin)
    HAL_GetTick                              0x08000ea5   Thumb Code    12  stm32f1xx_hal.o(.text.HAL_GetTick)
    HAL_IncTick                              0x08000eb1   Thumb Code    26  stm32f1xx_hal.o(.text.HAL_IncTick)
    HAL_Init                                 0x08000ecd   Thumb Code    44  stm32f1xx_hal.o(.text.HAL_Init)
    HAL_InitTick                             0x08000ef9   Thumb Code   256  stm32f1xx_hal_timebase_tim.o(.text.HAL_InitTick)
    HAL_MspInit                              0x08000ff9   Thumb Code   104  stm32f1xx_hal_msp.o(.text.HAL_MspInit)
    HAL_NVIC_EnableIRQ                       0x08001061   Thumb Code    24  stm32f1xx_hal_cortex.o(.text.HAL_NVIC_EnableIRQ)
    HAL_NVIC_SetPriority                     0x08001079   Thumb Code    70  stm32f1xx_hal_cortex.o(.text.HAL_NVIC_SetPriority)
    HAL_NVIC_SetPriorityGrouping             0x080010c1   Thumb Code    20  stm32f1xx_hal_cortex.o(.text.HAL_NVIC_SetPriorityGrouping)
    HAL_RCC_ClockConfig                      0x080010d5   Thumb Code   618  stm32f1xx_hal_rcc.o(.text.HAL_RCC_ClockConfig)
    HAL_RCC_GetClockConfig                   0x08001341   Thumb Code   104  stm32f1xx_hal_rcc.o(.text.HAL_RCC_GetClockConfig)
    HAL_RCC_GetHCLKFreq                      0x080013a9   Thumb Code    12  stm32f1xx_hal_rcc.o(.text.HAL_RCC_GetHCLKFreq)
    HAL_RCC_GetPCLK1Freq                     0x080013b5   Thumb Code    38  stm32f1xx_hal_rcc.o(.text.HAL_RCC_GetPCLK1Freq)
    HAL_RCC_GetPCLK2Freq                     0x080013dd   Thumb Code    38  stm32f1xx_hal_rcc.o(.text.HAL_RCC_GetPCLK2Freq)
    HAL_RCC_GetSysClockFreq                  0x08001405   Thumb Code   190  stm32f1xx_hal_rcc.o(.text.HAL_RCC_GetSysClockFreq)
    HAL_RCC_OscConfig                        0x080014c5   Thumb Code  1728  stm32f1xx_hal_rcc.o(.text.HAL_RCC_OscConfig)
    HAL_TIMEx_BreakCallback                  0x08001b85   Thumb Code    12  stm32f1xx_hal_tim_ex.o(.text.HAL_TIMEx_BreakCallback)
    HAL_TIMEx_CommutCallback                 0x08001b91   Thumb Code    12  stm32f1xx_hal_tim_ex.o(.text.HAL_TIMEx_CommutCallback)
    HAL_TIM_Base_Init                        0x08001b9d   Thumb Code   102  stm32f1xx_hal_tim.o(.text.HAL_TIM_Base_Init)
    HAL_TIM_Base_MspInit                     0x08001c05   Thumb Code    12  stm32f1xx_hal_tim.o(.text.HAL_TIM_Base_MspInit)
    HAL_TIM_Base_Start_IT                    0x08001c11   Thumb Code    60  stm32f1xx_hal_tim.o(.text.HAL_TIM_Base_Start_IT)
    HAL_TIM_IC_CaptureCallback               0x08001c4d   Thumb Code    12  stm32f1xx_hal_tim.o(.text.HAL_TIM_IC_CaptureCallback)
    HAL_TIM_IRQHandler                       0x08001c59   Thumb Code   650  stm32f1xx_hal_tim.o(.text.HAL_TIM_IRQHandler)
    HAL_TIM_OC_DelayElapsedCallback          0x08001ee5   Thumb Code    12  stm32f1xx_hal_tim.o(.text.HAL_TIM_OC_DelayElapsedCallback)
    HAL_TIM_PWM_PulseFinishedCallback        0x08001ef1   Thumb Code    12  stm32f1xx_hal_tim.o(.text.HAL_TIM_PWM_PulseFinishedCallback)
    HAL_TIM_PeriodElapsedCallback            0x08001efd   Thumb Code    38  main.o(.text.HAL_TIM_PeriodElapsedCallback)
    HAL_TIM_TriggerCallback                  0x08001f25   Thumb Code    12  stm32f1xx_hal_tim.o(.text.HAL_TIM_TriggerCallback)
    HAL_UART_ErrorCallback                   0x08001f31   Thumb Code    12  stm32f1xx_hal_uart.o(.text.HAL_UART_ErrorCallback)
    HAL_UART_IRQHandler                      0x08001f3d   Thumb Code   544  stm32f1xx_hal_uart.o(.text.HAL_UART_IRQHandler)
    HAL_UART_Init                            0x0800215d   Thumb Code   166  stm32f1xx_hal_uart.o(.text.HAL_UART_Init)
    HAL_UART_MspInit                         0x08002205   Thumb Code   182  usart.o(.text.HAL_UART_MspInit)
    HAL_UART_Receive_IT                      0x080022bd   Thumb Code   208  stm32f1xx_hal_uart.o(.text.HAL_UART_Receive_IT)
    HAL_UART_RxCpltCallback                  0x0800238d   Thumb Code    78  app.o(.text.HAL_UART_RxCpltCallback)
    HAL_UART_Transmit                        0x080023dd   Thumb Code   384  stm32f1xx_hal_uart.o(.text.HAL_UART_Transmit)
    HAL_UART_TxCpltCallback                  0x0800255d   Thumb Code    12  stm32f1xx_hal_uart.o(.text.HAL_UART_TxCpltCallback)
    HardFault_Handler                        0x08002569   Thumb Code     4  stm32f1xx_it.o(.text.HardFault_Handler)
    MX_GPIO_Init                             0x0800256d   Thumb Code   298  gpio.o(.text.MX_GPIO_Init)
    MX_USART1_UART_Init                      0x08002699   Thumb Code    60  usart.o(.text.MX_USART1_UART_Init)
    MemManage_Handler                        0x080026d5   Thumb Code     4  stm32f1xx_it.o(.text.MemManage_Handler)
    NMI_Handler                              0x080026d9   Thumb Code     4  stm32f1xx_it.o(.text.NMI_Handler)
    OLED_Clear                               0x0800275d   Thumb Code    94  oled.o(.text.OLED_Clear)
    OLED_ClearArea                           0x080027bd   Thumb Code   258  oled.o(.text.OLED_ClearArea)
    OLED_GPIO_Init                           0x080028c1   Thumb Code    28  oled.o(.text.OLED_GPIO_Init)
    OLED_I2C_SendByte                        0x080028dd   Thumb Code   102  oled.o(.text.OLED_I2C_SendByte)
    OLED_I2C_Start                           0x08002945   Thumb Code    36  oled.o(.text.OLED_I2C_Start)
    OLED_I2C_Stop                            0x08002969   Thumb Code    28  oled.o(.text.OLED_I2C_Stop)
    OLED_Init                                0x08002985   Thumb Code   146  oled.o(.text.OLED_Init)
    OLED_Pow                                 0x08002a19   Thumb Code    48  oled.o(.text.OLED_Pow)
    OLED_SetCursor                           0x08002a49   Thumb Code    62  oled.o(.text.OLED_SetCursor)
    OLED_ShowChar                            0x08002a89   Thumb Code   164  oled.o(.text.OLED_ShowChar)
    OLED_ShowChinese                         0x08002b2d   Thumb Code   282  oled.o(.text.OLED_ShowChinese)
    OLED_ShowImage                           0x08002c49   Thumb Code   370  oled.o(.text.OLED_ShowImage)
    OLED_ShowNum                             0x08002dbd   Thumb Code   182  oled.o(.text.OLED_ShowNum)
    OLED_ShowString                          0x08002e75   Thumb Code   120  oled.o(.text.OLED_ShowString)
    OLED_Update                              0x08002eed   Thumb Code    72  oled.o(.text.OLED_Update)
    OLED_W_SCL                               0x08002f35   Thumb Code    38  oled.o(.text.OLED_W_SCL)
    OLED_W_SDA                               0x08002f5d   Thumb Code    38  oled.o(.text.OLED_W_SDA)
    OLED_WriteCommand                        0x08002f85   Thumb Code    44  oled.o(.text.OLED_WriteCommand)
    OLED_WriteData                           0x08002fb1   Thumb Code    90  oled.o(.text.OLED_WriteData)
    PendSV_Handler                           0x08003011   Thumb Code    68  port.o(.text.PendSV_Handler)
    Red_LED_Off                              0x08003095   Thumb Code    20  led.o(.text.Red_LED_Off)
    SVC_Handler                              0x080030b1   Thumb Code    36  port.o(.text.SVC_Handler)
    SysTick_Handler                          0x080030d5   Thumb Code    62  port.o(.text.SysTick_Handler)
    SystemClock_Config                       0x08003115   Thumb Code   122  main.o(.text.SystemClock_Config)
    SystemInit                               0x08003191   Thumb Code    96  system_stm32f1xx.o(.text.SystemInit)
    TIM4_IRQHandler                          0x080031f1   Thumb Code    16  stm32f1xx_it.o(.text.TIM4_IRQHandler)
    TIM_Base_SetConfig                       0x08003201   Thumb Code   248  stm32f1xx_hal_tim.o(.text.TIM_Base_SetConfig)
    USART1_IRQHandler                        0x08003709   Thumb Code    16  stm32f1xx_it.o(.text.USART1_IRQHandler)
    UsageFault_Handler                       0x08003719   Thumb Code     4  stm32f1xx_it.o(.text.UsageFault_Handler)
    Yellow_LED_Off                           0x0800371d   Thumb Code    20  led.o(.text.Yellow_LED_Off)
    Yellow_LED_On                            0x08003731   Thumb Code    20  led.o(.text.Yellow_LED_On)
    app_init                                 0x08003819   Thumb Code   148  app.o(.text.app_init)
    fputc                                    0x080038ad   Thumb Code    52  app.o(.text.fputc)
    led_task                                 0x080038e1   Thumb Code    30  app.o(.text.led_task)
    main                                     0x08003901   Thumb Code    34  main.o(.text.main)
    oled_task                                0x08003925   Thumb Code   782  app.o(.text.oled_task)
    pvPortMalloc                             0x0800434d   Thumb Code   520  heap_4.o(.text.pvPortMalloc)
    pxPortInitialiseStack                    0x08004555   Thumb Code    98  port.o(.text.pxPortInitialiseStack)
    uart_task                                0x08004651   Thumb Code   300  app.o(.text.uart_task)
    uxListRemove                             0x0800477d   Thumb Code    76  list.o(.text.uxListRemove)
    vListInitialise                          0x080047c9   Thumb Code    50  list.o(.text.vListInitialise)
    vListInitialiseItem                      0x080047fd   Thumb Code    18  list.o(.text.vListInitialiseItem)
    vListInsert                              0x08004811   Thumb Code   116  list.o(.text.vListInsert)
    vListInsertEnd                           0x08004885   Thumb Code    66  list.o(.text.vListInsertEnd)
    vPortEnterCritical                       0x080048c9   Thumb Code    96  port.o(.text.vPortEnterCritical)
    vPortExitCritical                        0x08004929   Thumb Code    86  port.o(.text.vPortExitCritical)
    vPortFree                                0x08004981   Thumb Code   216  heap_4.o(.text.vPortFree)
    vPortSetupTimerInterrupt                 0x08004a59   Thumb Code    74  port.o(.text.vPortSetupTimerInterrupt)
    vTaskDelay                               0x08004aa5   Thumb Code   126  tasks.o(.text.vTaskDelay)
    vTaskStartScheduler                      0x08004b25   Thumb Code   178  tasks.o(.text.vTaskStartScheduler)
    vTaskSuspendAll                          0x08004bd9   Thumb Code    16  tasks.o(.text.vTaskSuspendAll)
    vTaskSwitchContext                       0x08004be9   Thumb Code   202  tasks.o(.text.vTaskSwitchContext)
    xPortStartScheduler                      0x08004cb5   Thumb Code   236  port.o(.text.xPortStartScheduler)
    xTaskCreate                              0x08004da1   Thumb Code   180  tasks.o(.text.xTaskCreate)
    xTaskIncrementTick                       0x08004e55   Thumb Code   472  tasks.o(.text.xTaskIncrementTick)
    xTaskResumeAll                           0x0800502d   Thumb Code   420  tasks.o(.text.xTaskResumeAll)
    __0printf                                0x080051d1   Thumb Code    22  printfa.o(i.__0printf)
    __1printf                                0x080051d1   Thumb Code     0  printfa.o(i.__0printf)
    __2printf                                0x080051d1   Thumb Code     0  printfa.o(i.__0printf)
    __c89printf                              0x080051d1   Thumb Code     0  printfa.o(i.__0printf)
    printf                                   0x080051d1   Thumb Code     0  printfa.o(i.__0printf)
    __aeabi_errno_addr                       0x080051f1   Thumb Code     4  errno.o(i.__aeabi_errno_addr)
    __rt_errno_addr                          0x080051f1   Thumb Code     0  errno.o(i.__aeabi_errno_addr)
    __scatterload_copy                       0x080051f9   Thumb Code    14  handlers.o(i.__scatterload_copy)
    __scatterload_null                       0x08005207   Thumb Code     2  handlers.o(i.__scatterload_null)
    __scatterload_zeroinit                   0x08005209   Thumb Code    14  handlers.o(i.__scatterload_zeroinit)
    __ctype_table                            0x08005aca   Data         129  ctype_o.o(.constdata)
    AHBPrescTable                            0x08005b50   Data          16  system_stm32f1xx.o(.rodata.AHBPrescTable)
    APBPrescTable                            0x08005b60   Data           8  system_stm32f1xx.o(.rodata.APBPrescTable)
    OLED_CF16x16                             0x08005b7a   Data         980  oled_data.o(.rodata.OLED_CF16x16)
    OLED_F6x8                                0x08005f4e   Data         570  oled_data.o(.rodata.OLED_F6x8)
    OLED_F8x16                               0x08006188   Data        1520  oled_data.o(.rodata.OLED_F8x16)
    Region$$Table$$Base                      0x08006880   Number         0  anon$$obj.o(Region$$Table)
    Region$$Table$$Limit                     0x080068a0   Number         0  anon$$obj.o(Region$$Table)
    __stdout                                 0x20000000   Data           4  stdout.o(.data)
    SystemCoreClock                          0x20000008   Data           4  system_stm32f1xx.o(.data.SystemCoreClock)
    uwTickFreq                               0x2000000d   Data           1  stm32f1xx_hal.o(.data.uwTickFreq)
    uwTickPrio                               0x20000010   Data           4  stm32f1xx_hal.o(.data.uwTickPrio)
    OLED_DisplayBuf                          0x20000018   Data        1024  oled.o(.bss.OLED_DisplayBuf)
    Serial_flag                              0x20000418   Data           1  app.o(.bss.Serial_flag)
    g_plate_number_buf                       0x20000419   Data          32  app.o(.bss.g_plate_number_buf)
    g_vehicle_count                          0x2000043c   Data           4  app.o(.bss.g_vehicle_count)
    g_vehicle_db                             0x20000440   Data         900  app.o(.bss.g_vehicle_db)
    htim4                                    0x200007c4   Data          64  stm32f1xx_hal_timebase_tim.o(.bss.htim4)
    huart1                                   0x20000804   Data          64  usart.o(.bss.huart1)
    pxCurrentTCB                             0x20000844   Data           4  tasks.o(.bss.pxCurrentTCB)
    rx_data                                  0x200008e0   Data           1  app.o(.bss.rx_data)
    uart_rb                                  0x200008e2   Data         132  app.o(.bss.uart_rb)
    uwTick                                   0x20001d6c   Data           4  stm32f1xx_hal.o(.bss.uwTick)
    __initial_sp                             0x20002218   Data           0  startup_stm32f103xb.o(STACK)



==============================================================================

Memory Map of the image

  Image Entry point : 0x080000ed

  Load Region LR_IROM1 (Base: 0x08000000, Size: 0x000068b8, Max: 0x00010000, ABSOLUTE)

    Execution Region ER_IROM1 (Exec base: 0x08000000, Load base: 0x08000000, Size: 0x000068a0, Max: 0x00010000, ABSOLUTE)

    Exec Addr    Load Addr    Size         Type   Attr      Idx    E Section Name        Object

    0x08000000   0x08000000   0x000000ec   Data   RO            3    RESET               startup_stm32f103xb.o
    0x080000ec   0x080000ec   0x00000000   Code   RO         1584  * .ARM.Collect$$$$00000000  mc_w.l(entry.o)
    0x080000ec   0x080000ec   0x00000004   Code   RO         1680    .ARM.Collect$$$$00000001  mc_w.l(entry2.o)
    0x080000f0   0x080000f0   0x00000004   Code   RO         1683    .ARM.Collect$$$$00000004  mc_w.l(entry5.o)
    0x080000f4   0x080000f4   0x00000000   Code   RO         1685    .ARM.Collect$$$$00000008  mc_w.l(entry7b.o)
    0x080000f4   0x080000f4   0x00000000   Code   RO         1687    .ARM.Collect$$$$0000000A  mc_w.l(entry8b.o)
    0x080000f4   0x080000f4   0x00000008   Code   RO         1688    .ARM.Collect$$$$0000000B  mc_w.l(entry9a.o)
    0x080000fc   0x080000fc   0x00000000   Code   RO         1690    .ARM.Collect$$$$0000000D  mc_w.l(entry10a.o)
    0x080000fc   0x080000fc   0x00000000   Code   RO         1692    .ARM.Collect$$$$0000000F  mc_w.l(entry11a.o)
    0x080000fc   0x080000fc   0x00000004   Code   RO         1681    .ARM.Collect$$$$00002712  mc_w.l(entry2.o)
    0x08000100   0x08000100   0x00000024   Code   RO            4    .text               startup_stm32f103xb.o
    0x08000124   0x08000124   0x00000024   Code   RO         1587    .text               mc_w.l(memcpya.o)
    0x08000148   0x08000148   0x00000024   Code   RO         1589    .text               mc_w.l(memseta.o)
    0x0800016c   0x0800016c   0x00000024   Code   RO         1591    .text               mc_w.l(strstr.o)
    0x08000190   0x08000190   0x00000018   Code   RO         1593    .text               mc_w.l(strncpy.o)
    0x080001a8   0x080001a8   0x0000001c   Code   RO         1595    .text               mc_w.l(strcmp.o)
    0x080001c4   0x080001c4   0x0000001a   Code   RO         1627    .text               mc_w.l(atoi.o)
    0x080001de   0x080001de   0x0000014e   Code   RO         1631    .text               mf_w.l(dadd.o)
    0x0800032c   0x0800032c   0x000000e4   Code   RO         1633    .text               mf_w.l(dmul.o)
    0x08000410   0x08000410   0x000000de   Code   RO         1635    .text               mf_w.l(ddiv.o)
    0x080004ee   0x080004ee   0x0000002c   Code   RO         1695    .text               mc_w.l(uidiv.o)
    0x0800051a   0x0800051a   0x00000062   Code   RO         1697    .text               mc_w.l(uldiv.o)
    0x0800057c   0x0800057c   0x0000001e   Code   RO         1699    .text               mc_w.l(llshl.o)
    0x0800059a   0x0800059a   0x00000020   Code   RO         1701    .text               mc_w.l(llushr.o)
    0x080005ba   0x080005ba   0x00000024   Code   RO         1703    .text               mc_w.l(llsshr.o)
    0x080005de   0x080005de   0x00000070   Code   RO         1712    .text               mc_w.l(strtol.o)
    0x0800064e   0x0800064e   0x00000000   Code   RO         1714    .text               mc_w.l(iusefp.o)
    0x0800064e   0x0800064e   0x000000ba   Code   RO         1717    .text               mf_w.l(depilogue.o)
    0x08000708   0x08000708   0x00000030   Code   RO         1719    .text               mf_w.l(dfixul.o)
    0x08000738   0x08000738   0x00000030   Code   RO         1723    .text               mf_w.l(cdrcmple.o)
    0x08000768   0x08000768   0x00000024   Code   RO         1729    .text               mc_w.l(init.o)
    0x0800078c   0x0800078c   0x00000008   Code   RO         1731    .text               mc_w.l(ctype_o.o)
    0x08000794   0x08000794   0x0000009e   Code   RO         1759    .text               mc_w.l(_strtoul.o)
    0x08000832   0x08000832   0x0000001c   Code   RO         1763    .text               mc_w.l(_chval.o)
    0x0800084e   0x0800084e   0x00000002   PAD
    0x08000850   0x08000850   0x0000008a   Code   RO         1417    .text.Add_Vehicle   app.o
    0x080008da   0x080008da   0x00000002   PAD
    0x080008dc   0x080008dc   0x00000004   Code   RO           64    .text.BusFault_Handler  stm32f1xx_it.o
    0x080008e0   0x080008e0   0x00000002   Code   RO           68    .text.DebugMon_Handler  stm32f1xx_it.o
    0x080008e2   0x080008e2   0x00000002   PAD
    0x080008e4   0x080008e4   0x0000000e   Code   RO           15    .text.Error_Handler  main.o
    0x080008f2   0x080008f2   0x00000002   PAD
    0x080008f4   0x080008f4   0x0000005e   Code   RO         1415    .text.Find_Vehicle  app.o
    0x08000952   0x08000952   0x00000002   PAD
    0x08000954   0x08000954   0x00000014   Code   RO         1553    .text.Green_LED_Off  led.o
    0x08000968   0x08000968   0x00000014   Code   RO         1551    .text.Green_LED_On  led.o
    0x0800097c   0x0800097c   0x00000122   Code   RO          736    .text.HAL_DMA_Abort_IT  stm32f1xx_hal_dma.o
    0x08000a9e   0x08000a9e   0x00000002   PAD
    0x08000aa0   0x08000aa0   0x0000004e   Code   RO          595    .text.HAL_Delay     stm32f1xx_hal.o
    0x08000aee   0x08000aee   0x00000002   PAD
    0x08000af0   0x08000af0   0x00000338   Code   RO          698    .text.HAL_GPIO_Init  stm32f1xx_hal_gpio.o
    0x08000e28   0x08000e28   0x00000036   Code   RO          706    .text.HAL_GPIO_TogglePin  stm32f1xx_hal_gpio.o
    0x08000e5e   0x08000e5e   0x00000002   PAD
    0x08000e60   0x08000e60   0x00000042   Code   RO          704    .text.HAL_GPIO_WritePin  stm32f1xx_hal_gpio.o
    0x08000ea2   0x08000ea2   0x00000002   PAD
    0x08000ea4   0x08000ea4   0x0000000c   Code   RO          587    .text.HAL_GetTick   stm32f1xx_hal.o
    0x08000eb0   0x08000eb0   0x0000001a   Code   RO          585    .text.HAL_IncTick   stm32f1xx_hal.o
    0x08000eca   0x08000eca   0x00000002   PAD
    0x08000ecc   0x08000ecc   0x0000002c   Code   RO          575    .text.HAL_Init      stm32f1xx_hal.o
    0x08000ef8   0x08000ef8   0x00000100   Code   RO           96    .text.HAL_InitTick  stm32f1xx_hal_timebase_tim.o
    0x08000ff8   0x08000ff8   0x00000068   Code   RO           84    .text.HAL_MspInit   stm32f1xx_hal_msp.o
    0x08001060   0x08001060   0x00000018   Code   RO          772    .text.HAL_NVIC_EnableIRQ  stm32f1xx_hal_cortex.o
    0x08001078   0x08001078   0x00000046   Code   RO          764    .text.HAL_NVIC_SetPriority  stm32f1xx_hal_cortex.o
    0x080010be   0x080010be   0x00000002   PAD
    0x080010c0   0x080010c0   0x00000014   Code   RO          760    .text.HAL_NVIC_SetPriorityGrouping  stm32f1xx_hal_cortex.o
    0x080010d4   0x080010d4   0x0000026a   Code   RO          644    .text.HAL_RCC_ClockConfig  stm32f1xx_hal_rcc.o
    0x0800133e   0x0800133e   0x00000002   PAD
    0x08001340   0x08001340   0x00000068   Code   RO          662    .text.HAL_RCC_GetClockConfig  stm32f1xx_hal_rcc.o
    0x080013a8   0x080013a8   0x0000000c   Code   RO          654    .text.HAL_RCC_GetHCLKFreq  stm32f1xx_hal_rcc.o
    0x080013b4   0x080013b4   0x00000026   Code   RO          656    .text.HAL_RCC_GetPCLK1Freq  stm32f1xx_hal_rcc.o
    0x080013da   0x080013da   0x00000002   PAD
    0x080013dc   0x080013dc   0x00000026   Code   RO          658    .text.HAL_RCC_GetPCLK2Freq  stm32f1xx_hal_rcc.o
    0x08001402   0x08001402   0x00000002   PAD
    0x08001404   0x08001404   0x000000be   Code   RO          646    .text.HAL_RCC_GetSysClockFreq  stm32f1xx_hal_rcc.o
    0x080014c2   0x080014c2   0x00000002   PAD
    0x080014c4   0x080014c4   0x000006c0   Code   RO          640    .text.HAL_RCC_OscConfig  stm32f1xx_hal_rcc.o
    0x08001b84   0x08001b84   0x0000000c   Code   RO          441    .text.HAL_TIMEx_BreakCallback  stm32f1xx_hal_tim_ex.o
    0x08001b90   0x08001b90   0x0000000c   Code   RO          437    .text.HAL_TIMEx_CommutCallback  stm32f1xx_hal_tim_ex.o
    0x08001b9c   0x08001b9c   0x00000066   Code   RO          129    .text.HAL_TIM_Base_Init  stm32f1xx_hal_tim.o
    0x08001c02   0x08001c02   0x00000002   PAD
    0x08001c04   0x08001c04   0x0000000c   Code   RO          131    .text.HAL_TIM_Base_MspInit  stm32f1xx_hal_tim.o
    0x08001c10   0x08001c10   0x0000003c   Code   RO          143    .text.HAL_TIM_Base_Start_IT  stm32f1xx_hal_tim.o
    0x08001c4c   0x08001c4c   0x0000000c   Code   RO          265    .text.HAL_TIM_IC_CaptureCallback  stm32f1xx_hal_tim.o
    0x08001c58   0x08001c58   0x0000028a   Code   RO          263    .text.HAL_TIM_IRQHandler  stm32f1xx_hal_tim.o
    0x08001ee2   0x08001ee2   0x00000002   PAD
    0x08001ee4   0x08001ee4   0x0000000c   Code   RO          267    .text.HAL_TIM_OC_DelayElapsedCallback  stm32f1xx_hal_tim.o
    0x08001ef0   0x08001ef0   0x0000000c   Code   RO          269    .text.HAL_TIM_PWM_PulseFinishedCallback  stm32f1xx_hal_tim.o
    0x08001efc   0x08001efc   0x00000026   Code   RO           17    .text.HAL_TIM_PeriodElapsedCallback  main.o
    0x08001f22   0x08001f22   0x00000002   PAD
    0x08001f24   0x08001f24   0x0000000c   Code   RO          273    .text.HAL_TIM_TriggerCallback  stm32f1xx_hal_tim.o
    0x08001f30   0x08001f30   0x0000000c   Code   RO          537    .text.HAL_UART_ErrorCallback  stm32f1xx_hal_uart.o
    0x08001f3c   0x08001f3c   0x00000220   Code   RO          531    .text.HAL_UART_IRQHandler  stm32f1xx_hal_uart.o
    0x0800215c   0x0800215c   0x000000a6   Code   RO          455    .text.HAL_UART_Init  stm32f1xx_hal_uart.o
    0x08002202   0x08002202   0x00000002   PAD
    0x08002204   0x08002204   0x000000b6   Code   RO           43    .text.HAL_UART_MspInit  usart.o
    0x080022ba   0x080022ba   0x00000002   PAD
    0x080022bc   0x080022bc   0x000000d0   Code   RO          479    .text.HAL_UART_Receive_IT  stm32f1xx_hal_uart.o
    0x0800238c   0x0800238c   0x0000004e   Code   RO         1419    .text.HAL_UART_RxCpltCallback  app.o
    0x080023da   0x080023da   0x00000002   PAD
    0x080023dc   0x080023dc   0x00000180   Code   RO          471    .text.HAL_UART_Transmit  stm32f1xx_hal_uart.o
    0x0800255c   0x0800255c   0x0000000c   Code   RO          543    .text.HAL_UART_TxCpltCallback  stm32f1xx_hal_uart.o
    0x08002568   0x08002568   0x00000004   Code   RO           60    .text.HardFault_Handler  stm32f1xx_it.o
    0x0800256c   0x0800256c   0x0000012a   Code   RO           29    .text.MX_GPIO_Init  gpio.o
    0x08002696   0x08002696   0x00000002   PAD
    0x08002698   0x08002698   0x0000003c   Code   RO           41    .text.MX_USART1_UART_Init  usart.o
    0x080026d4   0x080026d4   0x00000004   Code   RO           62    .text.MemManage_Handler  stm32f1xx_it.o
    0x080026d8   0x080026d8   0x00000004   Code   RO           58    .text.NMI_Handler   stm32f1xx_it.o
    0x080026dc   0x080026dc   0x00000080   Code   RO          770    .text.NVIC_EncodePriority  stm32f1xx_hal_cortex.o
    0x0800275c   0x0800275c   0x0000005e   Code   RO         1482    .text.OLED_Clear    oled.o
    0x080027ba   0x080027ba   0x00000002   PAD
    0x080027bc   0x080027bc   0x00000102   Code   RO         1484    .text.OLED_ClearArea  oled.o
    0x080028be   0x080028be   0x00000002   PAD
    0x080028c0   0x080028c0   0x0000001c   Code   RO         1456    .text.OLED_GPIO_Init  oled.o
    0x080028dc   0x080028dc   0x00000066   Code   RO         1462    .text.OLED_I2C_SendByte  oled.o
    0x08002942   0x08002942   0x00000002   PAD
    0x08002944   0x08002944   0x00000024   Code   RO         1458    .text.OLED_I2C_Start  oled.o
    0x08002968   0x08002968   0x0000001c   Code   RO         1460    .text.OLED_I2C_Stop  oled.o
    0x08002984   0x08002984   0x00000092   Code   RO         1468    .text.OLED_Init     oled.o
    0x08002a16   0x08002a16   0x00000002   PAD
    0x08002a18   0x08002a18   0x00000030   Code   RO         1472    .text.OLED_Pow      oled.o
    0x08002a48   0x08002a48   0x0000003e   Code   RO         1470    .text.OLED_SetCursor  oled.o
    0x08002a86   0x08002a86   0x00000002   PAD
    0x08002a88   0x08002a88   0x000000a4   Code   RO         1490    .text.OLED_ShowChar  oled.o
    0x08002b2c   0x08002b2c   0x0000011a   Code   RO         1506    .text.OLED_ShowChinese  oled.o
    0x08002c46   0x08002c46   0x00000002   PAD
    0x08002c48   0x08002c48   0x00000172   Code   RO         1492    .text.OLED_ShowImage  oled.o
    0x08002dba   0x08002dba   0x00000002   PAD
    0x08002dbc   0x08002dbc   0x000000b6   Code   RO         1496    .text.OLED_ShowNum  oled.o
    0x08002e72   0x08002e72   0x00000002   PAD
    0x08002e74   0x08002e74   0x00000078   Code   RO         1494    .text.OLED_ShowString  oled.o
    0x08002eec   0x08002eec   0x00000048   Code   RO         1478    .text.OLED_Update   oled.o
    0x08002f34   0x08002f34   0x00000026   Code   RO         1452    .text.OLED_W_SCL    oled.o
    0x08002f5a   0x08002f5a   0x00000002   PAD
    0x08002f5c   0x08002f5c   0x00000026   Code   RO         1454    .text.OLED_W_SDA    oled.o
    0x08002f82   0x08002f82   0x00000002   PAD
    0x08002f84   0x08002f84   0x0000002c   Code   RO         1464    .text.OLED_WriteCommand  oled.o
    0x08002fb0   0x08002fb0   0x0000005a   Code   RO         1466    .text.OLED_WriteData  oled.o
    0x0800300a   0x0800300a   0x00000006   PAD
    0x08003010   0x08003010   0x00000044   Code   RO         1393    .text.PendSV_Handler  port.o
    0x08003054   0x08003054   0x00000040   Code   RO          642    .text.RCC_Delay     stm32f1xx_hal_rcc.o
    0x08003094   0x08003094   0x00000014   Code   RO         1561    .text.Red_LED_Off   led.o
    0x080030a8   0x080030a8   0x00000008   PAD
    0x080030b0   0x080030b0   0x00000024   Code   RO         1379    .text.SVC_Handler   port.o
    0x080030d4   0x080030d4   0x0000003e   Code   RO         1395    .text.SysTick_Handler  port.o
    0x08003112   0x08003112   0x00000002   PAD
    0x08003114   0x08003114   0x0000007a   Code   RO           13    .text.SystemClock_Config  main.o
    0x0800318e   0x0800318e   0x00000002   PAD
    0x08003190   0x08003190   0x00000060   Code   RO          983    .text.SystemInit    system_stm32f1xx.o
    0x080031f0   0x080031f0   0x00000010   Code   RO           70    .text.TIM4_IRQHandler  stm32f1xx_it.o
    0x08003200   0x08003200   0x000000f8   Code   RO          133    .text.TIM_Base_SetConfig  stm32f1xx_hal_tim.o
    0x080032f8   0x080032f8   0x00000024   Code   RO          535    .text.UART_DMAAbortOnError  stm32f1xx_hal_uart.o
    0x0800331c   0x0800331c   0x0000002c   Code   RO          503    .text.UART_EndRxTransfer  stm32f1xx_hal_uart.o
    0x08003348   0x08003348   0x0000002a   Code   RO          541    .text.UART_EndTransmit_IT  stm32f1xx_hal_uart.o
    0x08003372   0x08003372   0x00000002   PAD
    0x08003374   0x08003374   0x000000fa   Code   RO          533    .text.UART_Receive_IT  stm32f1xx_hal_uart.o
    0x0800346e   0x0800346e   0x00000002   PAD
    0x08003470   0x08003470   0x00000130   Code   RO          459    .text.UART_SetConfig  stm32f1xx_hal_uart.o
    0x080035a0   0x080035a0   0x000000aa   Code   RO          539    .text.UART_Transmit_IT  stm32f1xx_hal_uart.o
    0x0800364a   0x0800364a   0x00000002   PAD
    0x0800364c   0x0800364c   0x000000bc   Code   RO          473    .text.UART_WaitOnFlagUntilTimeout  stm32f1xx_hal_uart.o
    0x08003708   0x08003708   0x00000010   Code   RO           72    .text.USART1_IRQHandler  stm32f1xx_it.o
    0x08003718   0x08003718   0x00000004   Code   RO           66    .text.UsageFault_Handler  stm32f1xx_it.o
    0x0800371c   0x0800371c   0x00000014   Code   RO         1557    .text.Yellow_LED_Off  led.o
    0x08003730   0x08003730   0x00000014   Code   RO         1555    .text.Yellow_LED_On  led.o
    0x08003744   0x08003744   0x00000036   Code   RO          774    .text.__NVIC_EnableIRQ  stm32f1xx_hal_cortex.o
    0x0800377a   0x0800377a   0x00000002   PAD
    0x0800377c   0x0800377c   0x00000010   Code   RO          766    .text.__NVIC_GetPriorityGrouping  stm32f1xx_hal_cortex.o
    0x0800378c   0x0800378c   0x0000004a   Code   RO          768    .text.__NVIC_SetPriority  stm32f1xx_hal_cortex.o
    0x080037d6   0x080037d6   0x00000002   PAD
    0x080037d8   0x080037d8   0x00000040   Code   RO          762    .text.__NVIC_SetPriorityGrouping  stm32f1xx_hal_cortex.o
    0x08003818   0x08003818   0x00000094   Code   RO         1431    .text.app_init      app.o
    0x080038ac   0x080038ac   0x00000034   Code   RO         1413    .text.fputc         app.o
    0x080038e0   0x080038e0   0x0000001e   Code   RO         1427    .text.led_task      app.o
    0x080038fe   0x080038fe   0x00000002   PAD
    0x08003900   0x08003900   0x00000022   Code   RO           11    .text.main          main.o
    0x08003922   0x08003922   0x00000002   PAD
    0x08003924   0x08003924   0x0000030e   Code   RO         1429    .text.oled_task     app.o
    0x08003c32   0x08003c32   0x00000002   PAD
    0x08003c34   0x08003c34   0x00000104   Code   RO         1213    .text.prvAddCurrentTaskToDelayedList  tasks.o
    0x08003d38   0x08003d38   0x00000126   Code   RO         1201    .text.prvAddNewTaskToReadyList  tasks.o
    0x08003e5e   0x08003e5e   0x00000002   PAD
    0x08003e60   0x08003e60   0x00000072   Code   RO         1309    .text.prvCheckTasksWaitingTermination  tasks.o
    0x08003ed2   0x08003ed2   0x00000002   PAD
    0x08003ed4   0x08003ed4   0x0000001c   Code   RO         1205    .text.prvDeleteTCB  tasks.o
    0x08003ef0   0x08003ef0   0x000000be   Code   RO         1346    .text.prvHeapInit   heap_4.o
    0x08003fae   0x08003fae   0x00000002   PAD
    0x08003fb0   0x08003fb0   0x00000040   Code   RO         1239    .text.prvIdleTask   tasks.o
    0x08003ff0   0x08003ff0   0x0000013c   Code   RO         1199    .text.prvInitialiseNewTask  tasks.o
    0x0800412c   0x0800412c   0x00000092   Code   RO         1307    .text.prvInitialiseTaskLists  tasks.o
    0x080041be   0x080041be   0x00000002   PAD
    0x080041c0   0x080041c0   0x000000ca   Code   RO         1348    .text.prvInsertBlockIntoFreeList  heap_4.o
    0x0800428a   0x0800428a   0x00000002   PAD
    0x0800428c   0x0800428c   0x00000020   Code   RO         1385    .text.prvPortStartFirstTask  port.o
    0x080042ac   0x080042ac   0x00000048   Code   RO         1207    .text.prvResetNextTaskUnblockTime  tasks.o
    0x080042f4   0x080042f4   0x00000056   Code   RO         1377    .text.prvTaskExitError  port.o
    0x0800434a   0x0800434a   0x00000002   PAD
    0x0800434c   0x0800434c   0x00000208   Code   RO         1344    .text.pvPortMalloc  heap_4.o
    0x08004554   0x08004554   0x00000062   Code   RO         1375    .text.pxPortInitialiseStack  port.o
    0x080045b6   0x080045b6   0x00000002   PAD
    0x080045b8   0x080045b8   0x0000004c   Code   RO         1425    .text.ring_read     app.o
    0x08004604   0x08004604   0x0000004c   Code   RO         1421    .text.ring_write    app.o
    0x08004650   0x08004650   0x0000012c   Code   RO         1423    .text.uart_task     app.o
    0x0800477c   0x0800477c   0x0000004c   Code   RO         1044    .text.uxListRemove  list.o
    0x080047c8   0x080047c8   0x00000032   Code   RO         1036    .text.vListInitialise  list.o
    0x080047fa   0x080047fa   0x00000002   PAD
    0x080047fc   0x080047fc   0x00000012   Code   RO         1038    .text.vListInitialiseItem  list.o
    0x0800480e   0x0800480e   0x00000002   PAD
    0x08004810   0x08004810   0x00000074   Code   RO         1042    .text.vListInsert   list.o
    0x08004884   0x08004884   0x00000042   Code   RO         1040    .text.vListInsertEnd  list.o
    0x080048c6   0x080048c6   0x00000002   PAD
    0x080048c8   0x080048c8   0x00000060   Code   RO         1389    .text.vPortEnterCritical  port.o
    0x08004928   0x08004928   0x00000056   Code   RO         1391    .text.vPortExitCritical  port.o
    0x0800497e   0x0800497e   0x00000002   PAD
    0x08004980   0x08004980   0x000000d8   Code   RO         1350    .text.vPortFree     heap_4.o
    0x08004a58   0x08004a58   0x0000004a   Code   RO         1383    .text.vPortSetupTimerInterrupt  port.o
    0x08004aa2   0x08004aa2   0x00000002   PAD
    0x08004aa4   0x08004aa4   0x0000007e   Code   RO         1217    .text.vTaskDelay    tasks.o
    0x08004b22   0x08004b22   0x00000002   PAD
    0x08004b24   0x08004b24   0x000000b2   Code   RO         1237    .text.vTaskStartScheduler  tasks.o
    0x08004bd6   0x08004bd6   0x00000002   PAD
    0x08004bd8   0x08004bd8   0x00000010   Code   RO         1211    .text.vTaskSuspendAll  tasks.o
    0x08004be8   0x08004be8   0x000000ca   Code   RO         1229    .text.vTaskSwitchContext  tasks.o
    0x08004cb2   0x08004cb2   0x00000002   PAD
    0x08004cb4   0x08004cb4   0x000000ec   Code   RO         1381    .text.xPortStartScheduler  port.o
    0x08004da0   0x08004da0   0x000000b4   Code   RO         1197    .text.xTaskCreate   tasks.o
    0x08004e54   0x08004e54   0x000001d8   Code   RO         1243    .text.xTaskIncrementTick  tasks.o
    0x0800502c   0x0800502c   0x000001a4   Code   RO         1215    .text.xTaskResumeAll  tasks.o
    0x080051d0   0x080051d0   0x00000020   Code   RO         1600    i.__0printf         mc_w.l(printfa.o)
    0x080051f0   0x080051f0   0x00000008   Code   RO         1705    i.__aeabi_errno_addr  mc_w.l(errno.o)
    0x080051f8   0x080051f8   0x0000000e   Code   RO         1767    i.__scatterload_copy  mc_w.l(handlers.o)
    0x08005206   0x08005206   0x00000002   Code   RO         1768    i.__scatterload_null  mc_w.l(handlers.o)
    0x08005208   0x08005208   0x0000000e   Code   RO         1769    i.__scatterload_zeroinit  mc_w.l(handlers.o)
    0x08005216   0x08005216   0x00000002   PAD
    0x08005218   0x08005218   0x00000184   Code   RO         1607    i._fp_digits        mc_w.l(printfa.o)
    0x0800539c   0x0800539c   0x000006dc   Code   RO         1608    i._printf_core      mc_w.l(printfa.o)
    0x08005a78   0x08005a78   0x00000024   Code   RO         1609    i._printf_post_padding  mc_w.l(printfa.o)
    0x08005a9c   0x08005a9c   0x0000002e   Code   RO         1610    i._printf_pre_padding  mc_w.l(printfa.o)
    0x08005aca   0x08005aca   0x00000081   Data   RO         1732    .constdata          mc_w.l(ctype_o.o)
    0x08005b4b   0x08005b4b   0x00000001   PAD
    0x08005b4c   0x08005b4c   0x00000004   Data   RO         1733    .constdata          mc_w.l(ctype_o.o)
    0x08005b50   0x08005b50   0x00000010   Data   RO          988    .rodata.AHBPrescTable  system_stm32f1xx.o
    0x08005b60   0x08005b60   0x00000008   Data   RO          989    .rodata.APBPrescTable  system_stm32f1xx.o
    0x08005b68   0x08005b68   0x00000010   Data   RO          668    .rodata.HAL_RCC_GetSysClockFreq.aPLLMULFactorTable  stm32f1xx_hal_rcc.o
    0x08005b78   0x08005b78   0x00000002   Data   RO          669    .rodata.HAL_RCC_GetSysClockFreq.aPredivFactorTable  stm32f1xx_hal_rcc.o
    0x08005b7a   0x08005b7a   0x000003d4   Data   RO         1540    .rodata.OLED_CF16x16  oled_data.o
    0x08005f4e   0x08005f4e   0x0000023a   Data   RO         1539    .rodata.OLED_F6x8   oled_data.o
    0x08006188   0x08006188   0x000005f0   Data   RO         1538    .rodata.OLED_F8x16  oled_data.o
    0x08006778   0x08006778   0x00000030   Data   RO         1320    .rodata.str1.1      tasks.o
    0x080067a8   0x080067a8   0x0000002d   Data   RO         1360    .rodata.str1.1      heap_4.o
    0x080067d5   0x080067d5   0x0000002f   Data   RO         1401    .rodata.str1.1      port.o
    0x08006804   0x08006804   0x00000079   Data   RO         1441    .rodata.str1.1      app.o
    0x0800687d   0x0800687d   0x00000003   PAD
    0x08006880   0x08006880   0x00000020   Data   RO         1765    Region$$Table       anon$$obj.o


    Execution Region RW_IRAM1 (Exec base: 0x20000000, Load base: 0x080068a0, Size: 0x00002218, Max: 0x00005000, ABSOLUTE)

    Exec Addr    Load Addr    Size         Type   Attr      Idx    E Section Name        Object

    0x20000000   0x080068a0   0x00000004   Data   RW         1694    .data               mc_w.l(stdout.o)
    0x20000004   0x080068a4   0x00000004   Data   RW         1708    .data               mc_w.l(errno.o)
    0x20000008   0x080068a8   0x00000004   Data   RW          987    .data.SystemCoreClock  system_stm32f1xx.o
    0x2000000c   0x080068ac   0x00000001   Data   RW         1440    .data.oled_task.Empty_place  app.o
    0x2000000d   0x080068ad   0x00000001   Data   RW          626    .data.uwTickFreq    stm32f1xx_hal.o
    0x2000000e   0x080068ae   0x00000002   PAD
    0x20000010   0x080068b0   0x00000004   Data   RW          625    .data.uwTickPrio    stm32f1xx_hal.o
    0x20000014   0x080068b4   0x00000004   Data   RW         1402    .data.uxCriticalNesting  port.o
    0x20000018        -       0x00000400   Zero   RW         1526    .bss.OLED_DisplayBuf  oled.o
    0x20000418        -       0x00000001   Zero   RW         1435    .bss.Serial_flag    app.o
    0x20000419        -       0x00000020   Zero   RW         1438    .bss.g_plate_number_buf  app.o
    0x20000439   0x080068b8   0x00000003   PAD
    0x2000043c        -       0x00000004   Zero   RW         1433    .bss.g_vehicle_count  app.o
    0x20000440        -       0x00000384   Zero   RW         1436    .bss.g_vehicle_db   app.o
    0x200007c4        -       0x00000040   Zero   RW          102    .bss.htim4          stm32f1xx_hal_timebase_tim.o
    0x20000804        -       0x00000040   Zero   RW           47    .bss.huart1         usart.o
    0x20000844        -       0x00000004   Zero   RW         1311    .bss.pxCurrentTCB   tasks.o
    0x20000848        -       0x00000004   Zero   RW         1322    .bss.pxDelayedTaskList  tasks.o
    0x2000084c        -       0x00000004   Zero   RW         1358    .bss.pxEnd          heap_4.o
    0x20000850        -       0x00000004   Zero   RW         1323    .bss.pxOverflowDelayedTaskList  tasks.o
    0x20000854        -       0x0000008c   Zero   RW         1312    .bss.pxReadyTasksLists  tasks.o
    0x200008e0        -       0x00000001   Zero   RW         1437    .bss.rx_data        app.o
    0x200008e1   0x080068b8   0x00000001   PAD
    0x200008e2        -       0x00000084   Zero   RW         1434    .bss.uart_rb        app.o
    0x20000966        -       0x00001400   Zero   RW         1364    .bss.ucHeap         heap_4.o
    0x20001d66        -       0x00000001   Zero   RW         1399    .bss.ucMaxSysCallPriority  port.o
    0x20001d67   0x080068b8   0x00000001   PAD
    0x20001d68        -       0x00000004   Zero   RW         1400    .bss.ulMaxPRIGROUPValue  port.o
    0x20001d6c        -       0x00000004   Zero   RW          627    .bss.uwTick         stm32f1xx_hal.o
    0x20001d70        -       0x00000004   Zero   RW         1317    .bss.uxCurrentNumberOfTasks  tasks.o
    0x20001d74        -       0x00000004   Zero   RW         1316    .bss.uxDeletedTasksWaitingCleanUp  tasks.o
    0x20001d78        -       0x00000004   Zero   RW         1329    .bss.uxPendedTicks  tasks.o
    0x20001d7c        -       0x00000004   Zero   RW         1319    .bss.uxSchedulerSuspended  tasks.o
    0x20001d80        -       0x00000004   Zero   RW         1314    .bss.uxTaskNumber   tasks.o
    0x20001d84        -       0x00000004   Zero   RW         1313    .bss.uxTopReadyPriority  tasks.o
    0x20001d88        -       0x00000004   Zero   RW         1359    .bss.xBlockAllocatedBit  heap_4.o
    0x20001d8c        -       0x00000014   Zero   RW         1331    .bss.xDelayedTaskList1  tasks.o
    0x20001da0        -       0x00000014   Zero   RW         1332    .bss.xDelayedTaskList2  tasks.o
    0x20001db4        -       0x00000004   Zero   RW         1361    .bss.xFreeBytesRemaining  heap_4.o
    0x20001db8        -       0x00000004   Zero   RW         1326    .bss.xIdleTaskHandle  tasks.o
    0x20001dbc        -       0x00000004   Zero   RW         1363    .bss.xMinimumEverFreeBytesRemaining  heap_4.o
    0x20001dc0        -       0x00000004   Zero   RW         1327    .bss.xNextTaskUnblockTime  tasks.o
    0x20001dc4        -       0x00000004   Zero   RW         1330    .bss.xNumOfOverflows  tasks.o
    0x20001dc8        -       0x00000014   Zero   RW         1325    .bss.xPendingReadyList  tasks.o
    0x20001ddc        -       0x00000004   Zero   RW         1318    .bss.xSchedulerRunning  tasks.o
    0x20001de0        -       0x00000008   Zero   RW         1362    .bss.xStart         heap_4.o
    0x20001de8        -       0x00000014   Zero   RW         1324    .bss.xSuspendedTaskList  tasks.o
    0x20001dfc        -       0x00000014   Zero   RW         1315    .bss.xTasksWaitingTermination  tasks.o
    0x20001e10        -       0x00000004   Zero   RW         1321    .bss.xTickCount     tasks.o
    0x20001e14        -       0x00000004   Zero   RW         1328    .bss.xYieldPending  tasks.o
    0x20001e18        -       0x00000400   Zero   RW            1    STACK               startup_stm32f103xb.o


==============================================================================

Image component sizes


      Code (inc. data)   RO Data    RW Data    ZI Data      Debug   Object Name

      1774          0        121          1       1070       6624   app.o
       298          0          0          0          0       1701   gpio.o
      1128          0         45          0       5144       3496   heap_4.o
       100          0          0          0          0       1801   led.o
       326          0          0          0          0       2395   list.o
       208          0          0          0          0       4601   main.o
      2202          0          0          0       1024      14789   oled.o
         0          0       3070          0          0        897   oled_data.o
       874         12         47          4          5       3907   port.o
        36          8        236          0       1024        764   startup_stm32f103xb.o
       160          0          0          5          4       6308   stm32f1xx_hal.o
       450          0          0          0          0       8430   stm32f1xx_hal_cortex.o
       290          0          0          0          0       6722   stm32f1xx_hal_dma.o
       944          0          0          0          0       4551   stm32f1xx_hal_gpio.o
       104          0          0          0          0       1247   stm32f1xx_hal_msp.o
      2792          0         18          0          0       7395   stm32f1xx_hal_rcc.o
      1120          0          0          0          0      34104   stm32f1xx_hal_tim.o
        24          0          0          0          0      13849   stm32f1xx_hal_tim_ex.o
       256          0          0          0         64       5706   stm32f1xx_hal_timebase_tim.o
      2360          0          0          0          0      16643   stm32f1xx_hal_uart.o
        54          0          0          0          0       1152   stm32f1xx_it.o
        96          0         24          4          0       2269   system_stm32f1xx.o
      2888          0         48          0        300      22390   tasks.o
       242          0          0          0         64       5501   usart.o

    ----------------------------------------------------------------------
     18852         20       3644         16       8704     177242   Object Totals
         0          0         32          0          0          0   (incl. Generated)
       126          0          3          2          5          0   (incl. Padding)

    ----------------------------------------------------------------------

      Code (inc. data)   RO Data    RW Data    ZI Data      Debug   Library Member Name

        28          0          0          0          0         68   _chval.o
       158          0          0          0          0         92   _strtoul.o
        26          0          0          0          0         80   atoi.o
         8          4        133          0          0         68   ctype_o.o
         0          0          0          0          0          0   entry.o
         0          0          0          0          0          0   entry10a.o
         0          0          0          0          0          0   entry11a.o
         8          4          0          0          0          0   entry2.o
         4          0          0          0          0          0   entry5.o
         0          0          0          0          0          0   entry7b.o
         0          0          0          0          0          0   entry8b.o
         8          4          0          0          0          0   entry9a.o
         8          4          0          4          0         68   errno.o
        30          0          0          0          0          0   handlers.o
        36          8          0          0          0         68   init.o
         0          0          0          0          0          0   iusefp.o
        30          0          0          0          0         68   llshl.o
        36          0          0          0          0         68   llsshr.o
        32          0          0          0          0         68   llushr.o
        36          0          0          0          0         68   memcpya.o
        36          0          0          0          0        108   memseta.o
      2258         90          0          0          0        452   printfa.o
         0          0          0          4          0          0   stdout.o
        28          0          0          0          0         76   strcmp.o
        24          0          0          0          0         76   strncpy.o
        36          0          0          0          0         80   strstr.o
       112          0          0          0          0         88   strtol.o
        44          0          0          0          0         80   uidiv.o
        98          0          0          0          0         92   uldiv.o
        48          0          0          0          0         68   cdrcmple.o
       334          0          0          0          0        148   dadd.o
       222          0          0          0          0        100   ddiv.o
       186          0          0          0          0        176   depilogue.o
        48          0          0          0          0         68   dfixul.o
       228          0          0          0          0         96   dmul.o

    ----------------------------------------------------------------------
      4154        114        134          8          0       2424   Library Totals
         4          0          1          0          0          0   (incl. Padding)

    ----------------------------------------------------------------------

      Code (inc. data)   RO Data    RW Data    ZI Data      Debug   Library Name

      3084        114        133          8          0       1768   mc_w.l
      1066          0          0          0          0        656   mf_w.l

    ----------------------------------------------------------------------
      4154        114        134          8          0       2424   Library Totals

    ----------------------------------------------------------------------

==============================================================================


      Code (inc. data)   RO Data    RW Data    ZI Data      Debug   

     23006        134       3778         24       8704     178234   Grand Totals
     23006        134       3778         24       8704     178234   ELF Image Totals
     23006        134       3778         24          0          0   ROM Totals

==============================================================================

    Total RO  Size (Code + RO Data)                26784 (  26.16kB)
    Total RW  Size (RW Data + ZI Data)              8728 (   8.52kB)
    Total ROM Size (Code + RO Data + RW Data)      26808 (  26.18kB)

==============================================================================

