Component: ARM Compiler 6.10.1 Tool: armlink [5d142800]

==============================================================================

Section Cross References

    startup_stm32f103xb.o(RESET) refers to startup_stm32f103xb.o(STACK) for __initial_sp
    startup_stm32f103xb.o(RESET) refers to startup_stm32f103xb.o(.text) for Reset_Handler
    startup_stm32f103xb.o(RESET) refers to stm32f1xx_it.o(.text.NMI_Handler) for NMI_Handler
    startup_stm32f103xb.o(RESET) refers to stm32f1xx_it.o(.text.HardFault_Handler) for HardFault_Handler
    startup_stm32f103xb.o(RESET) refers to stm32f1xx_it.o(.text.MemManage_Handler) for MemManage_Handler
    startup_stm32f103xb.o(RESET) refers to stm32f1xx_it.o(.text.BusFault_Handler) for BusFault_Handler
    startup_stm32f103xb.o(RESET) refers to stm32f1xx_it.o(.text.UsageFault_Handler) for UsageFault_Handler
    startup_stm32f103xb.o(RESET) refers to port.o(.text.SVC_Handler) for SVC_Handler
    startup_stm32f103xb.o(RESET) refers to stm32f1xx_it.o(.text.DebugMon_Handler) for DebugMon_Handler
    startup_stm32f103xb.o(RESET) refers to port.o(.text.PendSV_Handler) for PendSV_Handler
    startup_stm32f103xb.o(RESET) refers to port.o(.text.SysTick_Handler) for SysTick_Handler
    startup_stm32f103xb.o(RESET) refers to stm32f1xx_it.o(.text.TIM4_IRQHandler) for TIM4_IRQHandler
    startup_stm32f103xb.o(RESET) refers to stm32f1xx_it.o(.text.USART1_IRQHandler) for USART1_IRQHandler
    startup_stm32f103xb.o(.text) refers to system_stm32f1xx.o(.text.SystemInit) for SystemInit
    startup_stm32f103xb.o(.text) refers to entry.o(.ARM.Collect$$$$00000000) for __main
    main.o(.text.main) refers to stm32f1xx_hal.o(.text.HAL_Init) for HAL_Init
    main.o(.text.main) refers to main.o(.text.SystemClock_Config) for SystemClock_Config
    main.o(.text.main) refers to gpio.o(.text.MX_GPIO_Init) for MX_GPIO_Init
    main.o(.text.main) refers to usart.o(.text.MX_USART1_UART_Init) for MX_USART1_UART_Init
    main.o(.text.main) refers to tim.o(.text.MX_TIM2_Init) for MX_TIM2_Init
    main.o(.text.main) refers to app.o(.text.app_init) for app_init
    main.o(.ARM.exidx.text.main) refers to main.o(.text.main) for [Anonymous Symbol]
    main.o(.text.SystemClock_Config) refers to memseta.o(.text) for __aeabi_memclr4
    main.o(.text.SystemClock_Config) refers to stm32f1xx_hal_rcc.o(.text.HAL_RCC_OscConfig) for HAL_RCC_OscConfig
    main.o(.text.SystemClock_Config) refers to main.o(.text.Error_Handler) for Error_Handler
    main.o(.text.SystemClock_Config) refers to stm32f1xx_hal_rcc.o(.text.HAL_RCC_ClockConfig) for HAL_RCC_ClockConfig
    main.o(.ARM.exidx.text.SystemClock_Config) refers to main.o(.text.SystemClock_Config) for [Anonymous Symbol]
    main.o(.ARM.exidx.text.Error_Handler) refers to main.o(.text.Error_Handler) for [Anonymous Symbol]
    main.o(.text.HAL_TIM_PeriodElapsedCallback) refers to stm32f1xx_hal.o(.text.HAL_IncTick) for HAL_IncTick
    main.o(.ARM.exidx.text.HAL_TIM_PeriodElapsedCallback) refers to main.o(.text.HAL_TIM_PeriodElapsedCallback) for [Anonymous Symbol]
    gpio.o(.text.MX_GPIO_Init) refers to stm32f1xx_hal_gpio.o(.text.HAL_GPIO_WritePin) for HAL_GPIO_WritePin
    gpio.o(.text.MX_GPIO_Init) refers to stm32f1xx_hal_gpio.o(.text.HAL_GPIO_Init) for HAL_GPIO_Init
    gpio.o(.ARM.exidx.text.MX_GPIO_Init) refers to gpio.o(.text.MX_GPIO_Init) for [Anonymous Symbol]
    tim.o(.text.MX_TIM2_Init) refers to tim.o(.bss.htim2) for htim2
    tim.o(.text.MX_TIM2_Init) refers to stm32f1xx_hal_tim.o(.text.HAL_TIM_Base_Init) for HAL_TIM_Base_Init
    tim.o(.text.MX_TIM2_Init) refers to main.o(.text.Error_Handler) for Error_Handler
    tim.o(.text.MX_TIM2_Init) refers to stm32f1xx_hal_tim.o(.text.HAL_TIM_ConfigClockSource) for HAL_TIM_ConfigClockSource
    tim.o(.text.MX_TIM2_Init) refers to stm32f1xx_hal_tim.o(.text.HAL_TIM_PWM_Init) for HAL_TIM_PWM_Init
    tim.o(.text.MX_TIM2_Init) refers to stm32f1xx_hal_tim_ex.o(.text.HAL_TIMEx_MasterConfigSynchronization) for HAL_TIMEx_MasterConfigSynchronization
    tim.o(.text.MX_TIM2_Init) refers to stm32f1xx_hal_tim.o(.text.HAL_TIM_PWM_ConfigChannel) for HAL_TIM_PWM_ConfigChannel
    tim.o(.text.MX_TIM2_Init) refers to tim.o(.text.HAL_TIM_MspPostInit) for HAL_TIM_MspPostInit
    tim.o(.ARM.exidx.text.MX_TIM2_Init) refers to tim.o(.text.MX_TIM2_Init) for [Anonymous Symbol]
    tim.o(.text.HAL_TIM_MspPostInit) refers to stm32f1xx_hal_gpio.o(.text.HAL_GPIO_Init) for HAL_GPIO_Init
    tim.o(.ARM.exidx.text.HAL_TIM_MspPostInit) refers to tim.o(.text.HAL_TIM_MspPostInit) for [Anonymous Symbol]
    tim.o(.ARM.exidx.text.HAL_TIM_Base_MspInit) refers to tim.o(.text.HAL_TIM_Base_MspInit) for [Anonymous Symbol]
    tim.o(.ARM.exidx.text.HAL_TIM_Base_MspDeInit) refers to tim.o(.text.HAL_TIM_Base_MspDeInit) for [Anonymous Symbol]
    usart.o(.text.MX_USART1_UART_Init) refers to usart.o(.bss.huart1) for huart1
    usart.o(.text.MX_USART1_UART_Init) refers to stm32f1xx_hal_uart.o(.text.HAL_UART_Init) for HAL_UART_Init
[...]
    [Anonymous Symbol]                       0x08004518   Section        0  main.o(.text.main)
    [Anonymous Symbol]                       0x08004540   Section        0  app.o(.text.oled_task)
    [Anonymous Symbol]                       0x080048ac   Section        0  tasks.o(.text.prvAddCurrentTaskToDelayedList)
    prvAddCurrentTaskToDelayedList           0x080048ad   Thumb Code   260  tasks.o(.text.prvAddCurrentTaskToDelayedList)
    [Anonymous Symbol]                       0x080049b0   Section        0  tasks.o(.text.prvAddNewTaskToReadyList)
    prvAddNewTaskToReadyList                 0x080049b1   Thumb Code   294  tasks.o(.text.prvAddNewTaskToReadyList)
    [Anonymous Symbol]                       0x08004ad8   Section        0  tasks.o(.text.prvCheckTasksWaitingTermination)
    prvCheckTasksWaitingTermination          0x08004ad9   Thumb Code   114  tasks.o(.text.prvCheckTasksWaitingTermination)
    [Anonymous Symbol]                       0x08004b4c   Section        0  queue.o(.text.prvCopyDataFromQueue)
    prvCopyDataFromQueue                     0x08004b4d   Thumb Code    84  queue.o(.text.prvCopyDataFromQueue)
    [Anonymous Symbol]                       0x08004ba0   Section        0  queue.o(.text.prvCopyDataToQueue)
    prvCopyDataToQueue                       0x08004ba1   Thumb Code   254  queue.o(.text.prvCopyDataToQueue)
    [Anonymous Symbol]                       0x08004ca0   Section        0  tasks.o(.text.prvDeleteTCB)
    prvDeleteTCB                             0x08004ca1   Thumb Code    28  tasks.o(.text.prvDeleteTCB)
    [Anonymous Symbol]                       0x08004cbc   Section        0  queue.o(.text.prvGetDisinheritPriorityAfterTimeout)
    prvGetDisinheritPriorityAfterTimeout     0x08004cbd   Thumb Code    44  queue.o(.text.prvGetDisinheritPriorityAfterTimeout)
    [Anonymous Symbol]                       0x08004ce8   Section        0  heap_4.o(.text.prvHeapInit)
    prvHeapInit                              0x08004ce9   Thumb Code   190  heap_4.o(.text.prvHeapInit)
    [Anonymous Symbol]                       0x08004da8   Section        0  tasks.o(.text.prvIdleTask)
    prvIdleTask                              0x08004da9   Thumb Code    64  tasks.o(.text.prvIdleTask)
    [Anonymous Symbol]                       0x08004de8   Section        0  queue.o(.text.prvInitialiseNewQueue)
    prvInitialiseNewQueue                    0x08004de9   Thumb Code   100  queue.o(.text.prvInitialiseNewQueue)
    [Anonymous Symbol]                       0x08004e4c   Section        0  tasks.o(.text.prvInitialiseNewTask)
    prvInitialiseNewTask                     0x08004e4d   Thumb Code   316  tasks.o(.text.prvInitialiseNewTask)
    [Anonymous Symbol]                       0x08004f88   Section        0  tasks.o(.text.prvInitialiseTaskLists)
    prvInitialiseTaskLists                   0x08004f89   Thumb Code   146  tasks.o(.text.prvInitialiseTaskLists)
    [Anonymous Symbol]                       0x0800501c   Section        0  heap_4.o(.text.prvInsertBlockIntoFreeList)
    prvInsertBlockIntoFreeList               0x0800501d   Thumb Code   202  heap_4.o(.text.prvInsertBlockIntoFreeList)
    [Anonymous Symbol]                       0x080050e8   Section        0  queue.o(.text.prvIsQueueEmpty)
    prvIsQueueEmpty                          0x080050e9   Thumb Code    46  queue.o(.text.prvIsQueueEmpty)
    [Anonymous Symbol]                       0x08005118   Section        0  queue.o(.text.prvIsQueueFull)
    prvIsQueueFull                           0x08005119   Thumb Code    50  queue.o(.text.prvIsQueueFull)
    [Anonymous Symbol]                       0x0800514c   Section        0  port.o(.text.prvPortStartFirstTask)
    prvPortStartFirstTask                    0x0800514d   Thumb Code    26  port.o(.text.prvPortStartFirstTask)
    [Anonymous Symbol]                       0x0800516c   Section        0  tasks.o(.text.prvResetNextTaskUnblockTime)
    prvResetNextTaskUnblockTime              0x0800516d   Thumb Code    72  tasks.o(.text.prvResetNextTaskUnblockTime)
    [Anonymous Symbol]                       0x080051b4   Section        0  port.o(.text.prvTaskExitError)
    prvTaskExitError                         0x080051b5   Thumb Code    86  port.o(.text.prvTaskExitError)
    [Anonymous Symbol]                       0x0800520c   Section        0  queue.o(.text.prvUnlockQueue)
    prvUnlockQueue                           0x0800520d   Thumb Code   186  queue.o(.text.prvUnlockQueue)
    [Anonymous Symbol]                       0x080052c8   Section        0  heap_4.o(.text.pvPortMalloc)
    [Anonymous Symbol]                       0x080054d0   Section        0  tasks.o(.text.pvTaskIncrementMutexHeldCount)
    [Anonymous Symbol]                       0x08005500   Section        0  port.o(.text.pxPortInitialiseStack)
    [Anonymous Symbol]                       0x08005564   Section        0  app.o(.text.ring_read)
    ring_read                                0x08005565   Thumb Code    76  app.o(.text.ring_read)
    [Anonymous Symbol]                       0x080055b0   Section        0  app.o(.text.ring_write)
    ring_write                               0x080055b1   Thumb Code    76  app.o(.text.ring_write)
    [Anonymous Symbol]                       0x080055fc   Section        0  servo.o(.text.servo_close)
    [Anonymous Symbol]                       0x0800560c   Section        0  servo.o(.text.servo_init)
    [Anonymous Symbol]                       0x08005634   Section        0  servo.o(.text.servo_open)
    [Anonymous Symbol]                       0x08005644   Section        0  app.o(.text.servo_task)
    [Anonymous Symbol]                       0x080056b8   Section        0  app.o(.text.uart_task)
    [Anonymous Symbol]                       0x080057fc   Section        0  list.o(.text.uxListRemove)
    [Anonymous Symbol]                       0x08005848   Section        0  list.o(.text.vListInitialise)
    [Anonymous Symbol]                       0x0800587c   Section        0  list.o(.text.vListInitialiseItem)
    [Anonymous Symbol]                       0x08005890   Section        0  list.o(.text.vListInsert)
    [Anonymous Symbol]                       0x08005904   Section        0  list.o(.text.vListInsertEnd)
    [Anonymous Symbol]                       0x08005948   Section        0  port.o(.text.vPortEnterCritical)
    [Anonymous Symbol]                       0x080059a8   Section        0  port.o(.text.vPortExitCritical)
    [Anonymous Symbol]                       0x08005a00   Section        0  heap_4.o(.text.vPortFree)
    [Anonymous Symbol]                       0x08005ad8   Section        0  port.o(.text.vPortSetupTimerInterrupt)
    [Anonymous Symbol]                       0x08005b24   Section        0  tasks.o(.text.vTaskDelay)
    [Anonymous Symbol]                       0x08005ba4   Section        0  tasks.o(.text.vTaskInternalSetTimeOutState)
    [Anonymous Symbol]                       0x08005bcc   Section        0  tasks.o(.text.vTaskMissedYield)
    [Anonymous Symbol]                       0x08005bdc   Section        0  tasks.o(.text.vTaskPlaceOnEventList)
    [Anonymous Symbol]                       0x08005c30   Section        0  tasks.o(.text.vTaskPriorityDisinheritAfterTimeout)
    [Anonymous Symbol]                       0x08005db0   Section        0  tasks.o(.text.vTaskStartScheduler)
    [Anonymous Symbol]                       0x08005e64   Section        0  tasks.o(.text.vTaskSuspendAll)
    [Anonymous Symbol]                       0x08005e74   Section        0  tasks.o(.text.vTaskSwitchContext)
    [Anonymous Symbol]                       0x08005f40   Section        0  port.o(.text.xPortStartScheduler)
    [Anonymous Symbol]                       0x0800602c   Section        0  queue.o(.text.xQueueGenericCreate)
    [Anonymous Symbol]                       0x080060c0   Section        0  queue.o(.text.xQueueGenericReset)
    [Anonymous Symbol]                       0x0800619c   Section        0  queue.o(.text.xQueueGenericSend)
    [Anonymous Symbol]                       0x08006434   Section        0  queue.o(.text.xQueueReceive)
    [Anonymous Symbol]                       0x08006674   Section        0  queue.o(.text.xQueueSemaphoreTake)
    [Anonymous Symbol]                       0x08006910   Section        0  tasks.o(.text.xTaskCheckForTimeOut)
    [Anonymous Symbol]                       0x08006a00   Section        0  tasks.o(.text.xTaskCreate)
    [Anonymous Symbol]                       0x08006ab4   Section        0  tasks.o(.text.xTaskGetSchedulerState)
    [Anonymous Symbol]                       0x08006af0   Section        0  tasks.o(.text.xTaskGetTickCount)
    [Anonymous Symbol]                       0x08006b04   Section        0  tasks.o(.text.xTaskIncrementTick)
    [Anonymous Symbol]                       0x08006cdc   Section        0  tasks.o(.text.xTaskPriorityDisinherit)
    [Anonymous Symbol]                       0x08006e14   Section        0  tasks.o(.text.xTaskPriorityInherit)
    [Anonymous Symbol]                       0x08006f5c   Section        0  tasks.o(.text.xTaskRemoveFromEventList)
    [Anonymous Symbol]                       0x08007040   Section        0  tasks.o(.text.xTaskResumeAll)
    i.__0printf                              0x080071e4   Section        0  printfa.o(i.__0printf)
    i.__aeabi_errno_addr                     0x08007204   Section        0  errno.o(i.__aeabi_errno_addr)
    i.__scatterload_copy                     0x0800720c   Section       14  handlers.o(i.__scatterload_copy)
    i.__scatterload_null                     0x0800721a   Section        2  handlers.o(i.__scatterload_null)
    i.__scatterload_zeroinit                 0x0800721c   Section       14  handlers.o(i.__scatterload_zeroinit)
    i._fp_digits                             0x0800722c   Section        0  printfa.o(i._fp_digits)
    _fp_digits                               0x0800722d   Thumb Code   366  printfa.o(i._fp_digits)
    i._printf_core                           0x080073b0   Section        0  printfa.o(i._printf_core)
    _printf_core                             0x080073b1   Thumb Code  1744  printfa.o(i._printf_core)
    i._printf_post_padding                   0x08007a8c   Section        0  printfa.o(i._printf_post_padding)
    _printf_post_padding                     0x08007a8d   Thumb Code    36  printfa.o(i._printf_post_padding)
    i._printf_pre_padding                    0x08007ab0   Section        0  printfa.o(i._printf_pre_padding)
    _printf_pre_padding                      0x08007ab1   Thumb Code    46  printfa.o(i._printf_pre_padding)
    .constdata                               0x08007ade   Section      129  ctype_o.o(.constdata)
    .constdata                               0x08007b60   Section        4  ctype_o.o(.constdata)
    table                                    0x08007b60   Data           4  ctype_o.o(.constdata)
    [Anonymous Symbol]                       0x08007b7c   Section        0  stm32f1xx_hal_rcc.o(.rodata.HAL_RCC_GetSysClockFreq.aPLLMULFactorTable)
    HAL_RCC_GetSysClockFreq.aPLLMULFactorTable 0x08007b7c   Data          16  stm32f1xx_hal_rcc.o(.rodata.HAL_RCC_GetSysClockFreq.aPLLMULFactorTable)
    [Anonymous Symbol]                       0x08007b8c   Section        0  stm32f1xx_hal_rcc.o(.rodata.HAL_RCC_GetSysClockFreq.aPredivFactorTable)
    HAL_RCC_GetSysClockFreq.aPredivFactorTable 0x08007b8c   Data           2  stm32f1xx_hal_rcc.o(.rodata.HAL_RCC_GetSysClockFreq.aPredivFactorTable)
    [Anonymous Symbol]                       0x0800878c   Section        0  queue.o(.rodata.str1.1)
    .L.str                                   0x0800878c   Data          16  queue.o(.rodata.str1.1)
    .L.str                                   0x0800878c   Data          16  queue.o(.rodata.str1.1)
    .L.str                                   0x0800878c   Data          16  queue.o(.rodata.str1.1)
    .L.str                                   0x0800878c   Data          16  queue.o(.rodata.str1.1)
    .L.str.1                                 0x0800879c   Data          27  queue.o(.rodata.str1.1)
    [Anonymous Symbol]                       0x080087b7   Section        0  tasks.o(.rodata.str1.1)
    .L.str.2                                 0x080087b7   Data           5  tasks.o(.rodata.str1.1)
    .L.str.1                                 0x080087bc   Data          27  tasks.o(.rodata.str1.1)
    [Anonymous Symbol]                       0x080087d7   Section        0  heap_4.o(.rodata.str1.1)
    .L.str.1                                 0x080087d7   Data          45  heap_4.o(.rodata.str1.1)
    [Anonymous Symbol]                       0x08008804   Section        0  port.o(.rodata.str1.1)
    .L.str.1                                 0x08008804   Data          47  port.o(.rodata.str1.1)
    [Anonymous Symbol]                       0x08008833   Section        0  app.o(.rodata.str1.1)
    .L.str.8                                 0x08008833   Data          17  app.o(.rodata.str1.1)
    .L.str.7                                 0x08008844   Data          16  app.o(.rodata.str1.1)
    .L.str.6                                 0x08008854   Data          16  app.o(.rodata.str1.1)
    .L.str.11                                0x08008864   Data          10  app.o(.rodata.str1.1)
    .L.str.9                                 0x08008865   Data           9  app.o(.rodata.str1.1)
    .L.str.13                                0x0800886e   Data          14  app.o(.rodata.str1.1)
    .L.str.12                                0x0800887c   Data          11  app.o(.rodata.str1.1)
    .L.str.10                                0x08008887   Data          10  app.o(.rodata.str1.1)
    .L.str.5                                 0x08008891   Data          17  app.o(.rodata.str1.1)
    .L.str.4                                 0x080088a2   Data           3  app.o(.rodata.str1.1)
    .L.str                                   0x080088a5   Data           9  app.o(.rodata.str1.1)
    .L.str.2                                 0x080088ae   Data           7  app.o(.rodata.str1.1)
    .L.str.3                                 0x080088b5   Data           9  app.o(.rodata.str1.1)
    .L.str.1                                 0x080088be   Data           7  app.o(.rodata.str1.1)
    .L.str                                   0x080088c4   Data           1  app.o(.rodata.str1.1)
    .data                                    0x20000000   Section        4  stdout.o(.data)
    .data                                    0x20000004   Section        4  errno.o(.data)
    _errno                                   0x20000004   Data           4  errno.o(.data)
    [Anonymous Symbol]                       0x2000000c   Section        0  app.o(.data.oled_task.Empty_place)
    oled_task.Empty_place                    0x2000000c   Data           1  app.o(.data.oled_task.Empty_place)
    [Anonymous Symbol]                       0x20000014   Section        0  port.o(.data.uxCriticalNesting)
    uxCriticalNesting                        0x20000014   Data           4  port.o(.data.uxCriticalNesting)
    [Anonymous Symbol]                       0x200008f4   Section        0  tasks.o(.bss.pxDelayedTaskList)
    pxDelayedTaskList                        0x200008f4   Data           4  tasks.o(.bss.pxDelayedTaskList)
    [Anonymous Symbol]                       0x200008f8   Section        0  heap_4.o(.bss.pxEnd)
    pxEnd                                    0x200008f8   Data           4  heap_4.o(.bss.pxEnd)
    [Anonymous Symbol]                       0x200008fc   Section        0  tasks.o(.bss.pxOverflowDelayedTaskList)
    pxOverflowDelayedTaskList                0x200008fc   Data           4  tasks.o(.bss.pxOverflowDelayedTaskList)
    [Anonymous Symbol]                       0x20000900   Section        0  tasks.o(.bss.pxReadyTasksLists)
    pxReadyTasksLists                        0x20000900   Data         140  tasks.o(.bss.pxReadyTasksLists)
    [Anonymous Symbol]                       0x20000a12   Section        0  heap_4.o(.bss.ucHeap)
    ucHeap                                   0x20000a12   Data       10240  heap_4.o(.bss.ucHeap)
    [Anonymous Symbol]                       0x20003212   Section        0  port.o(.bss.ucMaxSysCallPriority)
    ucMaxSysCallPriority                     0x20003212   Data           1  port.o(.bss.ucMaxSysCallPriority)
    [Anonymous Symbol]                       0x20003214   Section        0  port.o(.bss.ulMaxPRIGROUPValue)
    ulMaxPRIGROUPValue                       0x20003214   Data           4  port.o(.bss.ulMaxPRIGROUPValue)
    [Anonymous Symbol]                       0x2000321c   Section        0  tasks.o(.bss.uxCurrentNumberOfTasks)
    uxCurrentNumberOfTasks                   0x2000321c   Data           4  tasks.o(.bss.uxCurrentNumberOfTasks)
    [Anonymous Symbol]                       0x20003220   Section        0  tasks.o(.bss.uxDeletedTasksWaitingCleanUp)
    uxDeletedTasksWaitingCleanUp             0x20003220   Data           4  tasks.o(.bss.uxDeletedTasksWaitingCleanUp)
    [Anonymous Symbol]                       0x20003224   Section        0  tasks.o(.bss.uxPendedTicks)
    uxPendedTicks                            0x20003224   Data           4  tasks.o(.bss.uxPendedTicks)
    [Anonymous Symbol]                       0x20003228   Section        0  tasks.o(.bss.uxSchedulerSuspended)
    uxSchedulerSuspended                     0x20003228   Data           4  tasks.o(.bss.uxSchedulerSuspended)
    [Anonymous Symbol]                       0x2000322c   Section        0  tasks.o(.bss.uxTaskNumber)
    uxTaskNumber                             0x2000322c   Data           4  tasks.o(.bss.uxTaskNumber)
    [Anonymous Symbol]                       0x20003230   Section        0  tasks.o(.bss.uxTopReadyPriority)
    uxTopReadyPriority                       0x20003230   Data           4  tasks.o(.bss.uxTopReadyPriority)
    [Anonymous Symbol]                       0x20003234   Section        0  heap_4.o(.bss.xBlockAllocatedBit)
    xBlockAllocatedBit                       0x20003234   Data           4  heap_4.o(.bss.xBlockAllocatedBit)
    [Anonymous Symbol]                       0x20003238   Section        0  tasks.o(.bss.xDelayedTaskList1)
    xDelayedTaskList1                        0x20003238   Data          20  tasks.o(.bss.xDelayedTaskList1)
    [Anonymous Symbol]                       0x2000324c   Section        0  tasks.o(.bss.xDelayedTaskList2)
    xDelayedTaskList2                        0x2000324c   Data          20  tasks.o(.bss.xDelayedTaskList2)
    [Anonymous Symbol]                       0x20003260   Section        0  heap_4.o(.bss.xFreeBytesRemaining)
    xFreeBytesRemaining                      0x20003260   Data           4  heap_4.o(.bss.xFreeBytesRemaining)
    [Anonymous Symbol]                       0x20003264   Section        0  tasks.o(.bss.xIdleTaskHandle)
    xIdleTaskHandle                          0x20003264   Data           4  tasks.o(.bss.xIdleTaskHandle)
    [Anonymous Symbol]                       0x2000326c   Section        0  heap_4.o(.bss.xMinimumEverFreeBytesRemaining)
    xMinimumEverFreeBytesRemaining           0x2000326c   Data           4  heap_4.o(.bss.xMinimumEverFreeBytesRemaining)
    [Anonymous Symbol]                       0x20003270   Section        0  tasks.o(.bss.xNextTaskUnblockTime)
    xNextTaskUnblockTime                     0x20003270   Data           4  tasks.o(.bss.xNextTaskUnblockTime)
    [Anonymous Symbol]                       0x20003274   Section        0  tasks.o(.bss.xNumOfOverflows)
    xNumOfOverflows                          0x20003274   Data           4  tasks.o(.bss.xNumOfOverflows)
    [Anonymous Symbol]                       0x20003278   Section        0  tasks.o(.bss.xPendingReadyList)
    xPendingReadyList                        0x20003278   Data          20  tasks.o(.bss.xPendingReadyList)
    [Anonymous Symbol]                       0x2000328c   Section        0  tasks.o(.bss.xSchedulerRunning)
    xSchedulerRunning                        0x2000328c   Data           4  tasks.o(.bss.xSchedulerRunning)
    [Anonymous Symbol]                       0x20003290   Section        0  heap_4.o(.bss.xStart)
    xStart                                   0x20003290   Data           8  heap_4.o(.bss.xStart)
    [Anonymous Symbol]                       0x20003298   Section        0  tasks.o(.bss.xSuspendedTaskList)
    xSuspendedTaskList                       0x20003298   Data          20  tasks.o(.bss.xSuspendedTaskList)
    [Anonymous Symbol]                       0x200032ac   Section        0  tasks.o(.bss.xTasksWaitingTermination)
    xTasksWaitingTermination                 0x200032ac   Data          20  tasks.o(.bss.xTasksWaitingTermination)
    [Anonymous Symbol]                       0x200032c0   Section        0  tasks.o(.bss.xTickCount)
    xTickCount                               0x200032c0   Data           4  tasks.o(.bss.xTickCount)
    [Anonymous Symbol]                       0x200032c8   Section        0  tasks.o(.bss.xYieldPending)
    xYieldPending                            0x200032c8   Data           4  tasks.o(.bss.xYieldPending)
    STACK                                    0x200032d0   Section     1024  startup_stm32f103xb.o(STACK)

    Global Symbols

    Symbol Name                              Value     Ov Type        Size  Object(Section)

    BuildAttributes$$THM_ISAv4$P$D$K$B$S$PE$A:L22UL41UL21$X:L11$S22US41US21$IEEE1$IW$~IW$USESV6$~STKCKD$USESV7$~SHL$OTIME$ROPI$IEEEX$EBA8$MICROLIB$REQ8$PRES8$EABIv2 0x00000000   Number         0  anon$$obj.o ABSOLUTE
    __cpp_initialize__aeabi_                  - Undefined Weak Reference
    __cxa_finalize                            - Undefined Weak Reference
    __decompress                              - Undefined Weak Reference
    _clock_init                               - Undefined Weak Reference
    _microlib_exit                            - Undefined Weak Reference
    __Vectors_Size                           0x000000ec   Number         0  startup_stm32f103xb.o ABSOLUTE
    __Vectors                                0x08000000   Data           4  startup_stm32f103xb.o(RESET)
    __Vectors_End                            0x080000ec   Data           0  startup_stm32f103xb.o(RESET)
    __main                                   0x080000ed   Thumb Code     0  entry.o(.ARM.Collect$$$$00000000)
    _main_stk                                0x080000ed   Thumb Code     0  entry2.o(.ARM.Collect$$$$00000001)
    _main_scatterload                        0x080000f1   Thumb Code     0  entry5.o(.ARM.Collect$$$$00000004)
    __main_after_scatterload                 0x080000f5   Thumb Code     0  entry5.o(.ARM.Collect$$$$00000004)
    _main_clock                              0x080000f5   Thumb Code     0  entry7b.o(.ARM.Collect$$$$00000008)
    _main_cpp_init                           0x080000f5   Thumb Code     0  entry8b.o(.ARM.Collect$$$$0000000A)
    _main_init                               0x080000f5   Thumb Code     0  entry9a.o(.ARM.Collect$$$$0000000B)
    __rt_final_cpp                           0x080000fd   Thumb Code     0  entry10a.o(.ARM.Collect$$$$0000000D)
    __rt_final_exit                          0x080000fd   Thumb Code     0  entry11a.o(.ARM.Collect$$$$0000000F)
    Reset_Handler                            0x08000101   Thumb Code     8  startup_stm32f103xb.o(.text)
    ADC1_2_IRQHandler                        0x0800011b   Thumb Code     0  startup_stm32f103xb.o(.text)
    CAN1_RX1_IRQHandler                      0x0800011b   Thumb Code     0  startup_stm32f103xb.o(.text)
    CAN1_SCE_IRQHandler                      0x0800011b   Thumb Code     0  startup_stm32f103xb.o(.text)
    DMA1_Channel1_IRQHandler                 0x0800011b   Thumb Code     0  startup_stm32f103xb.o(.text)
    DMA1_Channel2_IRQHandler                 0x0800011b   Thumb Code     0  startup_stm32f103xb.o(.text)
    DMA1_Channel3_IRQHandler                 0x0800011b   Thumb Code     0  startup_stm32f103xb.o(.text)
    DMA1_Channel4_IRQHandler                 0x0800011b   Thumb Code     0  startup_stm32f103xb.o(.text)
    DMA1_Channel5_IRQHandler                 0x0800011b   Thumb Code     0  startup_stm32f103xb.o(.text)
    DMA1_Channel6_IRQHandler                 0x0800011b   Thumb Code     0  startup_stm32f103xb.o(.text)
    DMA1_Channel7_IRQHandler                 0x0800011b   Thumb Code     0  startup_stm32f103xb.o(.text)
    EXTI0_IRQHandler                         0x0800011b   Thumb Code     0  startup_stm32f103xb.o(.text)
    EXTI15_10_IRQHandler                     0x0800011b   Thumb Code     0  startup_stm32f103xb.o(.text)
    EXTI1_IRQHandler                         0x0800011b   Thumb Code     0  startup_stm32f103xb.o(.text)
    EXTI2_IRQHandler                         0x0800011b   Thumb Code     0  startup_stm32f103xb.o(.text)
    EXTI3_IRQHandler                         0x0800011b   Thumb Code     0  startup_stm32f103xb.o(.text)
    EXTI4_IRQHandler                         0x0800011b   Thumb Code     0  startup_stm32f103xb.o(.text)
    EXTI9_5_IRQHandler                       0x0800011b   Thumb Code     0  startup_stm32f103xb.o(.text)
    FLASH_IRQHandler                         0x0800011b   Thumb Code     0  startup_stm32f103xb.o(.text)
    I2C1_ER_IRQHandler                       0x0800011b   Thumb Code     0  startup_stm32f103xb.o(.text)
    I2C1_EV_IRQHandler                       0x0800011b   Thumb Code     0  startup_stm32f103xb.o(.text)
    I2C2_ER_IRQHandler                       0x0800011b   Thumb Code     0  startup_stm32f103xb.o(.text)
    I2C2_EV_IRQHandler                       0x0800011b   Thumb Code     0  startup_stm32f103xb.o(.text)
    PVD_IRQHandler                           0x0800011b   Thumb Code     0  startup_stm32f103xb.o(.text)
    RCC_IRQHandler                           0x0800011b   Thumb Code     0  startup_stm32f103xb.o(.text)
    RTC_Alarm_IRQHandler                     0x0800011b   Thumb Code     0  startup_stm32f103xb.o(.text)
    RTC_IRQHandler                           0x0800011b   Thumb Code     0  startup_stm32f103xb.o(.text)
    SPI1_IRQHandler                          0x0800011b   Thumb Code     0  startup_stm32f103xb.o(.text)
    SPI2_IRQHandler                          0x0800011b   Thumb Code     0  startup_stm32f103xb.o(.text)
    TAMPER_IRQHandler                        0x0800011b   Thumb Code     0  startup_stm32f103xb.o(.text)
    TIM1_BRK_IRQHandler                      0x0800011b   Thumb Code     0  startup_stm32f103xb.o(.text)
    TIM1_CC_IRQHandler                       0x0800011b   Thumb Code     0  startup_stm32f103xb.o(.text)
    TIM1_TRG_COM_IRQHandler                  0x0800011b   Thumb Code     0  startup_stm32f103xb.o(.text)
    TIM1_UP_IRQHandler                       0x0800011b   Thumb Code     0  startup_stm32f103xb.o(.text)
    TIM2_IRQHandler                          0x0800011b   Thumb Code     0  startup_stm32f103xb.o(.text)
    TIM3_IRQHandler                          0x0800011b   Thumb Code     0  startup_stm32f103xb.o(.text)
    USART2_IRQHandler                        0x0800011b   Thumb Code     0  startup_stm32f103xb.o(.text)
    USART3_IRQHandler                        0x0800011b   Thumb Code     0  startup_stm32f103xb.o(.text)
    USBWakeUp_IRQHandler                     0x0800011b   Thumb Code     0  startup_stm32f103xb.o(.text)
    USB_HP_CAN1_TX_IRQHandler                0x0800011b   Thumb Code     0  startup_stm32f103xb.o(.text)
    USB_LP_CAN1_RX0_IRQHandler               0x0800011b   Thumb Code     0  startup_stm32f103xb.o(.text)
    WWDG_IRQHandler                          0x0800011b   Thumb Code     0  startup_stm32f103xb.o(.text)
    __aeabi_memcpy                           0x08000125   Thumb Code    36  memcpya.o(.text)
    __aeabi_memcpy4                          0x08000125   Thumb Code     0  memcpya.o(.text)
    __aeabi_memcpy8                          0x08000125   Thumb Code     0  memcpya.o(.text)
    __aeabi_memset                           0x08000149   Thumb Code    14  memseta.o(.text)
    __aeabi_memset4                          0x08000149   Thumb Code     0  memseta.o(.text)
    __aeabi_memset8                          0x08000149   Thumb Code     0  memseta.o(.text)
    __aeabi_memclr                           0x08000157   Thumb Code     4  memseta.o(.text)
    __aeabi_memclr4                          0x08000157   Thumb Code     0  memseta.o(.text)
    __aeabi_memclr8                          0x08000157   Thumb Code     0  memseta.o(.text)
    _memset$wrapper                          0x0800015b   Thumb Code    18  memseta.o(.text)
    strstr                                   0x0800016d   Thumb Code    36  strstr.o(.text)
    strncpy                                  0x08000191   Thumb Code    24  strncpy.o(.text)
    strcmp                                   0x080001a9   Thumb Code    28  strcmp.o(.text)
    strcpy                                   0x080001c5   Thumb Code    18  strcpy.o(.text)
    atoi                                     0x080001d7   Thumb Code    26  atoi.o(.text)
    __aeabi_dadd                             0x080001f1   Thumb Code   322  dadd.o(.text)
    __aeabi_dsub                             0x08000333   Thumb Code     6  dadd.o(.text)
    __aeabi_drsub                            0x08000339   Thumb Code     6  dadd.o(.text)
    __aeabi_dmul                             0x0800033f   Thumb Code   228  dmul.o(.text)
    __aeabi_ddiv                             0x08000423   Thumb Code   222  ddiv.o(.text)
    __aeabi_uidiv                            0x08000501   Thumb Code     0  uidiv.o(.text)
    __aeabi_uidivmod                         0x08000501   Thumb Code    44  uidiv.o(.text)
    __aeabi_uldivmod                         0x0800052d   Thumb Code    98  uldiv.o(.text)
    __aeabi_llsl                             0x0800058f   Thumb Code    30  llshl.o(.text)
    _ll_shift_l                              0x0800058f   Thumb Code     0  llshl.o(.text)
    __aeabi_llsr                             0x080005ad   Thumb Code    32  llushr.o(.text)
    _ll_ushift_r                             0x080005ad   Thumb Code     0  llushr.o(.text)
    __aeabi_lasr                             0x080005cd   Thumb Code    36  llsshr.o(.text)
    _ll_sshift_r                             0x080005cd   Thumb Code     0  llsshr.o(.text)
    strtol                                   0x080005f1   Thumb Code   112  strtol.o(.text)
    __I$use$fp                               0x08000661   Thumb Code     0  iusefp.o(.text)
    _double_round                            0x08000661   Thumb Code    30  depilogue.o(.text)
    _double_epilogue                         0x0800067f   Thumb Code   156  depilogue.o(.text)
    __aeabi_d2ulz                            0x0800071b   Thumb Code    48  dfixul.o(.text)
    __aeabi_cdrcmple                         0x0800074d   Thumb Code    48  cdrcmple.o(.text)
    __scatterload                            0x0800077d   Thumb Code    28  init.o(.text)
    __scatterload_rt2                        0x0800077d   Thumb Code     0  init.o(.text)
    __rt_ctype_table                         0x080007a1   Thumb Code     4  ctype_o.o(.text)
    _strtoul                                 0x080007a9   Thumb Code   158  _strtoul.o(.text)
    _chval                                   0x08000847   Thumb Code    28  _chval.o(.text)
    Add_Vehicle                              0x08000865   Thumb Code   138  app.o(.text.Add_Vehicle)
    BusFault_Handler                         0x080008f1   Thumb Code     4  stm32f1xx_it.o(.text.BusFault_Handler)
    DebugMon_Handler                         0x080008f5   Thumb Code     2  stm32f1xx_it.o(.text.DebugMon_Handler)
    Error_Handler                            0x080008f9   Thumb Code    14  main.o(.text.Error_Handler)
    Find_Vehicle                             0x08000909   Thumb Code    94  app.o(.text.Find_Vehicle)
    Green_LED_Off                            0x08000969   Thumb Code    20  led.o(.text.Green_LED_Off)
    Green_LED_On                             0x0800097d   Thumb Code    20  led.o(.text.Green_LED_On)
    HAL_DMA_Abort_IT                         0x08000991   Thumb Code   290  stm32f1xx_hal_dma.o(.text.HAL_DMA_Abort_IT)
    HAL_Delay                                0x08000ab5   Thumb Code    78  stm32f1xx_hal.o(.text.HAL_Delay)
    HAL_GPIO_Init                            0x08000b05   Thumb Code   824  stm32f1xx_hal_gpio.o(.text.HAL_GPIO_Init)
    HAL_GPIO_ReadPin                         0x08000e3d   Thumb Code    54  stm32f1xx_hal_gpio.o(.text.HAL_GPIO_ReadPin)
    HAL_GPIO_TogglePin                       0x08000e75   Thumb Code    54  stm32f1xx_hal_gpio.o(.text.HAL_GPIO_TogglePin)
    HAL_GPIO_WritePin                        0x08000ead   Thumb Code    66  stm32f1xx_hal_gpio.o(.text.HAL_GPIO_WritePin)
    HAL_GetTick                              0x08000ef1   Thumb Code    12  stm32f1xx_hal.o(.text.HAL_GetTick)
    HAL_IncTick                              0x08000efd   Thumb Code    26  stm32f1xx_hal.o(.text.HAL_IncTick)
    HAL_Init                                 0x08000f19   Thumb Code    44  stm32f1xx_hal.o(.text.HAL_Init)
    HAL_InitTick                             0x08000f45   Thumb Code   256  stm32f1xx_hal_timebase_tim.o(.text.HAL_InitTick)
    HAL_MspInit                              0x08001045   Thumb Code   104  stm32f1xx_hal_msp.o(.text.HAL_MspInit)
    HAL_NVIC_EnableIRQ                       0x080010ad   Thumb Code    24  stm32f1xx_hal_cortex.o(.text.HAL_NVIC_EnableIRQ)
    HAL_NVIC_SetPriority                     0x080010c5   Thumb Code    70  stm32f1xx_hal_cortex.o(.text.HAL_NVIC_SetPriority)
    HAL_NVIC_SetPriorityGrouping             0x0800110d   Thumb Code    20  stm32f1xx_hal_cortex.o(.text.HAL_NVIC_SetPriorityGrouping)
    HAL_RCC_ClockConfig                      0x08001121   Thumb Code   618  stm32f1xx_hal_rcc.o(.text.HAL_RCC_ClockConfig)
    HAL_RCC_GetClockConfig                   0x0800138d   Thumb Code   104  stm32f1xx_hal_rcc.o(.text.HAL_RCC_GetClockConfig)
    HAL_RCC_GetHCLKFreq                      0x080013f5   Thumb Code    12  stm32f1xx_hal_rcc.o(.text.HAL_RCC_GetHCLKFreq)
    HAL_RCC_GetPCLK1Freq                     0x08001401   Thumb Code    38  stm32f1xx_hal_rcc.o(.text.HAL_RCC_GetPCLK1Freq)
    HAL_RCC_GetPCLK2Freq                     0x08001429   Thumb Code    38  stm32f1xx_hal_rcc.o(.text.HAL_RCC_GetPCLK2Freq)
    HAL_RCC_GetSysClockFreq                  0x08001451   Thumb Code   190  stm32f1xx_hal_rcc.o(.text.HAL_RCC_GetSysClockFreq)
    HAL_RCC_OscConfig                        0x08001511   Thumb Code  1728  stm32f1xx_hal_rcc.o(.text.HAL_RCC_OscConfig)
    HAL_TIMEx_BreakCallback                  0x08001bd1   Thumb Code    12  stm32f1xx_hal_tim_ex.o(.text.HAL_TIMEx_BreakCallback)
    HAL_TIMEx_CommutCallback                 0x08001bdd   Thumb Code    12  stm32f1xx_hal_tim_ex.o(.text.HAL_TIMEx_CommutCallback)
    HAL_TIMEx_MasterConfigSynchronization    0x08001be9   Thumb Code   160  stm32f1xx_hal_tim_ex.o(.text.HAL_TIMEx_MasterConfigSynchronization)
    HAL_TIM_Base_Init                        0x08001c89   Thumb Code   102  stm32f1xx_hal_tim.o(.text.HAL_TIM_Base_Init)
    HAL_TIM_Base_MspInit                     0x08001cf1   Thumb Code    58  tim.o(.text.HAL_TIM_Base_MspInit)
    HAL_TIM_Base_Start_IT                    0x08001d2d   Thumb Code    60  stm32f1xx_hal_tim.o(.text.HAL_TIM_Base_Start_IT)
    HAL_TIM_ConfigClockSource                0x08001d69   Thumb Code   414  stm32f1xx_hal_tim.o(.text.HAL_TIM_ConfigClockSource)
    HAL_TIM_IC_CaptureCallback               0x08001f09   Thumb Code    12  stm32f1xx_hal_tim.o(.text.HAL_TIM_IC_CaptureCallback)
    HAL_TIM_IRQHandler                       0x08001f15   Thumb Code   650  stm32f1xx_hal_tim.o(.text.HAL_TIM_IRQHandler)
    HAL_TIM_MspPostInit                      0x080021a1   Thumb Code    94  tim.o(.text.HAL_TIM_MspPostInit)
    HAL_TIM_OC_DelayElapsedCallback          0x08002201   Thumb Code    12  stm32f1xx_hal_tim.o(.text.HAL_TIM_OC_DelayElapsedCallback)
    HAL_TIM_PWM_ConfigChannel                0x0800220d   Thumb Code   352  stm32f1xx_hal_tim.o(.text.HAL_TIM_PWM_ConfigChannel)
    HAL_TIM_PWM_Init                         0x0800236d   Thumb Code   102  stm32f1xx_hal_tim.o(.text.HAL_TIM_PWM_Init)
    HAL_TIM_PWM_MspInit                      0x080023d5   Thumb Code    12  stm32f1xx_hal_tim.o(.text.HAL_TIM_PWM_MspInit)
    HAL_TIM_PWM_PulseFinishedCallback        0x080023e1   Thumb Code    12  stm32f1xx_hal_tim.o(.text.HAL_TIM_PWM_PulseFinishedCallback)
    HAL_TIM_PWM_Start                        0x080023ed   Thumb Code   104  stm32f1xx_hal_tim.o(.text.HAL_TIM_PWM_Start)
    HAL_TIM_PeriodElapsedCallback            0x08002455   Thumb Code    38  main.o(.text.HAL_TIM_PeriodElapsedCallback)
    HAL_TIM_TriggerCallback                  0x0800247d   Thumb Code    12  stm32f1xx_hal_tim.o(.text.HAL_TIM_TriggerCallback)
    HAL_UART_ErrorCallback                   0x08002489   Thumb Code    12  stm32f1xx_hal_uart.o(.text.HAL_UART_ErrorCallback)
    HAL_UART_IRQHandler                      0x08002495   Thumb Code   544  stm32f1xx_hal_uart.o(.text.HAL_UART_IRQHandler)
    HAL_UART_Init                            0x080026b5   Thumb Code   166  stm32f1xx_hal_uart.o(.text.HAL_UART_Init)
    HAL_UART_MspInit                         0x0800275d   Thumb Code   182  usart.o(.text.HAL_UART_MspInit)
    HAL_UART_Receive_IT                      0x08002815   Thumb Code   208  stm32f1xx_hal_uart.o(.text.HAL_UART_Receive_IT)
    HAL_UART_RxCpltCallback                  0x080028e5   Thumb Code    78  app.o(.text.HAL_UART_RxCpltCallback)
    HAL_UART_Transmit                        0x08002935   Thumb Code   384  stm32f1xx_hal_uart.o(.text.HAL_UART_Transmit)
    HAL_UART_TxCpltCallback                  0x08002ab5   Thumb Code    12  stm32f1xx_hal_uart.o(.text.HAL_UART_TxCpltCallback)
    HardFault_Handler                        0x08002ac1   Thumb Code     4  stm32f1xx_it.o(.text.HardFault_Handler)
    MX_GPIO_Init                             0x08002ac5   Thumb Code   318  gpio.o(.text.MX_GPIO_Init)
    MX_TIM2_Init                             0x08002c05   Thumb Code   234  tim.o(.text.MX_TIM2_Init)
    MX_USART1_UART_Init                      0x08002cf1   Thumb Code    60  usart.o(.text.MX_USART1_UART_Init)
    MemManage_Handler                        0x08002d2d   Thumb Code     4  stm32f1xx_it.o(.text.MemManage_Handler)
    NMI_Handler                              0x08002d31   Thumb Code     4  stm32f1xx_it.o(.text.NMI_Handler)
    OLED_Clear                               0x08002db5   Thumb Code    94  oled.o(.text.OLED_Clear)
    OLED_ClearArea                           0x08002e15   Thumb Code   258  oled.o(.text.OLED_ClearArea)
    OLED_GPIO_Init                           0x08002f19   Thumb Code    28  oled.o(.text.OLED_GPIO_Init)
    OLED_I2C_SendByte                        0x08002f35   Thumb Code   102  oled.o(.text.OLED_I2C_SendByte)
    OLED_I2C_Start                           0x08002f9d   Thumb Code    36  oled.o(.text.OLED_I2C_Start)
    OLED_I2C_Stop                            0x08002fc1   Thumb Code    28  oled.o(.text.OLED_I2C_Stop)
    OLED_Init                                0x08002fdd   Thumb Code   146  oled.o(.text.OLED_Init)
    OLED_Pow                                 0x08003071   Thumb Code    48  oled.o(.text.OLED_Pow)
    OLED_SetCursor                           0x080030a1   Thumb Code    62  oled.o(.text.OLED_SetCursor)
    OLED_ShowChar                            0x080030e1   Thumb Code   164  oled.o(.text.OLED_ShowChar)
    OLED_ShowChinese                         0x08003185   Thumb Code   282  oled.o(.text.OLED_ShowChinese)
    OLED_ShowImage                           0x080032a1   Thumb Code   370  oled.o(.text.OLED_ShowImage)
    OLED_ShowNum                             0x08003415   Thumb Code   182  oled.o(.text.OLED_ShowNum)
    OLED_ShowString                          0x080034cd   Thumb Code   120  oled.o(.text.OLED_ShowString)
    OLED_Update                              0x08003545   Thumb Code    72  oled.o(.text.OLED_Update)
    OLED_W_SCL                               0x0800358d   Thumb Code    38  oled.o(.text.OLED_W_SCL)
    OLED_W_SDA                               0x080035b5   Thumb Code    38  oled.o(.text.OLED_W_SDA)
    OLED_WriteCommand                        0x080035dd   Thumb Code    44  oled.o(.text.OLED_WriteCommand)
    OLED_WriteData                           0x08003609   Thumb Code    90  oled.o(.text.OLED_WriteData)
    PendSV_Handler                           0x08003671   Thumb Code    68  port.o(.text.PendSV_Handler)
    Read_Infrared_State                      0x080036f5   Thumb Code    20  infrared.o(.text.Read_Infrared_State)
    Red_LED_Off                              0x08003709   Thumb Code    20  led.o(.text.Red_LED_Off)
    Red_LED_On                               0x0800371d   Thumb Code    20  led.o(.text.Red_LED_On)
    SVC_Handler                              0x08003731   Thumb Code    36  port.o(.text.SVC_Handler)
    SysTick_Handler                          0x08003755   Thumb Code    62  port.o(.text.SysTick_Handler)
    SystemClock_Config                       0x08003795   Thumb Code   122  main.o(.text.SystemClock_Config)
    SystemInit                               0x08003811   Thumb Code    96  system_stm32f1xx.o(.text.SystemInit)
    TIM4_IRQHandler                          0x08003871   Thumb Code    16  stm32f1xx_it.o(.text.TIM4_IRQHandler)
    TIM_Base_SetConfig                       0x08003881   Thumb Code   248  stm32f1xx_hal_tim.o(.text.TIM_Base_SetConfig)
    TIM_CCxChannelCmd                        0x08003979   Thumb Code    74  stm32f1xx_hal_tim.o(.text.TIM_CCxChannelCmd)
    TIM_ETR_SetConfig                        0x080039c5   Thumb Code    74  stm32f1xx_hal_tim.o(.text.TIM_ETR_SetConfig)
    TIM_OC2_SetConfig                        0x08003b1d   Thumb Code   224  stm32f1xx_hal_tim.o(.text.TIM_OC2_SetConfig)
    USART1_IRQHandler                        0x08004255   Thumb Code    16  stm32f1xx_it.o(.text.USART1_IRQHandler)
    UsageFault_Handler                       0x08004265   Thumb Code     4  stm32f1xx_it.o(.text.UsageFault_Handler)
    Yellow_LED_Off                           0x08004269   Thumb Code    20  led.o(.text.Yellow_LED_Off)
    Yellow_LED_On                            0x0800427d   Thumb Code    20  led.o(.text.Yellow_LED_On)
    app_init                                 0x08004365   Thumb Code   268  app.o(.text.app_init)
    fputc                                    0x08004471   Thumb Code    52  app.o(.text.fputc)
    infrared_task                            0x080044a5   Thumb Code    84  app.o(.text.infrared_task)
    led_task                                 0x080044f9   Thumb Code    30  app.o(.text.led_task)
    main                                     0x08004519   Thumb Code    38  main.o(.text.main)
    oled_task                                0x08004541   Thumb Code   874  app.o(.text.oled_task)
    pvPortMalloc                             0x080052c9   Thumb Code   520  heap_4.o(.text.pvPortMalloc)
    pvTaskIncrementMutexHeldCount            0x080054d1   Thumb Code    46  tasks.o(.text.pvTaskIncrementMutexHeldCount)
    pxPortInitialiseStack                    0x08005501   Thumb Code    98  port.o(.text.pxPortInitialiseStack)
    servo_close                              0x080055fd   Thumb Code    16  servo.o(.text.servo_close)
    servo_init                               0x0800560d   Thumb Code    38  servo.o(.text.servo_init)
    servo_open                               0x08005635   Thumb Code    16  servo.o(.text.servo_open)
    servo_task                               0x08005645   Thumb Code   114  app.o(.text.servo_task)
    uart_task                                0x080056b9   Thumb Code   324  app.o(.text.uart_task)
    uxListRemove                             0x080057fd   Thumb Code    76  list.o(.text.uxListRemove)
    vListInitialise                          0x08005849   Thumb Code    50  list.o(.text.vListInitialise)
    vListInitialiseItem                      0x0800587d   Thumb Code    18  list.o(.text.vListInitialiseItem)
    vListInsert                              0x08005891   Thumb Code   116  list.o(.text.vListInsert)
    vListInsertEnd                           0x08005905   Thumb Code    66  list.o(.text.vListInsertEnd)
    vPortEnterCritical                       0x08005949   Thumb Code    96  port.o(.text.vPortEnterCritical)
    vPortExitCritical                        0x080059a9   Thumb Code    86  port.o(.text.vPortExitCritical)
    vPortFree                                0x08005a01   Thumb Code   216  heap_4.o(.text.vPortFree)
    vPortSetupTimerInterrupt                 0x08005ad9   Thumb Code    74  port.o(.text.vPortSetupTimerInterrupt)
    vTaskDelay                               0x08005b25   Thumb Code   126  tasks.o(.text.vTaskDelay)
    vTaskInternalSetTimeOutState             0x08005ba5   Thumb Code    40  tasks.o(.text.vTaskInternalSetTimeOutState)
    vTaskMissedYield                         0x08005bcd   Thumb Code    14  tasks.o(.text.vTaskMissedYield)
    vTaskPlaceOnEventList                    0x08005bdd   Thumb Code    82  tasks.o(.text.vTaskPlaceOnEventList)
    vTaskPriorityDisinheritAfterTimeout      0x08005c31   Thumb Code   382  tasks.o(.text.vTaskPriorityDisinheritAfterTimeout)
    vTaskStartScheduler                      0x08005db1   Thumb Code   178  tasks.o(.text.vTaskStartScheduler)
    vTaskSuspendAll                          0x08005e65   Thumb Code    16  tasks.o(.text.vTaskSuspendAll)
    vTaskSwitchContext                       0x08005e75   Thumb Code   202  tasks.o(.text.vTaskSwitchContext)
    xPortStartScheduler                      0x08005f41   Thumb Code   236  port.o(.text.xPortStartScheduler)
    xQueueGenericCreate                      0x0800602d   Thumb Code   146  queue.o(.text.xQueueGenericCreate)
    xQueueGenericReset                       0x080060c1   Thumb Code   218  queue.o(.text.xQueueGenericReset)
    xQueueGenericSend                        0x0800619d   Thumb Code   662  queue.o(.text.xQueueGenericSend)
    xQueueReceive                            0x08006435   Thumb Code   576  queue.o(.text.xQueueReceive)
    xQueueSemaphoreTake                      0x08006675   Thumb Code   668  queue.o(.text.xQueueSemaphoreTake)
    xTaskCheckForTimeOut                     0x08006911   Thumb Code   238  tasks.o(.text.xTaskCheckForTimeOut)
    xTaskCreate                              0x08006a01   Thumb Code   180  tasks.o(.text.xTaskCreate)
    xTaskGetSchedulerState                   0x08006ab5   Thumb Code    60  tasks.o(.text.xTaskGetSchedulerState)
    xTaskGetTickCount                        0x08006af1   Thumb Code    20  tasks.o(.text.xTaskGetTickCount)
    xTaskIncrementTick                       0x08006b05   Thumb Code   472  tasks.o(.text.xTaskIncrementTick)
    xTaskPriorityDisinherit                  0x08006cdd   Thumb Code   312  tasks.o(.text.xTaskPriorityDisinherit)
    xTaskPriorityInherit                     0x08006e15   Thumb Code   326  tasks.o(.text.xTaskPriorityInherit)
    xTaskRemoveFromEventList                 0x08006f5d   Thumb Code   226  tasks.o(.text.xTaskRemoveFromEventList)
    xTaskResumeAll                           0x08007041   Thumb Code   420  tasks.o(.text.xTaskResumeAll)
    __0printf                                0x080071e5   Thumb Code    22  printfa.o(i.__0printf)
    __1printf                                0x080071e5   Thumb Code     0  printfa.o(i.__0printf)
    __2printf                                0x080071e5   Thumb Code     0  printfa.o(i.__0printf)
    __c89printf                              0x080071e5   Thumb Code     0  printfa.o(i.__0printf)
    printf                                   0x080071e5   Thumb Code     0  printfa.o(i.__0printf)
    __aeabi_errno_addr                       0x08007205   Thumb Code     4  errno.o(i.__aeabi_errno_addr)
    __rt_errno_addr                          0x08007205   Thumb Code     0  errno.o(i.__aeabi_errno_addr)
    __scatterload_copy                       0x0800720d   Thumb Code    14  handlers.o(i.__scatterload_copy)
    __scatterload_null                       0x0800721b   Thumb Code     2  handlers.o(i.__scatterload_null)
    __scatterload_zeroinit                   0x0800721d   Thumb Code    14  handlers.o(i.__scatterload_zeroinit)
    __ctype_table                            0x08007ade   Data         129  ctype_o.o(.constdata)
    AHBPrescTable                            0x08007b64   Data          16  system_stm32f1xx.o(.rodata.AHBPrescTable)
    APBPrescTable                            0x08007b74   Data           8  system_stm32f1xx.o(.rodata.APBPrescTable)
    OLED_CF16x16                             0x08007b8e   Data         980  oled_data.o(.rodata.OLED_CF16x16)
    OLED_F6x8                                0x08007f62   Data         570  oled_data.o(.rodata.OLED_F6x8)
    OLED_F8x16                               0x0800819c   Data        1520  oled_data.o(.rodata.OLED_F8x16)
    Region$$Table$$Base                      0x080088c8   Number         0  anon$$obj.o(Region$$Table)
    Region$$Table$$Limit                     0x080088e8   Number         0  anon$$obj.o(Region$$Table)
    __stdout                                 0x20000000   Data           4  stdout.o(.data)
    SystemCoreClock                          0x20000008   Data           4  system_stm32f1xx.o(.data.SystemCoreClock)
    uwTickFreq                               0x2000000d   Data           1  stm32f1xx_hal.o(.data.uwTickFreq)
    uwTickPrio                               0x20000010   Data           4  stm32f1xx_hal.o(.data.uwTickPrio)
    vehicle_flag                             0x20000018   Data           1  app.o(.data.vehicle_flag)
    OLED_DisplayBuf                          0x20000020   Data        1024  oled.o(.bss.OLED_DisplayBuf)
    Serial_flag                              0x20000420   Data           1  app.o(.bss.Serial_flag)
    g_plate_number_buf                       0x20000421   Data          32  app.o(.bss.g_plate_number_buf)
    g_vehicle_count                          0x20000444   Data           4  flash_storage.o(.bss.g_vehicle_count)
    g_vehicle_db                             0x20000448   Data        1000  flash_storage.o(.bss.g_vehicle_db)
    htim2                                    0x20000830   Data          64  tim.o(.bss.htim2)
    htim4                                    0x20000870   Data          64  stm32f1xx_hal_timebase_tim.o(.bss.htim4)
    huart1                                   0x200008b0   Data          64  usart.o(.bss.huart1)
    pxCurrentTCB                             0x200008f0   Data           4  tasks.o(.bss.pxCurrentTCB)
    rx_data                                  0x2000098c   Data           1  app.o(.bss.rx_data)
    uart_rb                                  0x2000098e   Data         132  app.o(.bss.uart_rb)
    uwTick                                   0x20003218   Data           4  stm32f1xx_hal.o(.bss.uwTick)
    xInfraredQueue                           0x20003268   Data           4  app.o(.bss.xInfraredQueue)
    xVehicleSemaphore                        0x200032c4   Data           4  app.o(.bss.xVehicleSemaphore)
    __initial_sp                             0x200036d0   Data           0  startup_stm32f103xb.o(STACK)



==============================================================================

Memory Map of the image

  Image Entry point : 0x080000ed

  Load Region LR_IROM1 (Base: 0x08000000, Size: 0x00008908, Max: 0x00010000, ABSOLUTE)

    Execution Region ER_IROM1 (Exec base: 0x08000000, Load base: 0x08000000, Size: 0x000088e8, Max: 0x00010000, ABSOLUTE)

    Exec Addr    Load Addr    Size         Type   Attr      Idx    E Section Name        Object

    0x08000000   0x08000000   0x000000ec   Data   RO            3    RESET               startup_stm32f103xb.o
    0x080000ec   0x080000ec   0x00000000   Code   RO         1656  * .ARM.Collect$$$$00000000  mc_w.l(entry.o)
    0x080000ec   0x080000ec   0x00000004   Code   RO         1754    .ARM.Collect$$$$00000001  mc_w.l(entry2.o)
    0x080000f0   0x080000f0   0x00000004   Code   RO         1757    .ARM.Collect$$$$00000004  mc_w.l(entry5.o)
    0x080000f4   0x080000f4   0x00000000   Code   RO         1759    .ARM.Collect$$$$00000008  mc_w.l(entry7b.o)
    0x080000f4   0x080000f4   0x00000000   Code   RO         1761    .ARM.Collect$$$$0000000A  mc_w.l(entry8b.o)
    0x080000f4   0x080000f4   0x00000008   Code   RO         1762    .ARM.Collect$$$$0000000B  mc_w.l(entry9a.o)
    0x080000fc   0x080000fc   0x00000000   Code   RO         1764    .ARM.Collect$$$$0000000D  mc_w.l(entry10a.o)
    0x080000fc   0x080000fc   0x00000000   Code   RO         1766    .ARM.Collect$$$$0000000F  mc_w.l(entry11a.o)
    0x080000fc   0x080000fc   0x00000004   Code   RO         1755    .ARM.Collect$$$$00002712  mc_w.l(entry2.o)
    0x08000100   0x08000100   0x00000024   Code   RO            4    .text               startup_stm32f103xb.o
    0x08000124   0x08000124   0x00000024   Code   RO         1659    .text               mc_w.l(memcpya.o)
    0x08000148   0x08000148   0x00000024   Code   RO         1661    .text               mc_w.l(memseta.o)
    0x0800016c   0x0800016c   0x00000024   Code   RO         1663    .text               mc_w.l(strstr.o)
    0x08000190   0x08000190   0x00000018   Code   RO         1665    .text               mc_w.l(strncpy.o)
    0x080001a8   0x080001a8   0x0000001c   Code   RO         1667    .text               mc_w.l(strcmp.o)
    0x080001c4   0x080001c4   0x00000012   Code   RO         1669    .text               mc_w.l(strcpy.o)
    0x080001d6   0x080001d6   0x0000001a   Code   RO         1701    .text               mc_w.l(atoi.o)
    0x080001f0   0x080001f0   0x0000014e   Code   RO         1705    .text               mf_w.l(dadd.o)
    0x0800033e   0x0800033e   0x000000e4   Code   RO         1707    .text               mf_w.l(dmul.o)
    0x08000422   0x08000422   0x000000de   Code   RO         1709    .text               mf_w.l(ddiv.o)
    0x08000500   0x08000500   0x0000002c   Code   RO         1769    .text               mc_w.l(uidiv.o)
    0x0800052c   0x0800052c   0x00000062   Code   RO         1771    .text               mc_w.l(uldiv.o)
    0x0800058e   0x0800058e   0x0000001e   Code   RO         1773    .text               mc_w.l(llshl.o)
    0x080005ac   0x080005ac   0x00000020   Code   RO         1775    .text               mc_w.l(llushr.o)
    0x080005cc   0x080005cc   0x00000024   Code   RO         1777    .text               mc_w.l(llsshr.o)
    0x080005f0   0x080005f0   0x00000070   Code   RO         1786    .text               mc_w.l(strtol.o)
    0x08000660   0x08000660   0x00000000   Code   RO         1788    .text               mc_w.l(iusefp.o)
    0x08000660   0x08000660   0x000000ba   Code   RO         1791    .text               mf_w.l(depilogue.o)
    0x0800071a   0x0800071a   0x00000030   Code   RO         1793    .text               mf_w.l(dfixul.o)
    0x0800074a   0x0800074a   0x00000002   PAD
    0x0800074c   0x0800074c   0x00000030   Code   RO         1797    .text               mf_w.l(cdrcmple.o)
    0x0800077c   0x0800077c   0x00000024   Code   RO         1803    .text               mc_w.l(init.o)
    0x080007a0   0x080007a0   0x00000008   Code   RO         1805    .text               mc_w.l(ctype_o.o)
    0x080007a8   0x080007a8   0x0000009e   Code   RO         1833    .text               mc_w.l(_strtoul.o)
    0x08000846   0x08000846   0x0000001c   Code   RO         1837    .text               mc_w.l(_chval.o)
    0x08000862   0x08000862   0x00000002   PAD
    0x08000864   0x08000864   0x0000008a   Code   RO         1436    .text.Add_Vehicle   app.o
    0x080008ee   0x080008ee   0x00000002   PAD
    0x080008f0   0x080008f0   0x00000004   Code   RO           83    .text.BusFault_Handler  stm32f1xx_it.o
    0x080008f4   0x080008f4   0x00000002   Code   RO           87    .text.DebugMon_Handler  stm32f1xx_it.o
    0x080008f6   0x080008f6   0x00000002   PAD
    0x080008f8   0x080008f8   0x0000000e   Code   RO           15    .text.Error_Handler  main.o
    0x08000906   0x08000906   0x00000002   PAD
    0x08000908   0x08000908   0x0000005e   Code   RO         1434    .text.Find_Vehicle  app.o
    0x08000966   0x08000966   0x00000002   PAD
    0x08000968   0x08000968   0x00000014   Code   RO         1597    .text.Green_LED_Off  led.o
    0x0800097c   0x0800097c   0x00000014   Code   RO         1595    .text.Green_LED_On  led.o
    0x08000990   0x08000990   0x00000122   Code   RO          635    .text.HAL_DMA_Abort_IT  stm32f1xx_hal_dma.o
    0x08000ab2   0x08000ab2   0x00000002   PAD
    0x08000ab4   0x08000ab4   0x0000004e   Code   RO          494    .text.HAL_Delay     stm32f1xx_hal.o
    0x08000b02   0x08000b02   0x00000002   PAD
    0x08000b04   0x08000b04   0x00000338   Code   RO          597    .text.HAL_GPIO_Init  stm32f1xx_hal_gpio.o
    0x08000e3c   0x08000e3c   0x00000036   Code   RO          601    .text.HAL_GPIO_ReadPin  stm32f1xx_hal_gpio.o
    0x08000e72   0x08000e72   0x00000002   PAD
    0x08000e74   0x08000e74   0x00000036   Code   RO          605    .text.HAL_GPIO_TogglePin  stm32f1xx_hal_gpio.o
    0x08000eaa   0x08000eaa   0x00000002   PAD
    0x08000eac   0x08000eac   0x00000042   Code   RO          603    .text.HAL_GPIO_WritePin  stm32f1xx_hal_gpio.o
    0x08000eee   0x08000eee   0x00000002   PAD
    0x08000ef0   0x08000ef0   0x0000000c   Code   RO          486    .text.HAL_GetTick   stm32f1xx_hal.o
    0x08000efc   0x08000efc   0x0000001a   Code   RO          484    .text.HAL_IncTick   stm32f1xx_hal.o
    0x08000f16   0x08000f16   0x00000002   PAD
    0x08000f18   0x08000f18   0x0000002c   Code   RO          474    .text.HAL_Init      stm32f1xx_hal.o
    0x08000f44   0x08000f44   0x00000100   Code   RO          115    .text.HAL_InitTick  stm32f1xx_hal_timebase_tim.o
    0x08001044   0x08001044   0x00000068   Code   RO          103    .text.HAL_MspInit   stm32f1xx_hal_msp.o
    0x080010ac   0x080010ac   0x00000018   Code   RO          671    .text.HAL_NVIC_EnableIRQ  stm32f1xx_hal_cortex.o
    0x080010c4   0x080010c4   0x00000046   Code   RO          663    .text.HAL_NVIC_SetPriority  stm32f1xx_hal_cortex.o
    0x0800110a   0x0800110a   0x00000002   PAD
    0x0800110c   0x0800110c   0x00000014   Code   RO          659    .text.HAL_NVIC_SetPriorityGrouping  stm32f1xx_hal_cortex.o
    0x08001120   0x08001120   0x0000026a   Code   RO          543    .text.HAL_RCC_ClockConfig  stm32f1xx_hal_rcc.o
    0x0800138a   0x0800138a   0x00000002   PAD
    0x0800138c   0x0800138c   0x00000068   Code   RO          561    .text.HAL_RCC_GetClockConfig  stm32f1xx_hal_rcc.o
    0x080013f4   0x080013f4   0x0000000c   Code   RO          553    .text.HAL_RCC_GetHCLKFreq  stm32f1xx_hal_rcc.o
    0x08001400   0x08001400   0x00000026   Code   RO          555    .text.HAL_RCC_GetPCLK1Freq  stm32f1xx_hal_rcc.o
    0x08001426   0x08001426   0x00000002   PAD
    0x08001428   0x08001428   0x00000026   Code   RO          557    .text.HAL_RCC_GetPCLK2Freq  stm32f1xx_hal_rcc.o
    0x0800144e   0x0800144e   0x00000002   PAD
    0x08001450   0x08001450   0x000000be   Code   RO          545    .text.HAL_RCC_GetSysClockFreq  stm32f1xx_hal_rcc.o
    0x0800150e   0x0800150e   0x00000002   PAD
    0x08001510   0x08001510   0x000006c0   Code   RO          539    .text.HAL_RCC_OscConfig  stm32f1xx_hal_rcc.o
    0x08001bd0   0x08001bd0   0x0000000c   Code   RO          460    .text.HAL_TIMEx_BreakCallback  stm32f1xx_hal_tim_ex.o
    0x08001bdc   0x08001bdc   0x0000000c   Code   RO          456    .text.HAL_TIMEx_CommutCallback  stm32f1xx_hal_tim_ex.o
    0x08001be8   0x08001be8   0x000000a0   Code   RO          450    .text.HAL_TIMEx_MasterConfigSynchronization  stm32f1xx_hal_tim_ex.o
    0x08001c88   0x08001c88   0x00000066   Code   RO          148    .text.HAL_TIM_Base_Init  stm32f1xx_hal_tim.o
    0x08001cee   0x08001cee   0x00000002   PAD
    0x08001cf0   0x08001cf0   0x0000003a   Code   RO           45    .text.HAL_TIM_Base_MspInit  tim.o
    0x08001d2a   0x08001d2a   0x00000002   PAD
    0x08001d2c   0x08001d2c   0x0000003c   Code   RO          162    .text.HAL_TIM_Base_Start_IT  stm32f1xx_hal_tim.o
    0x08001d68   0x08001d68   0x0000019e   Code   RO          336    .text.HAL_TIM_ConfigClockSource  stm32f1xx_hal_tim.o
    0x08001f06   0x08001f06   0x00000002   PAD
    0x08001f08   0x08001f08   0x0000000c   Code   RO          284    .text.HAL_TIM_IC_CaptureCallback  stm32f1xx_hal_tim.o
    0x08001f14   0x08001f14   0x0000028a   Code   RO          282    .text.HAL_TIM_IRQHandler  stm32f1xx_hal_tim.o
    0x0800219e   0x0800219e   0x00000002   PAD
    0x080021a0   0x080021a0   0x0000005e   Code   RO           43    .text.HAL_TIM_MspPostInit  tim.o
    0x080021fe   0x080021fe   0x00000002   PAD
    0x08002200   0x08002200   0x0000000c   Code   RO          286    .text.HAL_TIM_OC_DelayElapsedCallback  stm32f1xx_hal_tim.o
    0x0800220c   0x0800220c   0x00000160   Code   RO          314    .text.HAL_TIM_PWM_ConfigChannel  stm32f1xx_hal_tim.o
    0x0800236c   0x0800236c   0x00000066   Code   RO          202    .text.HAL_TIM_PWM_Init  stm32f1xx_hal_tim.o
    0x080023d2   0x080023d2   0x00000002   PAD
    0x080023d4   0x080023d4   0x0000000c   Code   RO          204    .text.HAL_TIM_PWM_MspInit  stm32f1xx_hal_tim.o
    0x080023e0   0x080023e0   0x0000000c   Code   RO          288    .text.HAL_TIM_PWM_PulseFinishedCallback  stm32f1xx_hal_tim.o
    0x080023ec   0x080023ec   0x00000068   Code   RO          210    .text.HAL_TIM_PWM_Start  stm32f1xx_hal_tim.o
    0x08002454   0x08002454   0x00000026   Code   RO           17    .text.HAL_TIM_PeriodElapsedCallback  main.o
    0x0800247a   0x0800247a   0x00000002   PAD
    0x0800247c   0x0800247c   0x0000000c   Code   RO          292    .text.HAL_TIM_TriggerCallback  stm32f1xx_hal_tim.o
    0x08002488   0x08002488   0x0000000c   Code   RO          964    .text.HAL_UART_ErrorCallback  stm32f1xx_hal_uart.o
    0x08002494   0x08002494   0x00000220   Code   RO          958    .text.HAL_UART_IRQHandler  stm32f1xx_hal_uart.o
    0x080026b4   0x080026b4   0x000000a6   Code   RO          882    .text.HAL_UART_Init  stm32f1xx_hal_uart.o
    0x0800275a   0x0800275a   0x00000002   PAD
    0x0800275c   0x0800275c   0x000000b6   Code   RO           62    .text.HAL_UART_MspInit  usart.o
    0x08002812   0x08002812   0x00000002   PAD
    0x08002814   0x08002814   0x000000d0   Code   RO          906    .text.HAL_UART_Receive_IT  stm32f1xx_hal_uart.o
    0x080028e4   0x080028e4   0x0000004e   Code   RO         1438    .text.HAL_UART_RxCpltCallback  app.o
    0x08002932   0x08002932   0x00000002   PAD
    0x08002934   0x08002934   0x00000180   Code   RO          898    .text.HAL_UART_Transmit  stm32f1xx_hal_uart.o
    0x08002ab4   0x08002ab4   0x0000000c   Code   RO          970    .text.HAL_UART_TxCpltCallback  stm32f1xx_hal_uart.o
    0x08002ac0   0x08002ac0   0x00000004   Code   RO           79    .text.HardFault_Handler  stm32f1xx_it.o
    0x08002ac4   0x08002ac4   0x0000013e   Code   RO           29    .text.MX_GPIO_Init  gpio.o
    0x08002c02   0x08002c02   0x00000002   PAD
    0x08002c04   0x08002c04   0x000000ea   Code   RO           41    .text.MX_TIM2_Init  tim.o
    0x08002cee   0x08002cee   0x00000002   PAD
    0x08002cf0   0x08002cf0   0x0000003c   Code   RO           60    .text.MX_USART1_UART_Init  usart.o
    0x08002d2c   0x08002d2c   0x00000004   Code   RO           81    .text.MemManage_Handler  stm32f1xx_it.o
    0x08002d30   0x08002d30   0x00000004   Code   RO           77    .text.NMI_Handler   stm32f1xx_it.o
    0x08002d34   0x08002d34   0x00000080   Code   RO          669    .text.NVIC_EncodePriority  stm32f1xx_hal_cortex.o
    0x08002db4   0x08002db4   0x0000005e   Code   RO         1526    .text.OLED_Clear    oled.o
    0x08002e12   0x08002e12   0x00000002   PAD
    0x08002e14   0x08002e14   0x00000102   Code   RO         1528    .text.OLED_ClearArea  oled.o
    0x08002f16   0x08002f16   0x00000002   PAD
    0x08002f18   0x08002f18   0x0000001c   Code   RO         1500    .text.OLED_GPIO_Init  oled.o
    0x08002f34   0x08002f34   0x00000066   Code   RO         1506    .text.OLED_I2C_SendByte  oled.o
    0x08002f9a   0x08002f9a   0x00000002   PAD
    0x08002f9c   0x08002f9c   0x00000024   Code   RO         1502    .text.OLED_I2C_Start  oled.o
    0x08002fc0   0x08002fc0   0x0000001c   Code   RO         1504    .text.OLED_I2C_Stop  oled.o
    0x08002fdc   0x08002fdc   0x00000092   Code   RO         1512    .text.OLED_Init     oled.o
    0x0800306e   0x0800306e   0x00000002   PAD
    0x08003070   0x08003070   0x00000030   Code   RO         1516    .text.OLED_Pow      oled.o
    0x080030a0   0x080030a0   0x0000003e   Code   RO         1514    .text.OLED_SetCursor  oled.o
    0x080030de   0x080030de   0x00000002   PAD
    0x080030e0   0x080030e0   0x000000a4   Code   RO         1534    .text.OLED_ShowChar  oled.o
    0x08003184   0x08003184   0x0000011a   Code   RO         1550    .text.OLED_ShowChinese  oled.o
    0x0800329e   0x0800329e   0x00000002   PAD
    0x080032a0   0x080032a0   0x00000172   Code   RO         1536    .text.OLED_ShowImage  oled.o
    0x08003412   0x08003412   0x00000002   PAD
    0x08003414   0x08003414   0x000000b6   Code   RO         1540    .text.OLED_ShowNum  oled.o
    0x080034ca   0x080034ca   0x00000002   PAD
    0x080034cc   0x080034cc   0x00000078   Code   RO         1538    .text.OLED_ShowString  oled.o
    0x08003544   0x08003544   0x00000048   Code   RO         1522    .text.OLED_Update   oled.o
    0x0800358c   0x0800358c   0x00000026   Code   RO         1496    .text.OLED_W_SCL    oled.o
    0x080035b2   0x080035b2   0x00000002   PAD
    0x080035b4   0x080035b4   0x00000026   Code   RO         1498    .text.OLED_W_SDA    oled.o
    0x080035da   0x080035da   0x00000002   PAD
    0x080035dc   0x080035dc   0x0000002c   Code   RO         1508    .text.OLED_WriteCommand  oled.o
    0x08003608   0x08003608   0x0000005a   Code   RO         1510    .text.OLED_WriteData  oled.o
    0x08003662   0x08003662   0x0000000e   PAD
    0x08003670   0x08003670   0x00000044   Code   RO         1412    .text.PendSV_Handler  port.o
    0x080036b4   0x080036b4   0x00000040   Code   RO          541    .text.RCC_Delay     stm32f1xx_hal_rcc.o
    0x080036f4   0x080036f4   0x00000014   Code   RO         1621    .text.Read_Infrared_State  infrared.o
    0x08003708   0x08003708   0x00000014   Code   RO         1605    .text.Red_LED_Off   led.o
    0x0800371c   0x0800371c   0x00000014   Code   RO         1603    .text.Red_LED_On    led.o
    0x08003730   0x08003730   0x00000024   Code   RO         1398    .text.SVC_Handler   port.o
    0x08003754   0x08003754   0x0000003e   Code   RO         1414    .text.SysTick_Handler  port.o
    0x08003792   0x08003792   0x00000002   PAD
    0x08003794   0x08003794   0x0000007a   Code   RO           13    .text.SystemClock_Config  main.o
    0x0800380e   0x0800380e   0x00000002   PAD
    0x08003810   0x08003810   0x00000060   Code   RO         1002    .text.SystemInit    system_stm32f1xx.o
    0x08003870   0x08003870   0x00000010   Code   RO           89    .text.TIM4_IRQHandler  stm32f1xx_it.o
    0x08003880   0x08003880   0x000000f8   Code   RO          152    .text.TIM_Base_SetConfig  stm32f1xx_hal_tim.o
    0x08003978   0x08003978   0x0000004a   Code   RO          186    .text.TIM_CCxChannelCmd  stm32f1xx_hal_tim.o
    0x080039c2   0x080039c2   0x00000002   PAD
    0x080039c4   0x080039c4   0x0000004a   Code   RO          334    .text.TIM_ETR_SetConfig  stm32f1xx_hal_tim.o
    0x08003a0e   0x08003a0e   0x00000002   PAD
    0x08003a10   0x08003a10   0x00000032   Code   RO          340    .text.TIM_ITRx_SetConfig  stm32f1xx_hal_tim.o
    0x08003a42   0x08003a42   0x00000002   PAD
    0x08003a44   0x08003a44   0x000000d6   Code   RO          296    .text.TIM_OC1_SetConfig  stm32f1xx_hal_tim.o
    0x08003b1a   0x08003b1a   0x00000002   PAD
    0x08003b1c   0x08003b1c   0x000000e0   Code   RO          298    .text.TIM_OC2_SetConfig  stm32f1xx_hal_tim.o
    0x08003bfc   0x08003bfc   0x000000de   Code   RO          300    .text.TIM_OC3_SetConfig  stm32f1xx_hal_tim.o
    0x08003cda   0x08003cda   0x00000002   PAD
    0x08003cdc   0x08003cdc   0x0000009e   Code   RO          302    .text.TIM_OC4_SetConfig  stm32f1xx_hal_tim.o
    0x08003d7a   0x08003d7a   0x00000002   PAD
    0x08003d7c   0x08003d7c   0x00000062   Code   RO          338    .text.TIM_TI1_ConfigInputStage  stm32f1xx_hal_tim.o
    0x08003dde   0x08003dde   0x00000002   PAD
    0x08003de0   0x08003de0   0x00000064   Code   RO          342    .text.TIM_TI2_ConfigInputStage  stm32f1xx_hal_tim.o
    0x08003e44   0x08003e44   0x00000024   Code   RO          962    .text.UART_DMAAbortOnError  stm32f1xx_hal_uart.o
    0x08003e68   0x08003e68   0x0000002c   Code   RO          930    .text.UART_EndRxTransfer  stm32f1xx_hal_uart.o
    0x08003e94   0x08003e94   0x0000002a   Code   RO          968    .text.UART_EndTransmit_IT  stm32f1xx_hal_uart.o
    0x08003ebe   0x08003ebe   0x00000002   PAD
    0x08003ec0   0x08003ec0   0x000000fa   Code   RO          960    .text.UART_Receive_IT  stm32f1xx_hal_uart.o
    0x08003fba   0x08003fba   0x00000002   PAD
    0x08003fbc   0x08003fbc   0x00000130   Code   RO          886    .text.UART_SetConfig  stm32f1xx_hal_uart.o
    0x080040ec   0x080040ec   0x000000aa   Code   RO          966    .text.UART_Transmit_IT  stm32f1xx_hal_uart.o
    0x08004196   0x08004196   0x00000002   PAD
    0x08004198   0x08004198   0x000000bc   Code   RO          900    .text.UART_WaitOnFlagUntilTimeout  stm32f1xx_hal_uart.o
    0x08004254   0x08004254   0x00000010   Code   RO           91    .text.USART1_IRQHandler  stm32f1xx_it.o
    0x08004264   0x08004264   0x00000004   Code   RO           85    .text.UsageFault_Handler  stm32f1xx_it.o
    0x08004268   0x08004268   0x00000014   Code   RO         1601    .text.Yellow_LED_Off  led.o
    0x0800427c   0x0800427c   0x00000014   Code   RO         1599    .text.Yellow_LED_On  led.o
    0x08004290   0x08004290   0x00000036   Code   RO          673    .text.__NVIC_EnableIRQ  stm32f1xx_hal_cortex.o
    0x080042c6   0x080042c6   0x00000002   PAD
    0x080042c8   0x080042c8   0x00000010   Code   RO          665    .text.__NVIC_GetPriorityGrouping  stm32f1xx_hal_cortex.o
    0x080042d8   0x080042d8   0x0000004a   Code   RO          667    .text.__NVIC_SetPriority  stm32f1xx_hal_cortex.o
    0x08004322   0x08004322   0x00000002   PAD
    0x08004324   0x08004324   0x00000040   Code   RO          661    .text.__NVIC_SetPriorityGrouping  stm32f1xx_hal_cortex.o
    0x08004364   0x08004364   0x0000010c   Code   RO         1454    .text.app_init      app.o
    0x08004470   0x08004470   0x00000034   Code   RO         1432    .text.fputc         app.o
    0x080044a4   0x080044a4   0x00000054   Code   RO         1450    .text.infrared_task  app.o
    0x080044f8   0x080044f8   0x0000001e   Code   RO         1446    .text.led_task      app.o
    0x08004516   0x08004516   0x00000002   PAD
    0x08004518   0x08004518   0x00000026   Code   RO           11    .text.main          main.o
    0x0800453e   0x0800453e   0x00000002   PAD
    0x08004540   0x08004540   0x0000036a   Code   RO         1452    .text.oled_task     app.o
    0x080048aa   0x080048aa   0x00000002   PAD
    0x080048ac   0x080048ac   0x00000104   Code   RO         1232    .text.prvAddCurrentTaskToDelayedList  tasks.o
    0x080049b0   0x080049b0   0x00000126   Code   RO         1220    .text.prvAddNewTaskToReadyList  tasks.o
    0x08004ad6   0x08004ad6   0x00000002   PAD
    0x08004ad8   0x08004ad8   0x00000072   Code   RO         1328    .text.prvCheckTasksWaitingTermination  tasks.o
    0x08004b4a   0x08004b4a   0x00000002   PAD
    0x08004b4c   0x08004b4c   0x00000054   Code   RO         1111    .text.prvCopyDataFromQueue  queue.o
    0x08004ba0   0x08004ba0   0x000000fe   Code   RO         1099    .text.prvCopyDataToQueue  queue.o
    0x08004c9e   0x08004c9e   0x00000002   PAD
    0x08004ca0   0x08004ca0   0x0000001c   Code   RO         1224    .text.prvDeleteTCB  tasks.o
    0x08004cbc   0x08004cbc   0x0000002c   Code   RO         1115    .text.prvGetDisinheritPriorityAfterTimeout  queue.o
    0x08004ce8   0x08004ce8   0x000000be   Code   RO         1365    .text.prvHeapInit   heap_4.o
    0x08004da6   0x08004da6   0x00000002   PAD
    0x08004da8   0x08004da8   0x00000040   Code   RO         1258    .text.prvIdleTask   tasks.o
    0x08004de8   0x08004de8   0x00000064   Code   RO         1079    .text.prvInitialiseNewQueue  queue.o
    0x08004e4c   0x08004e4c   0x0000013c   Code   RO         1218    .text.prvInitialiseNewTask  tasks.o
    0x08004f88   0x08004f88   0x00000092   Code   RO         1326    .text.prvInitialiseTaskLists  tasks.o
    0x0800501a   0x0800501a   0x00000002   PAD
    0x0800501c   0x0800501c   0x000000ca   Code   RO         1367    .text.prvInsertBlockIntoFreeList  heap_4.o
    0x080050e6   0x080050e6   0x00000002   PAD
    0x080050e8   0x080050e8   0x0000002e   Code   RO         1113    .text.prvIsQueueEmpty  queue.o
    0x08005116   0x08005116   0x00000002   PAD
    0x08005118   0x08005118   0x00000032   Code   RO         1101    .text.prvIsQueueFull  queue.o
    0x0800514a   0x0800514a   0x00000002   PAD
    0x0800514c   0x0800514c   0x00000020   Code   RO         1404    .text.prvPortStartFirstTask  port.o
    0x0800516c   0x0800516c   0x00000048   Code   RO         1226    .text.prvResetNextTaskUnblockTime  tasks.o
    0x080051b4   0x080051b4   0x00000056   Code   RO         1396    .text.prvTaskExitError  port.o
    0x0800520a   0x0800520a   0x00000002   PAD
    0x0800520c   0x0800520c   0x000000ba   Code   RO         1103    .text.prvUnlockQueue  queue.o
    0x080052c6   0x080052c6   0x00000002   PAD
    0x080052c8   0x080052c8   0x00000208   Code   RO         1363    .text.pvPortMalloc  heap_4.o
    0x080054d0   0x080054d0   0x0000002e   Code   RO         1312    .text.pvTaskIncrementMutexHeldCount  tasks.o
    0x080054fe   0x080054fe   0x00000002   PAD
    0x08005500   0x08005500   0x00000062   Code   RO         1394    .text.pxPortInitialiseStack  port.o
    0x08005562   0x08005562   0x00000002   PAD
    0x08005564   0x08005564   0x0000004c   Code   RO         1444    .text.ring_read     app.o
    0x080055b0   0x080055b0   0x0000004c   Code   RO         1440    .text.ring_write    app.o
    0x080055fc   0x080055fc   0x00000010   Code   RO         1637    .text.servo_close   servo.o
    0x0800560c   0x0800560c   0x00000026   Code   RO         1633    .text.servo_init    servo.o
    0x08005632   0x08005632   0x00000002   PAD
    0x08005634   0x08005634   0x00000010   Code   RO         1635    .text.servo_open    servo.o
    0x08005644   0x08005644   0x00000072   Code   RO         1448    .text.servo_task    app.o
    0x080056b6   0x080056b6   0x00000002   PAD
    0x080056b8   0x080056b8   0x00000144   Code   RO         1442    .text.uart_task     app.o
    0x080057fc   0x080057fc   0x0000004c   Code   RO         1063    .text.uxListRemove  list.o
    0x08005848   0x08005848   0x00000032   Code   RO         1055    .text.vListInitialise  list.o
    0x0800587a   0x0800587a   0x00000002   PAD
    0x0800587c   0x0800587c   0x00000012   Code   RO         1057    .text.vListInitialiseItem  list.o
    0x0800588e   0x0800588e   0x00000002   PAD
    0x08005890   0x08005890   0x00000074   Code   RO         1061    .text.vListInsert   list.o
    0x08005904   0x08005904   0x00000042   Code   RO         1059    .text.vListInsertEnd  list.o
    0x08005946   0x08005946   0x00000002   PAD
    0x08005948   0x08005948   0x00000060   Code   RO         1408    .text.vPortEnterCritical  port.o
    0x080059a8   0x080059a8   0x00000056   Code   RO         1410    .text.vPortExitCritical  port.o
    0x080059fe   0x080059fe   0x00000002   PAD
    0x08005a00   0x08005a00   0x000000d8   Code   RO         1369    .text.vPortFree     heap_4.o
    0x08005ad8   0x08005ad8   0x0000004a   Code   RO         1402    .text.vPortSetupTimerInterrupt  port.o
    0x08005b22   0x08005b22   0x00000002   PAD
    0x08005b24   0x08005b24   0x0000007e   Code   RO         1236    .text.vTaskDelay    tasks.o
    0x08005ba2   0x08005ba2   0x00000002   PAD
    0x08005ba4   0x08005ba4   0x00000028   Code   RO         1286    .text.vTaskInternalSetTimeOutState  tasks.o
    0x08005bcc   0x08005bcc   0x0000000e   Code   RO         1290    .text.vTaskMissedYield  tasks.o
    0x08005bda   0x08005bda   0x00000002   PAD
    0x08005bdc   0x08005bdc   0x00000052   Code   RO         1276    .text.vTaskPlaceOnEventList  tasks.o
    0x08005c2e   0x08005c2e   0x00000002   PAD
    0x08005c30   0x08005c30   0x0000017e   Code   RO         1308    .text.vTaskPriorityDisinheritAfterTimeout  tasks.o
    0x08005dae   0x08005dae   0x00000002   PAD
    0x08005db0   0x08005db0   0x000000b2   Code   RO         1256    .text.vTaskStartScheduler  tasks.o
    0x08005e62   0x08005e62   0x00000002   PAD
    0x08005e64   0x08005e64   0x00000010   Code   RO         1230    .text.vTaskSuspendAll  tasks.o
    0x08005e74   0x08005e74   0x000000ca   Code   RO         1248    .text.vTaskSwitchContext  tasks.o
    0x08005f3e   0x08005f3e   0x00000002   PAD
    0x08005f40   0x08005f40   0x000000ec   Code   RO         1400    .text.xPortStartScheduler  port.o
    0x0800602c   0x0800602c   0x00000092   Code   RO         1077    .text.xQueueGenericCreate  queue.o
    0x080060be   0x080060be   0x00000002   PAD
    0x080060c0   0x080060c0   0x000000da   Code   RO         1075    .text.xQueueGenericReset  queue.o
    0x0800619a   0x0800619a   0x00000002   PAD
    0x0800619c   0x0800619c   0x00000296   Code   RO         1091    .text.xQueueGenericSend  queue.o
    0x08006432   0x08006432   0x00000002   PAD
    0x08006434   0x08006434   0x00000240   Code   RO         1109    .text.xQueueReceive  queue.o
    0x08006674   0x08006674   0x0000029c   Code   RO         1095    .text.xQueueSemaphoreTake  queue.o
    0x08006910   0x08006910   0x000000ee   Code   RO         1288    .text.xTaskCheckForTimeOut  tasks.o
    0x080069fe   0x080069fe   0x00000002   PAD
    0x08006a00   0x08006a00   0x000000b4   Code   RO         1216    .text.xTaskCreate   tasks.o
    0x08006ab4   0x08006ab4   0x0000003c   Code   RO         1302    .text.xTaskGetSchedulerState  tasks.o
    0x08006af0   0x08006af0   0x00000014   Code   RO         1264    .text.xTaskGetTickCount  tasks.o
    0x08006b04   0x08006b04   0x000001d8   Code   RO         1262    .text.xTaskIncrementTick  tasks.o
    0x08006cdc   0x08006cdc   0x00000138   Code   RO         1306    .text.xTaskPriorityDisinherit  tasks.o
    0x08006e14   0x08006e14   0x00000146   Code   RO         1304    .text.xTaskPriorityInherit  tasks.o
    0x08006f5a   0x08006f5a   0x00000002   PAD
    0x08006f5c   0x08006f5c   0x000000e2   Code   RO         1280    .text.xTaskRemoveFromEventList  tasks.o
    0x0800703e   0x0800703e   0x00000002   PAD
    0x08007040   0x08007040   0x000001a4   Code   RO         1234    .text.xTaskResumeAll  tasks.o
    0x080071e4   0x080071e4   0x00000020   Code   RO         1674    i.__0printf         mc_w.l(printfa.o)
    0x08007204   0x08007204   0x00000008   Code   RO         1779    i.__aeabi_errno_addr  mc_w.l(errno.o)
    0x0800720c   0x0800720c   0x0000000e   Code   RO         1841    i.__scatterload_copy  mc_w.l(handlers.o)
    0x0800721a   0x0800721a   0x00000002   Code   RO         1842    i.__scatterload_null  mc_w.l(handlers.o)
    0x0800721c   0x0800721c   0x0000000e   Code   RO         1843    i.__scatterload_zeroinit  mc_w.l(handlers.o)
    0x0800722a   0x0800722a   0x00000002   PAD
    0x0800722c   0x0800722c   0x00000184   Code   RO         1681    i._fp_digits        mc_w.l(printfa.o)
    0x080073b0   0x080073b0   0x000006dc   Code   RO         1682    i._printf_core      mc_w.l(printfa.o)
    0x08007a8c   0x08007a8c   0x00000024   Code   RO         1683    i._printf_post_padding  mc_w.l(printfa.o)
    0x08007ab0   0x08007ab0   0x0000002e   Code   RO         1684    i._printf_pre_padding  mc_w.l(printfa.o)
    0x08007ade   0x08007ade   0x00000081   Data   RO         1806    .constdata          mc_w.l(ctype_o.o)
    0x08007b5f   0x08007b5f   0x00000001   PAD
    0x08007b60   0x08007b60   0x00000004   Data   RO         1807    .constdata          mc_w.l(ctype_o.o)
    0x08007b64   0x08007b64   0x00000010   Data   RO         1007    .rodata.AHBPrescTable  system_stm32f1xx.o
    0x08007b74   0x08007b74   0x00000008   Data   RO         1008    .rodata.APBPrescTable  system_stm32f1xx.o
    0x08007b7c   0x08007b7c   0x00000010   Data   RO          567    .rodata.HAL_RCC_GetSysClockFreq.aPLLMULFactorTable  stm32f1xx_hal_rcc.o
    0x08007b8c   0x08007b8c   0x00000002   Data   RO          568    .rodata.HAL_RCC_GetSysClockFreq.aPredivFactorTable  stm32f1xx_hal_rcc.o
    0x08007b8e   0x08007b8e   0x000003d4   Data   RO         1584    .rodata.OLED_CF16x16  oled_data.o
    0x08007f62   0x08007f62   0x0000023a   Data   RO         1583    .rodata.OLED_F6x8   oled_data.o
    0x0800819c   0x0800819c   0x000005f0   Data   RO         1582    .rodata.OLED_F8x16  oled_data.o
    0x0800878c   0x0800878c   0x0000002b   Data   RO         1147    .rodata.str1.1      queue.o
    0x080087b7   0x080087b7   0x00000020   Data   RO         1339    .rodata.str1.1      tasks.o
    0x080087d7   0x080087d7   0x0000002d   Data   RO         1379    .rodata.str1.1      heap_4.o
    0x08008804   0x08008804   0x0000002f   Data   RO         1420    .rodata.str1.1      port.o
    0x08008833   0x08008833   0x00000092   Data   RO         1465    .rodata.str1.1      app.o
    0x080088c5   0x080088c5   0x00000003   PAD
    0x080088c8   0x080088c8   0x00000020   Data   RO         1839    Region$$Table       anon$$obj.o


    Execution Region RW_IRAM1 (Exec base: 0x20000000, Load base: 0x080088e8, Size: 0x000036d0, Max: 0x00005000, ABSOLUTE)

    Exec Addr    Load Addr    Size         Type   Attr      Idx    E Section Name        Object

    0x20000000   0x080088e8   0x00000004   Data   RW         1768    .data               mc_w.l(stdout.o)
    0x20000004   0x080088ec   0x00000004   Data   RW         1782    .data               mc_w.l(errno.o)
    0x20000008   0x080088f0   0x00000004   Data   RW         1006    .data.SystemCoreClock  system_stm32f1xx.o
    0x2000000c   0x080088f4   0x00000001   Data   RW         1464    .data.oled_task.Empty_place  app.o
    0x2000000d   0x080088f5   0x00000001   Data   RW          525    .data.uwTickFreq    stm32f1xx_hal.o
    0x2000000e   0x080088f6   0x00000002   PAD
    0x20000010   0x080088f8   0x00000004   Data   RW          524    .data.uwTickPrio    stm32f1xx_hal.o
    0x20000014   0x080088fc   0x00000004   Data   RW         1421    .data.uxCriticalNesting  port.o
    0x20000018   0x08008900   0x00000001   Data   RW         1456    .data.vehicle_flag  app.o
    0x20000019   0x08008901   0x00000007   PAD
    0x20000020        -       0x00000400   Zero   RW         1570    .bss.OLED_DisplayBuf  oled.o
    0x20000420        -       0x00000001   Zero   RW         1458    .bss.Serial_flag    app.o
    0x20000421        -       0x00000020   Zero   RW         1460    .bss.g_plate_number_buf  app.o
    0x20000441   0x08008901   0x00000003   PAD
    0x20000444        -       0x00000004   Zero   RW         1484    .bss.g_vehicle_count  flash_storage.o
    0x20000448        -       0x000003e8   Zero   RW         1485    .bss.g_vehicle_db   flash_storage.o
    0x20000830        -       0x00000040   Zero   RW           49    .bss.htim2          tim.o
    0x20000870        -       0x00000040   Zero   RW          121    .bss.htim4          stm32f1xx_hal_timebase_tim.o
    0x200008b0        -       0x00000040   Zero   RW           66    .bss.huart1         usart.o
    0x200008f0        -       0x00000004   Zero   RW         1330    .bss.pxCurrentTCB   tasks.o
    0x200008f4        -       0x00000004   Zero   RW         1341    .bss.pxDelayedTaskList  tasks.o
    0x200008f8        -       0x00000004   Zero   RW         1377    .bss.pxEnd          heap_4.o
    0x200008fc        -       0x00000004   Zero   RW         1342    .bss.pxOverflowDelayedTaskList  tasks.o
    0x20000900        -       0x0000008c   Zero   RW         1331    .bss.pxReadyTasksLists  tasks.o
    0x2000098c        -       0x00000001   Zero   RW         1459    .bss.rx_data        app.o
    0x2000098d   0x08008901   0x00000001   PAD
    0x2000098e        -       0x00000084   Zero   RW         1457    .bss.uart_rb        app.o
    0x20000a12        -       0x00002800   Zero   RW         1383    .bss.ucHeap         heap_4.o
    0x20003212        -       0x00000001   Zero   RW         1418    .bss.ucMaxSysCallPriority  port.o
    0x20003213   0x08008901   0x00000001   PAD
    0x20003214        -       0x00000004   Zero   RW         1419    .bss.ulMaxPRIGROUPValue  port.o
    0x20003218        -       0x00000004   Zero   RW          526    .bss.uwTick         stm32f1xx_hal.o
    0x2000321c        -       0x00000004   Zero   RW         1336    .bss.uxCurrentNumberOfTasks  tasks.o
    0x20003220        -       0x00000004   Zero   RW         1335    .bss.uxDeletedTasksWaitingCleanUp  tasks.o
    0x20003224        -       0x00000004   Zero   RW         1348    .bss.uxPendedTicks  tasks.o
    0x20003228        -       0x00000004   Zero   RW         1338    .bss.uxSchedulerSuspended  tasks.o
    0x2000322c        -       0x00000004   Zero   RW         1333    .bss.uxTaskNumber   tasks.o
    0x20003230        -       0x00000004   Zero   RW         1332    .bss.uxTopReadyPriority  tasks.o
    0x20003234        -       0x00000004   Zero   RW         1378    .bss.xBlockAllocatedBit  heap_4.o
    0x20003238        -       0x00000014   Zero   RW         1350    .bss.xDelayedTaskList1  tasks.o
    0x2000324c        -       0x00000014   Zero   RW         1351    .bss.xDelayedTaskList2  tasks.o
    0x20003260        -       0x00000004   Zero   RW         1380    .bss.xFreeBytesRemaining  heap_4.o
    0x20003264        -       0x00000004   Zero   RW         1345    .bss.xIdleTaskHandle  tasks.o
    0x20003268        -       0x00000004   Zero   RW         1461    .bss.xInfraredQueue  app.o
    0x2000326c        -       0x00000004   Zero   RW         1382    .bss.xMinimumEverFreeBytesRemaining  heap_4.o
    0x20003270        -       0x00000004   Zero   RW         1346    .bss.xNextTaskUnblockTime  tasks.o
    0x20003274        -       0x00000004   Zero   RW         1349    .bss.xNumOfOverflows  tasks.o
    0x20003278        -       0x00000014   Zero   RW         1344    .bss.xPendingReadyList  tasks.o
    0x2000328c        -       0x00000004   Zero   RW         1337    .bss.xSchedulerRunning  tasks.o
    0x20003290        -       0x00000008   Zero   RW         1381    .bss.xStart         heap_4.o
    0x20003298        -       0x00000014   Zero   RW         1343    .bss.xSuspendedTaskList  tasks.o
    0x200032ac        -       0x00000014   Zero   RW         1334    .bss.xTasksWaitingTermination  tasks.o
    0x200032c0        -       0x00000004   Zero   RW         1340    .bss.xTickCount     tasks.o
    0x200032c4        -       0x00000004   Zero   RW         1462    .bss.xVehicleSemaphore  app.o
    0x200032c8        -       0x00000004   Zero   RW         1347    .bss.xYieldPending  tasks.o
    0x200032cc   0x08008901   0x00000004   PAD
    0x200032d0        -       0x00000400   Zero   RW            1    STACK               startup_stm32f103xb.o


==============================================================================

Image component sizes


      Code (inc. data)   RO Data    RW Data    ZI Data      Debug   Object Name

      2208          0        146          2        174       7598   app.o
         0          0          0          0       1004       2319   flash_storage.o
       318          0          0          0          0       1711   gpio.o
      1128          0         45          0      10264       3496   heap_4.o
        20          0          0          0          0       1002   infrared.o
       120          0          0          0          0       1801   led.o
       326          0          0          0          0       2395   list.o
       212          0          0          0          0       4602   main.o
      2202          0          0          0       1024      14789   oled.o
         0          0       3070          0          0        897   oled_data.o
       874         12         47          4          5       3907   port.o
      3034          0         43          0          0      14356   queue.o
        70          0          0          0          0        593   servo.o
        36          8        236          0       1024        764   startup_stm32f103xb.o
       160          0          0          5          4       6308   stm32f1xx_hal.o
       450          0          0          0          0       8430   stm32f1xx_hal_cortex.o
       290          0          0          0          0       6722   stm32f1xx_hal_dma.o
       998          0          0          0          0       4551   stm32f1xx_hal_gpio.o
       104          0          0          0          0       1247   stm32f1xx_hal_msp.o
      2792          0         18          0          0       7395   stm32f1xx_hal_rcc.o
      3306         14          0          0          0      34104   stm32f1xx_hal_tim.o
       184          0          0          0          0      13849   stm32f1xx_hal_tim_ex.o
       256          0          0          0         64       5706   stm32f1xx_hal_timebase_tim.o
      2360          0          0          0          0      16643   stm32f1xx_hal_uart.o
        54          0          0          0          0       1152   stm32f1xx_it.o
        96          0         24          4          0       2269   system_stm32f1xx.o
      4634          0         32          0        300      22390   tasks.o
       386          0          0          0         64       5393   tim.o
       242          0          0          0         64       5501   usart.o

    ----------------------------------------------------------------------
     27044         34       3696         20      14004     201890   Object Totals
         0          0         32          0          0          0   (incl. Generated)
       184          0          3          5         13          0   (incl. Padding)

    ----------------------------------------------------------------------

      Code (inc. data)   RO Data    RW Data    ZI Data      Debug   Library Member Name

        28          0          0          0          0         68   _chval.o
       158          0          0          0          0         92   _strtoul.o
        26          0          0          0          0         80   atoi.o
         8          4        133          0          0         68   ctype_o.o
         0          0          0          0          0          0   entry.o
         0          0          0          0          0          0   entry10a.o
         0          0          0          0          0          0   entry11a.o
         8          4          0          0          0          0   entry2.o
         4          0          0          0          0          0   entry5.o
         0          0          0          0          0          0   entry7b.o
         0          0          0          0          0          0   entry8b.o
         8          4          0          0          0          0   entry9a.o
         8          4          0          4          0         68   errno.o
        30          0          0          0          0          0   handlers.o
        36          8          0          0          0         68   init.o
         0          0          0          0          0          0   iusefp.o
        30          0          0          0          0         68   llshl.o
        36          0          0          0          0         68   llsshr.o
        32          0          0          0          0         68   llushr.o
        36          0          0          0          0         68   memcpya.o
        36          0          0          0          0        108   memseta.o
      2258         90          0          0          0        452   printfa.o
         0          0          0          4          0          0   stdout.o
        28          0          0          0          0         76   strcmp.o
        18          0          0          0          0         68   strcpy.o
        24          0          0          0          0         76   strncpy.o
        36          0          0          0          0         80   strstr.o
       112          0          0          0          0         88   strtol.o
        44          0          0          0          0         80   uidiv.o
        98          0          0          0          0         92   uldiv.o
        48          0          0          0          0         68   cdrcmple.o
       334          0          0          0          0        148   dadd.o
       222          0          0          0          0        100   ddiv.o
       186          0          0          0          0        176   depilogue.o
        48          0          0          0          0         68   dfixul.o
       228          0          0          0          0         96   dmul.o

    ----------------------------------------------------------------------
      4174        114        134          8          0       2492   Library Totals
         6          0          1          0          0          0   (incl. Padding)

    ----------------------------------------------------------------------

      Code (inc. data)   RO Data    RW Data    ZI Data      Debug   Library Name

      3102        114        133          8          0       1836   mc_w.l
      1066          0          0          0          0        656   mf_w.l

    ----------------------------------------------------------------------
      4174        114        134          8          0       2492   Library Totals

    ----------------------------------------------------------------------

==============================================================================


      Code (inc. data)   RO Data    RW Data    ZI Data      Debug   

     31218        148       3830         28      14004     202834   Grand Totals
     31218        148       3830         28      14004     202834   ELF Image Totals
     31218        148       3830         28          0          0   ROM Totals

==============================================================================

    Total RO  Size (Code + RO Data)                35048 (  34.23kB)
    Total RW  Size (RW Data + ZI Data)             14032 (  13.70kB)
    Total ROM Size (Code + RO Data + RW Data)      35076 (  34.25kB)

==============================================================================

